Component: Arm Compiler for Embedded 6.22 Tool: armlink [5ee90200]

==============================================================================

Section Cross References

    startup_stm32f427xx.o(STACK) refers (Special) to heapauxi.o(.text) for __use_two_region_memory
    startup_stm32f427xx.o(HEAP) refers (Special) to heapauxi.o(.text) for __use_two_region_memory
    startup_stm32f427xx.o(RESET) refers (Special) to heapauxi.o(.text) for __use_two_region_memory
    startup_stm32f427xx.o(RESET) refers to startup_stm32f427xx.o(STACK) for __initial_sp
    startup_stm32f427xx.o(RESET) refers to startup_stm32f427xx.o(.text) for Reset_Handler
    startup_stm32f427xx.o(RESET) refers to stm32f4xx_it.o(.text.NMI_Handler) for NMI_Handler
    startup_stm32f427xx.o(RESET) refers to stm32f4xx_it.o(.text.HardFault_Handler) for HardFault_Handler
    startup_stm32f427xx.o(RESET) refers to stm32f4xx_it.o(.text.MemManage_Handler) for MemManage_Handler
    startup_stm32f427xx.o(RESET) refers to stm32f4xx_it.o(.text.BusFault_Handler) for BusFault_Handler
    startup_stm32f427xx.o(RESET) refers to stm32f4xx_it.o(.text.UsageFault_Handler) for UsageFault_Handler
    startup_stm32f427xx.o(RESET) refers to stm32f4xx_it.o(.text.SVC_Handler) for SVC_Handler
    startup_stm32f427xx.o(RESET) refers to stm32f4xx_it.o(.text.DebugMon_Handler) for DebugMon_Handler
    startup_stm32f427xx.o(RESET) refers to stm32f4xx_it.o(.text.PendSV_Handler) for PendSV_Handler
    startup_stm32f427xx.o(RESET) refers to stm32f4xx_it.o(.text.SysTick_Handler) for SysTick_Handler
    startup_stm32f427xx.o(RESET) refers to stm32f4xx_it.o(.text.DMA1_Stream1_IRQHandler) for DMA1_Stream1_IRQHandler
    startup_stm32f427xx.o(RESET) refers to stm32f4xx_it.o(.text.USART1_IRQHandler) for USART1_IRQHandler
    startup_stm32f427xx.o(RESET) refers to stm32f4xx_it.o(.text.USART3_IRQHandler) for USART3_IRQHandler
    startup_stm32f427xx.o(RESET) refers to stm32f4xx_it.o(.text.DMA2_Stream7_IRQHandler) for DMA2_Stream7_IRQHandler
    startup_stm32f427xx.o(.text) refers (Special) to heapauxi.o(.text) for __use_two_region_memory
    startup_stm32f427xx.o(.text) refers to system_stm32f4xx.o(.text.SystemInit) for SystemInit
    startup_stm32f427xx.o(.text) refers to __main.o(!!!main) for __main
    startup_stm32f427xx.o(.text) refers to startup_stm32f427xx.o(HEAP) for Heap_Mem
    startup_stm32f427xx.o(.text) refers to startup_stm32f427xx.o(STACK) for Stack_Mem
    get_enum_string.o(.text._Z23get_switch_state_stringN2RC15RCSwitchState_eE) refers to get_enum_string.o(.rodata.str1.1) for .L.str.3
    get_enum_string.o(.ARM.exidx.text._Z23get_switch_state_stringN2RC15RCSwitchState_eE) refers to get_enum_string.o(.text._Z23get_switch_state_stringN2RC15RCSwitchState_eE) for [Anonymous Symbol]
    get_enum_string.o(.text._Z28get_mouse_press_state_stringN2RC17MousePressState_eE) refers to get_enum_string.o(.rodata.str1.1) for .L.str.5
    get_enum_string.o(.ARM.exidx.text._Z28get_mouse_press_state_stringN2RC17MousePressState_eE) refers to get_enum_string.o(.text._Z28get_mouse_press_state_stringN2RC17MousePressState_eE) for [Anonymous Symbol]
    get_enum_string.o(.text._Z26get_key_press_state_stringN2RC15KeyPressState_eE) refers to get_enum_string.o(.rodata.str1.1) for .L.str.5
    get_enum_string.o(.ARM.exidx.text._Z26get_key_press_state_stringN2RC15KeyPressState_eE) refers to get_enum_string.o(.text._Z26get_key_press_state_stringN2RC15KeyPressState_eE) for [Anonymous Symbol]
    linearmap.o(.ARM.exidx.text._Z9linearmapjffff) refers to linearmap.o(.text._Z9linearmapjffff) for [Anonymous Symbol]
    rc.o(.text) refers (Special) to _printf_percent.o(.ARM.Collect$$_printf_percent$$00000000) for _printf_percent
    rc.o(.text) refers (Special) to _printf_s.o(.ARM.Collect$$_printf_percent$$00000014) for _printf_s
    rc.o(.text) refers (Special) to _printf_f.o(.ARM.Collect$$_printf_percent$$00000003) for _printf_f
    rc.o(.text) refers (Special) to printf1.o(x$fpl$printf1) for _printf_fp_dec
    rc.o(.text) refers (Special) to _printf_str.o(.text) for _printf_str
    rc.o(.text._ZN2RCC2Ev) refers (Special) to _printf_percent.o(.ARM.Collect$$_printf_percent$$00000000) for _printf_percent
    rc.o(.text._ZN2RCC2Ev) refers (Special) to _printf_s.o(.ARM.Collect$$_printf_percent$$00000014) for _printf_s
    rc.o(.text._ZN2RCC2Ev) refers (Special) to _printf_f.o(.ARM.Collect$$_printf_percent$$00000003) for _printf_f
    rc.o(.text._ZN2RCC2Ev) refers (Special) to printf1.o(x$fpl$printf1) for _printf_fp_dec
    rc.o(.text._ZN2RCC2Ev) refers (Special) to _printf_str.o(.text) for _printf_str
    rc.o(.ARM.exidx.text._ZN2RCC2Ev) refers (Special) to _printf_percent.o(.ARM.Collect$$_printf_percent$$00000000) for _printf_percent
    rc.o(.ARM.exidx.text._ZN2RCC2Ev) refers (Special) to _printf_s.o(.ARM.Collect$$_printf_percent$$00000014) for _printf_s
    rc.o(.ARM.exidx.text._ZN2RCC2Ev) refers (Special) to _printf_f.o(.ARM.Collect$$_printf_percent$$00000003) for _printf_f
[...]
    ../clib/signal.c                         0x00000000   Number         0  __raise.o ABSOLUTE
    ../clib/signal.c                         0x00000000   Number         0  defsig_general.o ABSOLUTE
    ../clib/signal.c                         0x00000000   Number         0  defsig_rtmem_inner.o ABSOLUTE
    ../clib/signal.c                         0x00000000   Number         0  defsig_abrt_inner.o ABSOLUTE
    ../clib/signal.c                         0x00000000   Number         0  defsig_rtred_inner.o ABSOLUTE
    ../clib/signal.c                         0x00000000   Number         0  defsig_stak_inner.o ABSOLUTE
    ../clib/signal.c                         0x00000000   Number         0  defsig_pvfn_inner.o ABSOLUTE
    ../clib/signal.c                         0x00000000   Number         0  defsig_cppl_inner.o ABSOLUTE
    ../clib/signal.c                         0x00000000   Number         0  defsig_segv_inner.o ABSOLUTE
    ../clib/signal.c                         0x00000000   Number         0  defsig_other.o ABSOLUTE
    ../clib/signal.s                         0x00000000   Number         0  defsig.o ABSOLUTE
    ../clib/stdlib.c                         0x00000000   Number         0  exit.o ABSOLUTE
    ../clib/string.c                         0x00000000   Number         0  strlen.o ABSOLUTE
    ../fplib/dretinf.s                       0x00000000   Number         0  dretinf.o ABSOLUTE
    ../fplib/f2d.s                           0x00000000   Number         0  f2d.o ABSOLUTE
    ../fplib/fnaninf.s                       0x00000000   Number         0  fnaninf.o ABSOLUTE
    ../fplib/fpinit.s                        0x00000000   Number         0  fpinit.o ABSOLUTE
    ../fplib/istatus.s                       0x00000000   Number         0  istatus.o ABSOLUTE
    ../fplib/printf1.s                       0x00000000   Number         0  printf1.o ABSOLUTE
    ../fplib/usenofp.s                       0x00000000   Number         0  usenofp.o ABSOLUTE
    ../mathlib/fpclassify.c                  0x00000000   Number         0  fpclassify.o ABSOLUTE
    RC.cpp                                   0x00000000   Number         0  rc.o ABSOLUTE
    RXeventCallback.cpp                      0x00000000   Number         0  rxeventcallback.o ABSOLUTE
    dc.s                                     0x00000000   Number         0  dc.o ABSOLUTE
    dma.c                                    0x00000000   Number         0  dma.o ABSOLUTE
    get_enum_string.cpp                      0x00000000   Number         0  get_enum_string.o ABSOLUTE
    gpio.c                                   0x00000000   Number         0  gpio.o ABSOLUTE
    linearmap.cpp                            0x00000000   Number         0  linearmap.o ABSOLUTE
    main.cpp                                 0x00000000   Number         0  main.o ABSOLUTE
    startup_stm32f427xx.s                    0x00000000   Number         0  startup_stm32f427xx.o ABSOLUTE
    stm32f4xx_hal.c                          0x00000000   Number         0  stm32f4xx_hal.o ABSOLUTE
    stm32f4xx_hal_cortex.c                   0x00000000   Number         0  stm32f4xx_hal_cortex.o ABSOLUTE
    stm32f4xx_hal_dma.c                      0x00000000   Number         0  stm32f4xx_hal_dma.o ABSOLUTE
    stm32f4xx_hal_dma_ex.c                   0x00000000   Number         0  stm32f4xx_hal_dma_ex.o ABSOLUTE
    stm32f4xx_hal_exti.c                     0x00000000   Number         0  stm32f4xx_hal_exti.o ABSOLUTE
    stm32f4xx_hal_flash.c                    0x00000000   Number         0  stm32f4xx_hal_flash.o ABSOLUTE
    stm32f4xx_hal_flash_ex.c                 0x00000000   Number         0  stm32f4xx_hal_flash_ex.o ABSOLUTE
    stm32f4xx_hal_flash_ramfunc.c            0x00000000   Number         0  stm32f4xx_hal_flash_ramfunc.o ABSOLUTE
    stm32f4xx_hal_gpio.c                     0x00000000   Number         0  stm32f4xx_hal_gpio.o ABSOLUTE
    stm32f4xx_hal_msp.c                      0x00000000   Number         0  stm32f4xx_hal_msp.o ABSOLUTE
    stm32f4xx_hal_pwr.c                      0x00000000   Number         0  stm32f4xx_hal_pwr.o ABSOLUTE
    stm32f4xx_hal_pwr_ex.c                   0x00000000   Number         0  stm32f4xx_hal_pwr_ex.o ABSOLUTE
    stm32f4xx_hal_rcc.c                      0x00000000   Number         0  stm32f4xx_hal_rcc.o ABSOLUTE
    stm32f4xx_hal_rcc_ex.c                   0x00000000   Number         0  stm32f4xx_hal_rcc_ex.o ABSOLUTE
    stm32f4xx_hal_tim.c                      0x00000000   Number         0  stm32f4xx_hal_tim.o ABSOLUTE
    stm32f4xx_hal_tim_ex.c                   0x00000000   Number         0  stm32f4xx_hal_tim_ex.o ABSOLUTE
    stm32f4xx_hal_uart.c                     0x00000000   Number         0  stm32f4xx_hal_uart.o ABSOLUTE
    stm32f4xx_it.c                           0x00000000   Number         0  stm32f4xx_it.o ABSOLUTE
    system_stm32f4xx.c                       0x00000000   Number         0  system_stm32f4xx.o ABSOLUTE
    usart.c                                  0x00000000   Number         0  usart.o ABSOLUTE
    RESET                                    0x08000000   Section      428  startup_stm32f427xx.o(RESET)
    !!!main                                  0x080001ac   Section        8  __main.o(!!!main)
    !!!scatter                               0x080001b4   Section       92  __scatter.o(!!!scatter)
    !!handler_copy                           0x08000210   Section       26  __scatter_copy.o(!!handler_copy)
    !!handler_null                           0x0800022c   Section        2  __scatter.o(!!handler_null)
    !!handler_zi                             0x08000230   Section       28  __scatter_zi.o(!!handler_zi)
    .ARM.Collect$$_printf_percent$$00000000  0x0800024c   Section        0  _printf_percent.o(.ARM.Collect$$_printf_percent$$00000000)
    .ARM.Collect$$_printf_percent$$00000003  0x0800024c   Section        6  _printf_f.o(.ARM.Collect$$_printf_percent$$00000003)
    .ARM.Collect$$_printf_percent$$00000014  0x08000252   Section        6  _printf_s.o(.ARM.Collect$$_printf_percent$$00000014)
    .ARM.Collect$$_printf_percent$$00000017  0x08000258   Section        4  _printf_percent_end.o(.ARM.Collect$$_printf_percent$$00000017)
    .ARM.Collect$$libinit$$00000000          0x0800025c   Section        2  libinit.o(.ARM.Collect$$libinit$$00000000)
    .ARM.Collect$$libinit$$00000001          0x0800025e   Section        4  libinit2.o(.ARM.Collect$$libinit$$00000001)
    .ARM.Collect$$libinit$$00000004          0x08000262   Section        0  libinit2.o(.ARM.Collect$$libinit$$00000004)
    .ARM.Collect$$libinit$$00000006          0x08000262   Section        0  libinit2.o(.ARM.Collect$$libinit$$00000006)
    .ARM.Collect$$libinit$$0000000C          0x08000262   Section        0  libinit2.o(.ARM.Collect$$libinit$$0000000C)
    .ARM.Collect$$libinit$$0000000E          0x08000262   Section        0  libinit2.o(.ARM.Collect$$libinit$$0000000E)
    .ARM.Collect$$libinit$$00000010          0x08000262   Section        0  libinit2.o(.ARM.Collect$$libinit$$00000010)
    .ARM.Collect$$libinit$$00000011          0x08000262   Section        6  libinit2.o(.ARM.Collect$$libinit$$00000011)
    .ARM.Collect$$libinit$$00000013          0x08000268   Section        0  libinit2.o(.ARM.Collect$$libinit$$00000013)
    .ARM.Collect$$libinit$$00000015          0x08000268   Section        0  libinit2.o(.ARM.Collect$$libinit$$00000015)
    .ARM.Collect$$libinit$$00000017          0x08000268   Section        0  libinit2.o(.ARM.Collect$$libinit$$00000017)
    .ARM.Collect$$libinit$$00000018          0x08000268   Section       10  libinit2.o(.ARM.Collect$$libinit$$00000018)
    .ARM.Collect$$libinit$$00000019          0x08000272   Section        0  libinit2.o(.ARM.Collect$$libinit$$00000019)
    .ARM.Collect$$libinit$$0000001B          0x08000272   Section        0  libinit2.o(.ARM.Collect$$libinit$$0000001B)
    .ARM.Collect$$libinit$$0000001D          0x08000272   Section        0  libinit2.o(.ARM.Collect$$libinit$$0000001D)
    .ARM.Collect$$libinit$$0000001F          0x08000272   Section        0  libinit2.o(.ARM.Collect$$libinit$$0000001F)
    .ARM.Collect$$libinit$$00000021          0x08000272   Section        0  libinit2.o(.ARM.Collect$$libinit$$00000021)
    .ARM.Collect$$libinit$$00000023          0x08000272   Section        0  libinit2.o(.ARM.Collect$$libinit$$00000023)
    .ARM.Collect$$libinit$$00000025          0x08000272   Section        0  libinit2.o(.ARM.Collect$$libinit$$00000025)
    .ARM.Collect$$libinit$$00000027          0x08000272   Section        0  libinit2.o(.ARM.Collect$$libinit$$00000027)
    .ARM.Collect$$libinit$$0000002E          0x08000272   Section        0  libinit2.o(.ARM.Collect$$libinit$$0000002E)
    .ARM.Collect$$libinit$$00000030          0x08000272   Section        0  libinit2.o(.ARM.Collect$$libinit$$00000030)
    .ARM.Collect$$libinit$$00000032          0x08000272   Section        0  libinit2.o(.ARM.Collect$$libinit$$00000032)
    .ARM.Collect$$libinit$$00000033          0x08000272   Section        4  libinit2.o(.ARM.Collect$$libinit$$00000033)
    .ARM.Collect$$libinit$$00000034          0x08000276   Section        0  libinit2.o(.ARM.Collect$$libinit$$00000034)
    .ARM.Collect$$libinit$$00000035          0x08000276   Section        2  libinit2.o(.ARM.Collect$$libinit$$00000035)
    .ARM.Collect$$libshutdown$$00000000      0x08000278   Section        2  libshutdown.o(.ARM.Collect$$libshutdown$$00000000)
    .ARM.Collect$$libshutdown$$00000002      0x0800027a   Section        0  libshutdown2.o(.ARM.Collect$$libshutdown$$00000002)
    .ARM.Collect$$libshutdown$$00000004      0x0800027a   Section        0  libshutdown2.o(.ARM.Collect$$libshutdown$$00000004)
    .ARM.Collect$$libshutdown$$00000007      0x0800027a   Section        0  libshutdown2.o(.ARM.Collect$$libshutdown$$00000007)
    .ARM.Collect$$libshutdown$$0000000A      0x0800027a   Section        0  libshutdown2.o(.ARM.Collect$$libshutdown$$0000000A)
    .ARM.Collect$$libshutdown$$0000000C      0x0800027a   Section        0  libshutdown2.o(.ARM.Collect$$libshutdown$$0000000C)
    .ARM.Collect$$libshutdown$$0000000F      0x0800027a   Section        0  libshutdown2.o(.ARM.Collect$$libshutdown$$0000000F)
    .ARM.Collect$$libshutdown$$00000010      0x0800027a   Section        2  libshutdown2.o(.ARM.Collect$$libshutdown$$00000010)
    .ARM.Collect$$rtentry$$00000000          0x0800027c   Section        0  __rtentry.o(.ARM.Collect$$rtentry$$00000000)
    .ARM.Collect$$rtentry$$00000002          0x0800027c   Section        0  __rtentry2.o(.ARM.Collect$$rtentry$$00000002)
    .ARM.Collect$$rtentry$$00000004          0x0800027c   Section        6  __rtentry4.o(.ARM.Collect$$rtentry$$00000004)
    .ARM.Collect$$rtentry$$00000009          0x08000282   Section        0  __rtentry2.o(.ARM.Collect$$rtentry$$00000009)
    .ARM.Collect$$rtentry$$0000000A          0x08000282   Section        4  __rtentry2.o(.ARM.Collect$$rtentry$$0000000A)
    .ARM.Collect$$rtentry$$0000000C          0x08000286   Section        0  __rtentry2.o(.ARM.Collect$$rtentry$$0000000C)
    .ARM.Collect$$rtentry$$0000000D          0x08000286   Section        8  __rtentry2.o(.ARM.Collect$$rtentry$$0000000D)
    .ARM.Collect$$rtexit$$00000000           0x0800028e   Section        2  rtexit.o(.ARM.Collect$$rtexit$$00000000)
    .ARM.Collect$$rtexit$$00000002           0x08000290   Section        0  rtexit2.o(.ARM.Collect$$rtexit$$00000002)
    .ARM.Collect$$rtexit$$00000003           0x08000290   Section        4  rtexit2.o(.ARM.Collect$$rtexit$$00000003)
    .ARM.Collect$$rtexit$$00000004           0x08000294   Section        6  rtexit2.o(.ARM.Collect$$rtexit$$00000004)
    $v0                                      0x0800029c   Number         0  startup_stm32f427xx.o(.text)
    .text                                    0x0800029c   Section       64  startup_stm32f427xx.o(.text)
    .text                                    0x080002dc   Section      240  lludivv7m.o(.text)
    .text                                    0x080003cc   Section        0  noretval__2snprintf.o(.text)
    .text                                    0x0800040c   Section        0  _printf_str.o(.text)
    .text                                    0x0800045e   Section        0  __printf_wp.o(.text)
    .text                                    0x0800056c   Section        0  strlen.o(.text)
    .text                                    0x080005aa   Section       78  rt_memclr_w.o(.text)
    .text                                    0x080005f8   Section        0  heapauxi.o(.text)
    .text                                    0x08000600   Section        0  init_aeabi.o(.text)
    _fp_digits                               0x0800062d   Thumb Code   432  _printf_fp_dec.o(.text)
    .text                                    0x0800062c   Section        0  _printf_fp_dec.o(.text)
    _printf_input_char                       0x08000a49   Thumb Code    10  _printf_char_common.o(.text)
    .text                                    0x08000a48   Section        0  _printf_char_common.o(.text)
    .text                                    0x08000a78   Section        0  _snputc.o(.text)
    .text                                    0x08000a88   Section        0  _printf_char.o(.text)
    .text                                    0x08000ab4   Section        8  rt_locale_intlibspace.o(.text)
    .text                                    0x08000abc   Section      138  lludiv10.o(.text)
    .text                                    0x08000b48   Section        0  _printf_fp_infnan.o(.text)
    .text                                    0x08000bc8   Section        0  bigflt0.o(.text)
    .text                                    0x08000cac   Section        8  libspace.o(.text)
    .text                                    0x08000cb4   Section       74  sys_stackheap_outer.o(.text)
    .text                                    0x08000cfe   Section        0  exit.o(.text)
    .text                                    0x08000d10   Section      124  strcmpv7em.o(.text)
    .text                                    0x08000d8c   Section        0  sys_exit.o(.text)
    .text                                    0x08000d98   Section        2  use_no_semi.o(.text)
    .text                                    0x08000d9a   Section        0  indicate_semi.o(.text)
    [Anonymous Symbol]                       0x08000d9c   Section        0  stm32f4xx_it.o(.text.BusFault_Handler)
    [Anonymous Symbol]                       0x08000da0   Section        0  stm32f4xx_it.o(.text.DMA1_Stream1_IRQHandler)
    [Anonymous Symbol]                       0x08000dac   Section        0  stm32f4xx_it.o(.text.DMA2_Stream7_IRQHandler)
    [Anonymous Symbol]                       0x08000db8   Section        0  stm32f4xx_it.o(.text.DebugMon_Handler)
    [Anonymous Symbol]                       0x08000dbc   Section        0  main.o(.text.Error_Handler)
    [Anonymous Symbol]                       0x08000dc0   Section        0  stm32f4xx_hal_dma.o(.text.HAL_DMA_Abort)
    [Anonymous Symbol]                       0x08000e50   Section        0  stm32f4xx_hal_dma.o(.text.HAL_DMA_Abort_IT)
    [Anonymous Symbol]                       0x08000e74   Section        0  stm32f4xx_hal_dma.o(.text.HAL_DMA_IRQHandler)
    [Anonymous Symbol]                       0x08001038   Section        0  stm32f4xx_hal_dma.o(.text.HAL_DMA_Init)
    [Anonymous Symbol]                       0x0800119c   Section        0  stm32f4xx_hal_dma.o(.text.HAL_DMA_Start_IT)
    [Anonymous Symbol]                       0x08001240   Section        0  stm32f4xx_hal_gpio.o(.text.HAL_GPIO_Init)
    [Anonymous Symbol]                       0x080013e0   Section        0  stm32f4xx_hal.o(.text.HAL_GetTick)
    [Anonymous Symbol]                       0x080013ec   Section        0  stm32f4xx_hal.o(.text.HAL_IncTick)
    [Anonymous Symbol]                       0x08001408   Section        0  stm32f4xx_hal.o(.text.HAL_Init)
    [Anonymous Symbol]                       0x08001440   Section        0  stm32f4xx_hal.o(.text.HAL_InitTick)
    [Anonymous Symbol]                       0x08001488   Section        0  stm32f4xx_hal_msp.o(.text.HAL_MspInit)
    [Anonymous Symbol]                       0x080014c0   Section        0  stm32f4xx_hal_cortex.o(.text.HAL_NVIC_EnableIRQ)
    [Anonymous Symbol]                       0x080014e4   Section        0  stm32f4xx_hal_cortex.o(.text.HAL_NVIC_SetPriority)
    [Anonymous Symbol]                       0x0800153c   Section        0  stm32f4xx_hal_cortex.o(.text.HAL_NVIC_SetPriorityGrouping)
    [Anonymous Symbol]                       0x0800155c   Section        0  stm32f4xx_hal_rcc.o(.text.HAL_RCC_ClockConfig)
    [Anonymous Symbol]                       0x080016c0   Section        0  stm32f4xx_hal_rcc.o(.text.HAL_RCC_GetPCLK1Freq)
    [Anonymous Symbol]                       0x080016e8   Section        0  stm32f4xx_hal_rcc.o(.text.HAL_RCC_GetPCLK2Freq)
    [Anonymous Symbol]                       0x08001710   Section        0  stm32f4xx_hal_rcc.o(.text.HAL_RCC_GetSysClockFreq)
    [Anonymous Symbol]                       0x0800177c   Section        0  stm32f4xx_hal_rcc.o(.text.HAL_RCC_OscConfig)
    [Anonymous Symbol]                       0x08001b28   Section        0  stm32f4xx_hal_cortex.o(.text.HAL_SYSTICK_Config)
    [Anonymous Symbol]                       0x08001b54   Section        0  stm32f4xx_hal_uart.o(.text.HAL_UARTEx_ReceiveToIdle_DMA)
    [Anonymous Symbol]                       0x08001d38   Section        0  rxeventcallback.o(.text.HAL_UARTEx_RxEventCallback)
    [Anonymous Symbol]                       0x08001db4   Section        0  stm32f4xx_hal_uart.o(.text.HAL_UART_ErrorCallback)
    [Anonymous Symbol]                       0x08001db8   Section        0  stm32f4xx_hal_uart.o(.text.HAL_UART_IRQHandler)
    [Anonymous Symbol]                       0x08002328   Section        0  stm32f4xx_hal_uart.o(.text.HAL_UART_Init)
    [Anonymous Symbol]                       0x08002388   Section        0  usart.o(.text.HAL_UART_MspInit)
    [Anonymous Symbol]                       0x08002500   Section        0  stm32f4xx_hal_uart.o(.text.HAL_UART_RxCpltCallback)
    [Anonymous Symbol]                       0x08002504   Section        0  stm32f4xx_hal_uart.o(.text.HAL_UART_RxHalfCpltCallback)
    [Anonymous Symbol]                       0x08002508   Section        0  stm32f4xx_hal_uart.o(.text.HAL_UART_Transmit_DMA)
    [Anonymous Symbol]                       0x080025c4   Section        0  stm32f4xx_hal_uart.o(.text.HAL_UART_TxCpltCallback)
    [Anonymous Symbol]                       0x080025c8   Section        0  stm32f4xx_hal_uart.o(.text.HAL_UART_TxHalfCpltCallback)
    [Anonymous Symbol]                       0x080025cc   Section        0  stm32f4xx_it.o(.text.HardFault_Handler)
    [Anonymous Symbol]                       0x080025d0   Section        0  dma.o(.text.MX_DMA_Init)
    [Anonymous Symbol]                       0x0800262c   Section        0  gpio.o(.text.MX_GPIO_Init)
    [Anonymous Symbol]                       0x08002664   Section        0  usart.o(.text.MX_USART1_UART_Init)
    [Anonymous Symbol]                       0x080026a8   Section        0  usart.o(.text.MX_USART3_UART_Init)
    [Anonymous Symbol]                       0x080026e8   Section        0  stm32f4xx_it.o(.text.MemManage_Handler)
    [Anonymous Symbol]                       0x080026ec   Section        0  stm32f4xx_it.o(.text.NMI_Handler)
    [Anonymous Symbol]                       0x080026f0   Section        0  stm32f4xx_it.o(.text.PendSV_Handler)
    [Anonymous Symbol]                       0x080026f4   Section        0  stm32f4xx_it.o(.text.SVC_Handler)
    [Anonymous Symbol]                       0x080026f8   Section        0  stm32f4xx_it.o(.text.SysTick_Handler)
    [Anonymous Symbol]                       0x080026fc   Section        0  system_stm32f4xx.o(.text.SystemInit)
    UART_DMAAbortOnError                     0x08002711   Thumb Code    12  stm32f4xx_hal_uart.o(.text.UART_DMAAbortOnError)
    [Anonymous Symbol]                       0x08002710   Section        0  stm32f4xx_hal_uart.o(.text.UART_DMAAbortOnError)
    UART_DMAError                            0x0800271d   Thumb Code   380  stm32f4xx_hal_uart.o(.text.UART_DMAError)
    [Anonymous Symbol]                       0x0800271c   Section        0  stm32f4xx_hal_uart.o(.text.UART_DMAError)
    UART_DMAReceiveCplt                      0x08002899   Thumb Code   350  stm32f4xx_hal_uart.o(.text.UART_DMAReceiveCplt)
    [Anonymous Symbol]                       0x08002898   Section        0  stm32f4xx_hal_uart.o(.text.UART_DMAReceiveCplt)
    UART_DMARxHalfCplt                       0x080029f9   Thumb Code    24  stm32f4xx_hal_uart.o(.text.UART_DMARxHalfCplt)
    [Anonymous Symbol]                       0x080029f8   Section        0  stm32f4xx_hal_uart.o(.text.UART_DMARxHalfCplt)
    UART_DMATransmitCplt                     0x08002a11   Thumb Code   176  stm32f4xx_hal_uart.o(.text.UART_DMATransmitCplt)
    [Anonymous Symbol]                       0x08002a10   Section        0  stm32f4xx_hal_uart.o(.text.UART_DMATransmitCplt)
    UART_DMATxHalfCplt                       0x08002ac1   Thumb Code     6  stm32f4xx_hal_uart.o(.text.UART_DMATxHalfCplt)
    [Anonymous Symbol]                       0x08002ac0   Section        0  stm32f4xx_hal_uart.o(.text.UART_DMATxHalfCplt)
    UART_Receive_IT                          0x08002ac9   Thumb Code   254  stm32f4xx_hal_uart.o(.text.UART_Receive_IT)
    [Anonymous Symbol]                       0x08002ac8   Section        0  stm32f4xx_hal_uart.o(.text.UART_Receive_IT)
    UART_SetConfig                           0x08002bc9   Thumb Code   230  stm32f4xx_hal_uart.o(.text.UART_SetConfig)
    [Anonymous Symbol]                       0x08002bc8   Section        0  stm32f4xx_hal_uart.o(.text.UART_SetConfig)
    [Anonymous Symbol]                       0x08002cb0   Section        0  stm32f4xx_it.o(.text.USART1_IRQHandler)
    [Anonymous Symbol]                       0x08002cbc   Section        0  stm32f4xx_it.o(.text.USART3_IRQHandler)
    [Anonymous Symbol]                       0x08002cc8   Section        0  stm32f4xx_it.o(.text.UsageFault_Handler)
    _GLOBAL__sub_I_main.cpp                  0x08002ccd   Thumb Code    14  main.o(.text._GLOBAL__sub_I_main.cpp)
    [Anonymous Symbol]                       0x08002ccc   Section        0  main.o(.text._GLOBAL__sub_I_main.cpp)
    [Anonymous Symbol]                       0x08002cdc   Section        0  get_enum_string.o(.text._Z23get_switch_state_stringN2RC15RCSwitchState_eE)
    [Anonymous Symbol]                       0x08002d00   Section        0  get_enum_string.o(.text._Z26get_key_press_state_stringN2RC15KeyPressState_eE)
    [Anonymous Symbol]                       0x08002d28   Section        0  get_enum_string.o(.text._Z28get_mouse_press_state_stringN2RC17MousePressState_eE)
    [Anonymous Symbol]                       0x08002d50   Section        0  linearmap.o(.text._Z9linearmapjffff)
    [Anonymous Symbol]                       0x08002d74   Section        0  rc.o(.text._ZN2RC10Get_bufferEv)
    [Anonymous Symbol]                       0x08002d78   Section        0  rc.o(.text._ZN2RC13Transmit_DataEv)
    __arm_cp.22_11                           0x08003170   Number         4  rc.o(.text._ZN2RC13Transmit_DataEv)
    __arm_cp.22_12                           0x08003174   Number         4  rc.o(.text._ZN2RC13Transmit_DataEv)
    [Anonymous Symbol]                       0x08003248   Section        0  rc.o(.text._ZN2RC8Get_dataEv)
    [Anonymous Symbol]                       0x0800324c   Section        0  rc.o(.text._ZN2RCC2Ev)
    [Anonymous Symbol]                       0x08003278   Section        0  main.o(.text.main)
    CL$$btod_d2e                             0x08003382   Section       62  btod.o(CL$$btod_d2e)
    CL$$btod_d2e_denorm_low                  0x080033c0   Section       70  btod.o(CL$$btod_d2e_denorm_low)
    CL$$btod_d2e_norm_op1                    0x08003406   Section       96  btod.o(CL$$btod_d2e_norm_op1)
    CL$$btod_div_common                      0x08003468   Section      824  btod.o(CL$$btod_div_common)
    CL$$btod_e2e                             0x080037a0   Section      220  btod.o(CL$$btod_e2e)
    CL$$btod_ediv                            0x0800387c   Section       42  btod.o(CL$$btod_ediv)
    CL$$btod_emul                            0x080038a6   Section       42  btod.o(CL$$btod_emul)
    CL$$btod_mult_common                     0x080038d0   Section      580  btod.o(CL$$btod_mult_common)
    i.__ARM_fpclassify                       0x08003b14   Section        0  fpclassify.o(i.__ARM_fpclassify)
    i._is_digit                              0x08003b44   Section        0  __printf_wp.o(i._is_digit)
    locale$$code                             0x08003b54   Section       44  lc_numeric_c.o(locale$$code)
    $v0                                      0x08003b80   Number         0  dretinf.o(x$fpl$dretinf)
    x$fpl$dretinf                            0x08003b80   Section       12  dretinf.o(x$fpl$dretinf)
    $v0                                      0x08003b8c   Number         0  f2d.o(x$fpl$f2d)
    x$fpl$f2d                                0x08003b8c   Section       86  f2d.o(x$fpl$f2d)
    $v0                                      0x08003be2   Number         0  fnaninf.o(x$fpl$fnaninf)
    x$fpl$fnaninf                            0x08003be2   Section      140  fnaninf.o(x$fpl$fnaninf)
    $v0                                      0x08003c6e   Number         0  fpinit.o(x$fpl$fpinit)
    x$fpl$fpinit                             0x08003c6e   Section       26  fpinit.o(x$fpl$fpinit)
    $v0                                      0x08003c88   Number         0  printf1.o(x$fpl$printf1)
    x$fpl$printf1                            0x08003c88   Section        4  printf1.o(x$fpl$printf1)
    tenpwrs_x                                0x08003c8c   Data          60  bigflt0.o(.constdata)
    .constdata                               0x08003c8c   Section      148  bigflt0.o(.constdata)
    x$fpl$usenofp                            0x08003c8c   Section        0  usenofp.o(x$fpl$usenofp)
    tenpwrs_i                                0x08003cc8   Data          64  bigflt0.o(.constdata)
    DMA_CalcBaseAndBitshift.flagBitshiftOffset 0x08003d38   Data           8  stm32f4xx_hal_dma.o(.rodata.cst8)
    [Anonymous Symbol]                       0x08003d38   Section        0  stm32f4xx_hal_dma.o(.rodata.cst8)
    .L.str.5                                 0x08003d40   Data           9  get_enum_string.o(.rodata.str1.1)
    [Anonymous Symbol]                       0x08003d40   Section        0  get_enum_string.o(.rodata.str1.1)
    .L.str.4                                 0x08003d49   Data           8  get_enum_string.o(.rodata.str1.1)
    .L.str.3                                 0x08003d5a   Data           8  get_enum_string.o(.rodata.str1.1)
    .L.str                                   0x08003d65   Data          28  rc.o(.rodata.str1.1)
    [Anonymous Symbol]                       0x08003d65   Section        0  rc.o(.rodata.str1.1)
    .L.str.1                                 0x08003d81   Data          28  rc.o(.rodata.str1.1)
    .L.str.2                                 0x08003d9d   Data          28  rc.o(.rodata.str1.1)
    .L.str.3                                 0x08003db9   Data          28  rc.o(.rodata.str1.1)
    .L.str.6                                 0x08003dd5   Data          32  rc.o(.rodata.str1.1)
    .L.str.7                                 0x08003df5   Data          32  rc.o(.rodata.str1.1)
    .L.str.10                                0x08003e15   Data          19  rc.o(.rodata.str1.1)
    .L.str.4                                 0x08003e28   Data          25  rc.o(.rodata.str1.1)
    .L.str.5                                 0x08003e41   Data          26  rc.o(.rodata.str1.1)
    .L.str.8                                 0x08003e5b   Data          30  rc.o(.rodata.str1.1)
    .L.str.9                                 0x08003e79   Data          31  rc.o(.rodata.str1.1)
    locale$$data                             0x08003eb8   Section       28  lc_numeric_c.o(locale$$data)
    __lcnum_c_name                           0x08003ebc   Data           2  lc_numeric_c.o(locale$$data)
    __lcnum_c_start                          0x08003ec4   Data           0  lc_numeric_c.o(locale$$data)
    __lcnum_c_point                          0x08003ed0   Data           0  lc_numeric_c.o(locale$$data)
    __lcnum_c_thousands                      0x08003ed2   Data           0  lc_numeric_c.o(locale$$data)
    __lcnum_c_grouping                       0x08003ed3   Data           0  lc_numeric_c.o(locale$$data)
    __lcnum_c_end                            0x08003ed4   Data           0  lc_numeric_c.o(locale$$data)
    .init_array                              0x08003ed8   Section        0  init_aeabi.o(.init_array)
    .L_MergedGlobals                         0x20000000   Data           8  stm32f4xx_hal.o(.data..L_MergedGlobals)
    [Anonymous Symbol]                       0x20000000   Section        0  stm32f4xx_hal.o(.data..L_MergedGlobals)
    .bss                                     0x20000010   Section       96  libspace.o(.bss)
    .L_MergedGlobals                         0x20000070   Data          64  main.o(.bss..L_MergedGlobals)
    [Anonymous Symbol]                       0x20000070   Section        0  main.o(.bss..L_MergedGlobals)
    Heap_Mem                                 0x20000208   Data         512  startup_stm32f427xx.o(HEAP)
    HEAP                                     0x20000208   Section      512  startup_stm32f427xx.o(HEAP)
    Stack_Mem                                0x20000408   Data        1024  startup_stm32f427xx.o(STACK)
    STACK                                    0x20000408   Section     1024  startup_stm32f427xx.o(STACK)
    __initial_sp                             0x20000808   Data           0  startup_stm32f427xx.o(STACK)

    Global Symbols

    Symbol Name                              Value     Ov Type        Size  Object(Section)

    BuildAttributes$$THM_ISAv4$E$P$D$K$B$S$7EM$VFPi3$EXTD16$VFPS$VFMA$PE$A:L22UL41UL21$X:L11$S22US41US21$IEEE1$IW$~IW$USESV6$~STKCKD$USESV7$~SHL$OTIME$ROPI$IEEEJ$EBA8$UX$STANDARDLIB$REQ8$PRES8$EABIv2 0x00000000   Number         0  anon$$obj.o ABSOLUTE
    _printf_flags                            0x00000000   Number         0  printf_stubs.o ABSOLUTE
    _printf_return_value                     0x00000000   Number         0  printf_stubs.o ABSOLUTE
    _printf_sizespec                         0x00000000   Number         0  printf_stubs.o ABSOLUTE
    _printf_widthprec                        0x00000000   Number         0  printf_stubs.o ABSOLUTE
    __ARM_exceptions_init                     - Undefined Weak Reference
    __alloca_initialize                       - Undefined Weak Reference
    __arm_preinit_                            - Undefined Weak Reference
    __arm_relocate_pie_                       - Undefined Weak Reference
    __cxa_finalize                            - Undefined Weak Reference
    __sigvec_lookup                           - Undefined Weak Reference
    _atexit_init                              - Undefined Weak Reference
    _call_atexit_fns                          - Undefined Weak Reference
    _clock_init                               - Undefined Weak Reference
    _fp_trap_init                             - Undefined Weak Reference
    _fp_trap_shutdown                         - Undefined Weak Reference
    _get_lc_collate                           - Undefined Weak Reference
    _get_lc_ctype                             - Undefined Weak Reference
    _get_lc_monetary                          - Undefined Weak Reference
    _get_lc_time                              - Undefined Weak Reference
    _getenv_init                              - Undefined Weak Reference
    _handle_redirection                       - Undefined Weak Reference
    _init_alloc                               - Undefined Weak Reference
    _init_user_alloc                          - Undefined Weak Reference
    _initio                                   - Undefined Weak Reference
    _printf_mbtowc                            - Undefined Weak Reference
    _printf_post_padding                      - Undefined Weak Reference
    _printf_pre_padding                       - Undefined Weak Reference
    _rand_init                                - Undefined Weak Reference
    _signal_finish                            - Undefined Weak Reference
    _signal_init                              - Undefined Weak Reference
    _terminate_alloc                          - Undefined Weak Reference
    _terminate_user_alloc                     - Undefined Weak Reference
    _terminateio                              - Undefined Weak Reference
    __Vectors_Size                           0x000001ac   Number         0  startup_stm32f427xx.o ABSOLUTE
    __Vectors                                0x08000000   Data           4  startup_stm32f427xx.o(RESET)
    __Vectors_End                            0x080001ac   Data           0  startup_stm32f427xx.o(RESET)
    __main                                   0x080001ad   Thumb Code     8  __main.o(!!!main)
    __scatterload                            0x080001b5   Thumb Code     0  __scatter.o(!!!scatter)
    __scatterload_rt2                        0x080001b5   Thumb Code    84  __scatter.o(!!!scatter)
    __scatterload_rt2_thumb_only             0x080001b5   Thumb Code     0  __scatter.o(!!!scatter)
    __scatterload_loop                       0x080001bf   Thumb Code     0  __scatter.o(!!!scatter)
    __scatterload_copy                       0x08000211   Thumb Code    26  __scatter_copy.o(!!handler_copy)
    __scatterload_null                       0x0800022d   Thumb Code     2  __scatter.o(!!handler_null)
    __scatterload_zeroinit                   0x08000231   Thumb Code    28  __scatter_zi.o(!!handler_zi)
    _printf_f                                0x0800024d   Thumb Code     0  _printf_f.o(.ARM.Collect$$_printf_percent$$00000003)
    _printf_percent                          0x0800024d   Thumb Code     0  _printf_percent.o(.ARM.Collect$$_printf_percent$$00000000)
    _printf_s                                0x08000253   Thumb Code     0  _printf_s.o(.ARM.Collect$$_printf_percent$$00000014)
    _printf_percent_end                      0x08000259   Thumb Code     0  _printf_percent_end.o(.ARM.Collect$$_printf_percent$$00000017)
    __rt_lib_init                            0x0800025d   Thumb Code     0  libinit.o(.ARM.Collect$$libinit$$00000000)
    __rt_lib_init_fp_1                       0x0800025f   Thumb Code     0  libinit2.o(.ARM.Collect$$libinit$$00000001)
    __rt_lib_init_heap_1                     0x08000263   Thumb Code     0  libinit2.o(.ARM.Collect$$libinit$$0000000C)
    __rt_lib_init_lc_common                  0x08000263   Thumb Code     0  libinit2.o(.ARM.Collect$$libinit$$00000011)
    __rt_lib_init_preinit_1                  0x08000263   Thumb Code     0  libinit2.o(.ARM.Collect$$libinit$$00000006)
    __rt_lib_init_rand_1                     0x08000263   Thumb Code     0  libinit2.o(.ARM.Collect$$libinit$$00000010)
    __rt_lib_init_relocate_pie_1             0x08000263   Thumb Code     0  libinit2.o(.ARM.Collect$$libinit$$00000004)
    __rt_lib_init_user_alloc_1               0x08000263   Thumb Code     0  libinit2.o(.ARM.Collect$$libinit$$0000000E)
    __rt_lib_init_lc_collate_1               0x08000269   Thumb Code     0  libinit2.o(.ARM.Collect$$libinit$$00000013)
    __rt_lib_init_lc_ctype_1                 0x08000269   Thumb Code     0  libinit2.o(.ARM.Collect$$libinit$$00000015)
    __rt_lib_init_lc_monetary_1              0x08000269   Thumb Code     0  libinit2.o(.ARM.Collect$$libinit$$00000017)
    __rt_lib_init_lc_numeric_2               0x08000269   Thumb Code     0  libinit2.o(.ARM.Collect$$libinit$$00000018)
    __rt_lib_init_alloca_1                   0x08000273   Thumb Code     0  libinit2.o(.ARM.Collect$$libinit$$00000030)
    __rt_lib_init_argv_1                     0x08000273   Thumb Code     0  libinit2.o(.ARM.Collect$$libinit$$0000002E)
    __rt_lib_init_atexit_1                   0x08000273   Thumb Code     0  libinit2.o(.ARM.Collect$$libinit$$0000001D)
    __rt_lib_init_clock_1                    0x08000273   Thumb Code     0  libinit2.o(.ARM.Collect$$libinit$$00000023)
    __rt_lib_init_cpp_2                      0x08000273   Thumb Code     0  libinit2.o(.ARM.Collect$$libinit$$00000033)
    __rt_lib_init_exceptions_1               0x08000273   Thumb Code     0  libinit2.o(.ARM.Collect$$libinit$$00000032)
    __rt_lib_init_fp_trap_1                  0x08000273   Thumb Code     0  libinit2.o(.ARM.Collect$$libinit$$00000021)
    __rt_lib_init_getenv_1                   0x08000273   Thumb Code     0  libinit2.o(.ARM.Collect$$libinit$$00000025)
    __rt_lib_init_lc_numeric_1               0x08000273   Thumb Code     0  libinit2.o(.ARM.Collect$$libinit$$00000019)
    __rt_lib_init_lc_time_1                  0x08000273   Thumb Code     0  libinit2.o(.ARM.Collect$$libinit$$0000001B)
    __rt_lib_init_signal_1                   0x08000273   Thumb Code     0  libinit2.o(.ARM.Collect$$libinit$$0000001F)
    __rt_lib_init_stdio_1                    0x08000273   Thumb Code     0  libinit2.o(.ARM.Collect$$libinit$$00000027)
    __rt_lib_init_cpp_1                      0x08000277   Thumb Code     0  libinit2.o(.ARM.Collect$$libinit$$00000034)
    __rt_lib_init_return                     0x08000277   Thumb Code     0  libinit2.o(.ARM.Collect$$libinit$$00000035)
    __rt_lib_shutdown                        0x08000279   Thumb Code     0  libshutdown.o(.ARM.Collect$$libshutdown$$00000000)
    __rt_lib_shutdown_cpp_1                  0x0800027b   Thumb Code     0  libshutdown2.o(.ARM.Collect$$libshutdown$$00000002)
    __rt_lib_shutdown_fp_trap_1              0x0800027b   Thumb Code     0  libshutdown2.o(.ARM.Collect$$libshutdown$$00000007)
    __rt_lib_shutdown_heap_1                 0x0800027b   Thumb Code     0  libshutdown2.o(.ARM.Collect$$libshutdown$$0000000F)
    __rt_lib_shutdown_return                 0x0800027b   Thumb Code     0  libshutdown2.o(.ARM.Collect$$libshutdown$$00000010)
    __rt_lib_shutdown_signal_1               0x0800027b   Thumb Code     0  libshutdown2.o(.ARM.Collect$$libshutdown$$0000000A)
    __rt_lib_shutdown_stdio_1                0x0800027b   Thumb Code     0  libshutdown2.o(.ARM.Collect$$libshutdown$$00000004)
    __rt_lib_shutdown_user_alloc_1           0x0800027b   Thumb Code     0  libshutdown2.o(.ARM.Collect$$libshutdown$$0000000C)
    __rt_entry                               0x0800027d   Thumb Code     0  __rtentry.o(.ARM.Collect$$rtentry$$00000000)
    __rt_entry_presh_1                       0x0800027d   Thumb Code     0  __rtentry2.o(.ARM.Collect$$rtentry$$00000002)
    __rt_entry_sh                            0x0800027d   Thumb Code     0  __rtentry4.o(.ARM.Collect$$rtentry$$00000004)
    __rt_entry_li                            0x08000283   Thumb Code     0  __rtentry2.o(.ARM.Collect$$rtentry$$0000000A)
    __rt_entry_postsh_1                      0x08000283   Thumb Code     0  __rtentry2.o(.ARM.Collect$$rtentry$$00000009)
    __rt_entry_main                          0x08000287   Thumb Code     0  __rtentry2.o(.ARM.Collect$$rtentry$$0000000D)
    __rt_entry_postli_1                      0x08000287   Thumb Code     0  __rtentry2.o(.ARM.Collect$$rtentry$$0000000C)
    __rt_exit                                0x0800028f   Thumb Code     0  rtexit.o(.ARM.Collect$$rtexit$$00000000)
    __rt_exit_ls                             0x08000291   Thumb Code     0  rtexit2.o(.ARM.Collect$$rtexit$$00000003)
    __rt_exit_prels_1                        0x08000291   Thumb Code     0  rtexit2.o(.ARM.Collect$$rtexit$$00000002)
    __rt_exit_exit                           0x08000295   Thumb Code     0  rtexit2.o(.ARM.Collect$$rtexit$$00000004)
    Reset_Handler                            0x0800029d   Thumb Code     8  startup_stm32f427xx.o(.text)
    ADC_IRQHandler                           0x080002b7   Thumb Code     0  startup_stm32f427xx.o(.text)
    CAN1_RX0_IRQHandler                      0x080002b7   Thumb Code     0  startup_stm32f427xx.o(.text)
    CAN1_RX1_IRQHandler                      0x080002b7   Thumb Code     0  startup_stm32f427xx.o(.text)
    CAN1_SCE_IRQHandler                      0x080002b7   Thumb Code     0  startup_stm32f427xx.o(.text)
    CAN1_TX_IRQHandler                       0x080002b7   Thumb Code     0  startup_stm32f427xx.o(.text)
    CAN2_RX0_IRQHandler                      0x080002b7   Thumb Code     0  startup_stm32f427xx.o(.text)
    CAN2_RX1_IRQHandler                      0x080002b7   Thumb Code     0  startup_stm32f427xx.o(.text)
    CAN2_SCE_IRQHandler                      0x080002b7   Thumb Code     0  startup_stm32f427xx.o(.text)
    CAN2_TX_IRQHandler                       0x080002b7   Thumb Code     0  startup_stm32f427xx.o(.text)
    DCMI_IRQHandler                          0x080002b7   Thumb Code     0  startup_stm32f427xx.o(.text)
    DMA1_Stream0_IRQHandler                  0x080002b7   Thumb Code     0  startup_stm32f427xx.o(.text)
    DMA1_Stream2_IRQHandler                  0x080002b7   Thumb Code     0  startup_stm32f427xx.o(.text)
    DMA1_Stream3_IRQHandler                  0x080002b7   Thumb Code     0  startup_stm32f427xx.o(.text)
    DMA1_Stream4_IRQHandler                  0x080002b7   Thumb Code     0  startup_stm32f427xx.o(.text)
    DMA1_Stream5_IRQHandler                  0x080002b7   Thumb Code     0  startup_stm32f427xx.o(.text)
    DMA1_Stream6_IRQHandler                  0x080002b7   Thumb Code     0  startup_stm32f427xx.o(.text)
    DMA1_Stream7_IRQHandler                  0x080002b7   Thumb Code     0  startup_stm32f427xx.o(.text)
    DMA2D_IRQHandler                         0x080002b7   Thumb Code     0  startup_stm32f427xx.o(.text)
    DMA2_Stream0_IRQHandler                  0x080002b7   Thumb Code     0  startup_stm32f427xx.o(.text)
    DMA2_Stream1_IRQHandler                  0x080002b7   Thumb Code     0  startup_stm32f427xx.o(.text)
    DMA2_Stream2_IRQHandler                  0x080002b7   Thumb Code     0  startup_stm32f427xx.o(.text)
    DMA2_Stream3_IRQHandler                  0x080002b7   Thumb Code     0  startup_stm32f427xx.o(.text)
    DMA2_Stream4_IRQHandler                  0x080002b7   Thumb Code     0  startup_stm32f427xx.o(.text)
    DMA2_Stream5_IRQHandler                  0x080002b7   Thumb Code     0  startup_stm32f427xx.o(.text)
    DMA2_Stream6_IRQHandler                  0x080002b7   Thumb Code     0  startup_stm32f427xx.o(.text)
    ETH_IRQHandler                           0x080002b7   Thumb Code     0  startup_stm32f427xx.o(.text)
    ETH_WKUP_IRQHandler                      0x080002b7   Thumb Code     0  startup_stm32f427xx.o(.text)
    EXTI0_IRQHandler                         0x080002b7   Thumb Code     0  startup_stm32f427xx.o(.text)
    EXTI15_10_IRQHandler                     0x080002b7   Thumb Code     0  startup_stm32f427xx.o(.text)
    EXTI1_IRQHandler                         0x080002b7   Thumb Code     0  startup_stm32f427xx.o(.text)
    EXTI2_IRQHandler                         0x080002b7   Thumb Code     0  startup_stm32f427xx.o(.text)
    EXTI3_IRQHandler                         0x080002b7   Thumb Code     0  startup_stm32f427xx.o(.text)
    EXTI4_IRQHandler                         0x080002b7   Thumb Code     0  startup_stm32f427xx.o(.text)
    EXTI9_5_IRQHandler                       0x080002b7   Thumb Code     0  startup_stm32f427xx.o(.text)
    FLASH_IRQHandler                         0x080002b7   Thumb Code     0  startup_stm32f427xx.o(.text)
    FMC_IRQHandler                           0x080002b7   Thumb Code     0  startup_stm32f427xx.o(.text)
    FPU_IRQHandler                           0x080002b7   Thumb Code     0  startup_stm32f427xx.o(.text)
    HASH_RNG_IRQHandler                      0x080002b7   Thumb Code     0  startup_stm32f427xx.o(.text)
    I2C1_ER_IRQHandler                       0x080002b7   Thumb Code     0  startup_stm32f427xx.o(.text)
    I2C1_EV_IRQHandler                       0x080002b7   Thumb Code     0  startup_stm32f427xx.o(.text)
    I2C2_ER_IRQHandler                       0x080002b7   Thumb Code     0  startup_stm32f427xx.o(.text)
    I2C2_EV_IRQHandler                       0x080002b7   Thumb Code     0  startup_stm32f427xx.o(.text)
    I2C3_ER_IRQHandler                       0x080002b7   Thumb Code     0  startup_stm32f427xx.o(.text)
    I2C3_EV_IRQHandler                       0x080002b7   Thumb Code     0  startup_stm32f427xx.o(.text)
    OTG_FS_IRQHandler                        0x080002b7   Thumb Code     0  startup_stm32f427xx.o(.text)
    OTG_FS_WKUP_IRQHandler                   0x080002b7   Thumb Code     0  startup_stm32f427xx.o(.text)
    OTG_HS_EP1_IN_IRQHandler                 0x080002b7   Thumb Code     0  startup_stm32f427xx.o(.text)
    OTG_HS_EP1_OUT_IRQHandler                0x080002b7   Thumb Code     0  startup_stm32f427xx.o(.text)
    OTG_HS_IRQHandler                        0x080002b7   Thumb Code     0  startup_stm32f427xx.o(.text)
    OTG_HS_WKUP_IRQHandler                   0x080002b7   Thumb Code     0  startup_stm32f427xx.o(.text)
    PVD_IRQHandler                           0x080002b7   Thumb Code     0  startup_stm32f427xx.o(.text)
    RCC_IRQHandler                           0x080002b7   Thumb Code     0  startup_stm32f427xx.o(.text)
    RTC_Alarm_IRQHandler                     0x080002b7   Thumb Code     0  startup_stm32f427xx.o(.text)
    RTC_WKUP_IRQHandler                      0x080002b7   Thumb Code     0  startup_stm32f427xx.o(.text)
    SAI1_IRQHandler                          0x080002b7   Thumb Code     0  startup_stm32f427xx.o(.text)
    SDIO_IRQHandler                          0x080002b7   Thumb Code     0  startup_stm32f427xx.o(.text)
    SPI1_IRQHandler                          0x080002b7   Thumb Code     0  startup_stm32f427xx.o(.text)
    SPI2_IRQHandler                          0x080002b7   Thumb Code     0  startup_stm32f427xx.o(.text)
    SPI3_IRQHandler                          0x080002b7   Thumb Code     0  startup_stm32f427xx.o(.text)
    SPI4_IRQHandler                          0x080002b7   Thumb Code     0  startup_stm32f427xx.o(.text)
    SPI5_IRQHandler                          0x080002b7   Thumb Code     0  startup_stm32f427xx.o(.text)
    SPI6_IRQHandler                          0x080002b7   Thumb Code     0  startup_stm32f427xx.o(.text)
    TAMP_STAMP_IRQHandler                    0x080002b7   Thumb Code     0  startup_stm32f427xx.o(.text)
    TIM1_BRK_TIM9_IRQHandler                 0x080002b7   Thumb Code     0  startup_stm32f427xx.o(.text)
    TIM1_CC_IRQHandler                       0x080002b7   Thumb Code     0  startup_stm32f427xx.o(.text)
    TIM1_TRG_COM_TIM11_IRQHandler            0x080002b7   Thumb Code     0  startup_stm32f427xx.o(.text)
    TIM1_UP_TIM10_IRQHandler                 0x080002b7   Thumb Code     0  startup_stm32f427xx.o(.text)
    TIM2_IRQHandler                          0x080002b7   Thumb Code     0  startup_stm32f427xx.o(.text)
    TIM3_IRQHandler                          0x080002b7   Thumb Code     0  startup_stm32f427xx.o(.text)
    TIM4_IRQHandler                          0x080002b7   Thumb Code     0  startup_stm32f427xx.o(.text)
    TIM5_IRQHandler                          0x080002b7   Thumb Code     0  startup_stm32f427xx.o(.text)
    TIM6_DAC_IRQHandler                      0x080002b7   Thumb Code     0  startup_stm32f427xx.o(.text)
    TIM7_IRQHandler                          0x080002b7   Thumb Code     0  startup_stm32f427xx.o(.text)
    TIM8_BRK_TIM12_IRQHandler                0x080002b7   Thumb Code     0  startup_stm32f427xx.o(.text)
    TIM8_CC_IRQHandler                       0x080002b7   Thumb Code     0  startup_stm32f427xx.o(.text)
    TIM8_TRG_COM_TIM14_IRQHandler            0x080002b7   Thumb Code     0  startup_stm32f427xx.o(.text)
    TIM8_UP_TIM13_IRQHandler                 0x080002b7   Thumb Code     0  startup_stm32f427xx.o(.text)
    UART4_IRQHandler                         0x080002b7   Thumb Code     0  startup_stm32f427xx.o(.text)
    UART5_IRQHandler                         0x080002b7   Thumb Code     0  startup_stm32f427xx.o(.text)
    UART7_IRQHandler                         0x080002b7   Thumb Code     0  startup_stm32f427xx.o(.text)
    UART8_IRQHandler                         0x080002b7   Thumb Code     0  startup_stm32f427xx.o(.text)
    USART2_IRQHandler                        0x080002b7   Thumb Code     0  startup_stm32f427xx.o(.text)
    USART6_IRQHandler                        0x080002b7   Thumb Code     0  startup_stm32f427xx.o(.text)
    WWDG_IRQHandler                          0x080002b7   Thumb Code     0  startup_stm32f427xx.o(.text)
    __user_initial_stackheap                 0x080002b9   Thumb Code     0  startup_stm32f427xx.o(.text)
    __aeabi_uldivmod                         0x080002dd   Thumb Code     0  lludivv7m.o(.text)
    _ll_udiv                                 0x080002dd   Thumb Code   240  lludivv7m.o(.text)
    __2snprintf                              0x080003cd   Thumb Code    58  noretval__2snprintf.o(.text)
    _printf_str                              0x0800040d   Thumb Code    82  _printf_str.o(.text)
    __printf                                 0x0800045f   Thumb Code   270  __printf_wp.o(.text)
    strlen                                   0x0800056d   Thumb Code    62  strlen.o(.text)
    __aeabi_memclr4                          0x080005ab   Thumb Code     0  rt_memclr_w.o(.text)
    __aeabi_memclr8                          0x080005ab   Thumb Code     0  rt_memclr_w.o(.text)
    __rt_memclr_w                            0x080005ab   Thumb Code     0  rt_memclr_w.o(.text)
    _memset_w                                0x080005af   Thumb Code    74  rt_memclr_w.o(.text)
    __use_two_region_memory                  0x080005f9   Thumb Code     2  heapauxi.o(.text)
    __rt_heap_escrow$2region                 0x080005fb   Thumb Code     2  heapauxi.o(.text)
    __rt_heap_expand$2region                 0x080005fd   Thumb Code     2  heapauxi.o(.text)
    __cpp_initialize__aeabi_                 0x08000601   Thumb Code    36  init_aeabi.o(.text)
    _printf_fp_dec_real                      0x080007dd   Thumb Code   620  _printf_fp_dec.o(.text)
    _printf_char_common                      0x08000a53   Thumb Code    32  _printf_char_common.o(.text)
    _snputc                                  0x08000a79   Thumb Code    16  _snputc.o(.text)
    _printf_cs_common                        0x08000a89   Thumb Code    20  _printf_char.o(.text)
    _printf_char                             0x08000a9d   Thumb Code    16  _printf_char.o(.text)
    _printf_string                           0x08000aad   Thumb Code     8  _printf_char.o(.text)
    __rt_locale                              0x08000ab5   Thumb Code     8  rt_locale_intlibspace.o(.text)
    _ll_udiv10                               0x08000abd   Thumb Code   138  lludiv10.o(.text)
    _printf_fp_infnan                        0x08000b49   Thumb Code   112  _printf_fp_infnan.o(.text)
    _btod_etento                             0x08000bc9   Thumb Code   224  bigflt0.o(.text)
    __user_libspace                          0x08000cad   Thumb Code     8  libspace.o(.text)
    __user_perproc_libspace                  0x08000cad   Thumb Code     0  libspace.o(.text)
    __user_perthread_libspace                0x08000cad   Thumb Code     0  libspace.o(.text)
    __user_setup_stackheap                   0x08000cb5   Thumb Code    74  sys_stackheap_outer.o(.text)
    exit                                     0x08000cff   Thumb Code    18  exit.o(.text)
    strcmp                                   0x08000d11   Thumb Code   124  strcmpv7em.o(.text)
    _sys_exit                                0x08000d8d   Thumb Code     8  sys_exit.o(.text)
    __I$use$semihosting                      0x08000d99   Thumb Code     0  use_no_semi.o(.text)
    __use_no_semihosting_swi                 0x08000d99   Thumb Code     2  use_no_semi.o(.text)
    __semihosting_library_function           0x08000d9b   Thumb Code     0  indicate_semi.o(.text)
    BusFault_Handler                         0x08000d9d   Thumb Code     2  stm32f4xx_it.o(.text.BusFault_Handler)
    DMA1_Stream1_IRQHandler                  0x08000da1   Thumb Code    12  stm32f4xx_it.o(.text.DMA1_Stream1_IRQHandler)
    DMA2_Stream7_IRQHandler                  0x08000dad   Thumb Code    12  stm32f4xx_it.o(.text.DMA2_Stream7_IRQHandler)
    DebugMon_Handler                         0x08000db9   Thumb Code     2  stm32f4xx_it.o(.text.DebugMon_Handler)
    Error_Handler                            0x08000dbd   Thumb Code     2  main.o(.text.Error_Handler)
    HAL_DMA_Abort                            0x08000dc1   Thumb Code   142  stm32f4xx_hal_dma.o(.text.HAL_DMA_Abort)
    HAL_DMA_Abort_IT                         0x08000e51   Thumb Code    36  stm32f4xx_hal_dma.o(.text.HAL_DMA_Abort_IT)
    HAL_DMA_IRQHandler                       0x08000e75   Thumb Code   452  stm32f4xx_hal_dma.o(.text.HAL_DMA_IRQHandler)
    HAL_DMA_Init                             0x08001039   Thumb Code   354  stm32f4xx_hal_dma.o(.text.HAL_DMA_Init)
    HAL_DMA_Start_IT                         0x0800119d   Thumb Code   162  stm32f4xx_hal_dma.o(.text.HAL_DMA_Start_IT)
    HAL_GPIO_Init                            0x08001241   Thumb Code   414  stm32f4xx_hal_gpio.o(.text.HAL_GPIO_Init)
    HAL_GetTick                              0x080013e1   Thumb Code    12  stm32f4xx_hal.o(.text.HAL_GetTick)
    HAL_IncTick                              0x080013ed   Thumb Code    26  stm32f4xx_hal.o(.text.HAL_IncTick)
    HAL_Init                                 0x08001409   Thumb Code    54  stm32f4xx_hal.o(.text.HAL_Init)
    HAL_InitTick                             0x08001441   Thumb Code    72  stm32f4xx_hal.o(.text.HAL_InitTick)
    HAL_MspInit                              0x08001489   Thumb Code    56  stm32f4xx_hal_msp.o(.text.HAL_MspInit)
    HAL_NVIC_EnableIRQ                       0x080014c1   Thumb Code    34  stm32f4xx_hal_cortex.o(.text.HAL_NVIC_EnableIRQ)
    HAL_NVIC_SetPriority                     0x080014e5   Thumb Code    86  stm32f4xx_hal_cortex.o(.text.HAL_NVIC_SetPriority)
    HAL_NVIC_SetPriorityGrouping             0x0800153d   Thumb Code    32  stm32f4xx_hal_cortex.o(.text.HAL_NVIC_SetPriorityGrouping)
    HAL_RCC_ClockConfig                      0x0800155d   Thumb Code   356  stm32f4xx_hal_rcc.o(.text.HAL_RCC_ClockConfig)
    HAL_RCC_GetPCLK1Freq                     0x080016c1   Thumb Code    38  stm32f4xx_hal_rcc.o(.text.HAL_RCC_GetPCLK1Freq)
    HAL_RCC_GetPCLK2Freq                     0x080016e9   Thumb Code    38  stm32f4xx_hal_rcc.o(.text.HAL_RCC_GetPCLK2Freq)
    HAL_RCC_GetSysClockFreq                  0x08001711   Thumb Code   106  stm32f4xx_hal_rcc.o(.text.HAL_RCC_GetSysClockFreq)
    HAL_RCC_OscConfig                        0x0800177d   Thumb Code   940  stm32f4xx_hal_rcc.o(.text.HAL_RCC_OscConfig)
    HAL_SYSTICK_Config                       0x08001b29   Thumb Code    44  stm32f4xx_hal_cortex.o(.text.HAL_SYSTICK_Config)
    HAL_UARTEx_ReceiveToIdle_DMA             0x08001b55   Thumb Code   484  stm32f4xx_hal_uart.o(.text.HAL_UARTEx_ReceiveToIdle_DMA)
    HAL_UARTEx_RxEventCallback               0x08001d39   Thumb Code   122  rxeventcallback.o(.text.HAL_UARTEx_RxEventCallback)
    HAL_UART_ErrorCallback                   0x08001db5   Thumb Code     2  stm32f4xx_hal_uart.o(.text.HAL_UART_ErrorCallback)
    HAL_UART_IRQHandler                      0x08001db9   Thumb Code  1392  stm32f4xx_hal_uart.o(.text.HAL_UART_IRQHandler)
    HAL_UART_Init                            0x08002329   Thumb Code    96  stm32f4xx_hal_uart.o(.text.HAL_UART_Init)
    HAL_UART_MspInit                         0x08002389   Thumb Code   374  usart.o(.text.HAL_UART_MspInit)
    HAL_UART_RxCpltCallback                  0x08002501   Thumb Code     2  stm32f4xx_hal_uart.o(.text.HAL_UART_RxCpltCallback)
    HAL_UART_RxHalfCpltCallback              0x08002505   Thumb Code     2  stm32f4xx_hal_uart.o(.text.HAL_UART_RxHalfCpltCallback)
    HAL_UART_Transmit_DMA                    0x08002509   Thumb Code   188  stm32f4xx_hal_uart.o(.text.HAL_UART_Transmit_DMA)
    HAL_UART_TxCpltCallback                  0x080025c5   Thumb Code     2  stm32f4xx_hal_uart.o(.text.HAL_UART_TxCpltCallback)
    HAL_UART_TxHalfCpltCallback              0x080025c9   Thumb Code     2  stm32f4xx_hal_uart.o(.text.HAL_UART_TxHalfCpltCallback)
    HardFault_Handler                        0x080025cd   Thumb Code     2  stm32f4xx_it.o(.text.HardFault_Handler)
    MX_DMA_Init                              0x080025d1   Thumb Code    92  dma.o(.text.MX_DMA_Init)
    MX_GPIO_Init                             0x0800262d   Thumb Code    56  gpio.o(.text.MX_GPIO_Init)
    MX_USART1_UART_Init                      0x08002665   Thumb Code    68  usart.o(.text.MX_USART1_UART_Init)
    MX_USART3_UART_Init                      0x080026a9   Thumb Code    64  usart.o(.text.MX_USART3_UART_Init)
    MemManage_Handler                        0x080026e9   Thumb Code     2  stm32f4xx_it.o(.text.MemManage_Handler)
    NMI_Handler                              0x080026ed   Thumb Code     2  stm32f4xx_it.o(.text.NMI_Handler)
    PendSV_Handler                           0x080026f1   Thumb Code     2  stm32f4xx_it.o(.text.PendSV_Handler)
    SVC_Handler                              0x080026f5   Thumb Code     2  stm32f4xx_it.o(.text.SVC_Handler)
    SysTick_Handler                          0x080026f9   Thumb Code     4  stm32f4xx_it.o(.text.SysTick_Handler)
    SystemInit                               0x080026fd   Thumb Code    18  system_stm32f4xx.o(.text.SystemInit)
    USART1_IRQHandler                        0x08002cb1   Thumb Code    12  stm32f4xx_it.o(.text.USART1_IRQHandler)
    USART3_IRQHandler                        0x08002cbd   Thumb Code    12  stm32f4xx_it.o(.text.USART3_IRQHandler)
    UsageFault_Handler                       0x08002cc9   Thumb Code     2  stm32f4xx_it.o(.text.UsageFault_Handler)
    get_switch_state_string(RC::RCSwitchState_e) 0x08002cdd   Thumb Code    24  get_enum_string.o(.text._Z23get_switch_state_stringN2RC15RCSwitchState_eE)
    get_key_press_state_string(RC::KeyPressState_e) 0x08002d01   Thumb Code    40  get_enum_string.o(.text._Z26get_key_press_state_stringN2RC15KeyPressState_eE)
    get_mouse_press_state_string(RC::MousePressState_e) 0x08002d29   Thumb Code    40  get_enum_string.o(.text._Z28get_mouse_press_state_stringN2RC17MousePressState_eE)
    linearmap(unsigned int, float, float, float, float) 0x08002d51   Thumb Code    34  linearmap.o(.text._Z9linearmapjffff)
    RC::Get_buffer()                         0x08002d75   Thumb Code     2  rc.o(.text._ZN2RC10Get_bufferEv)
    RC::Transmit_Data()                      0x08002d79   Thumb Code  1076  rc.o(.text._ZN2RC13Transmit_DataEv)
    RC::Get_data()                           0x08003249   Thumb Code     4  rc.o(.text._ZN2RC8Get_dataEv)
    RC::RC()                                 0x0800324d   Thumb Code    44  rc.o(.text._ZN2RCC2Ev)
    RC::RC__sub_object()                     0x0800324d   Thumb Code    44  rc.o(.text._ZN2RCC2Ev)
    main                                     0x08003279   Thumb Code   266  main.o(.text.main)
    _btod_d2e                                0x08003383   Thumb Code    62  btod.o(CL$$btod_d2e)
    _d2e_denorm_low                          0x080033c1   Thumb Code    70  btod.o(CL$$btod_d2e_denorm_low)
    _d2e_norm_op1                            0x08003407   Thumb Code    96  btod.o(CL$$btod_d2e_norm_op1)
    __btod_div_common                        0x08003469   Thumb Code   696  btod.o(CL$$btod_div_common)
    _e2e                                     0x080037a1   Thumb Code   220  btod.o(CL$$btod_e2e)
    _btod_ediv                               0x0800387d   Thumb Code    42  btod.o(CL$$btod_ediv)
    _btod_emul                               0x080038a7   Thumb Code    42  btod.o(CL$$btod_emul)
    __btod_mult_common                       0x080038d1   Thumb Code   580  btod.o(CL$$btod_mult_common)
    __ARM_fpclassify                         0x08003b15   Thumb Code    48  fpclassify.o(i.__ARM_fpclassify)
    _is_digit                                0x08003b45   Thumb Code    14  __printf_wp.o(i._is_digit)
    _get_lc_numeric                          0x08003b55   Thumb Code    44  lc_numeric_c.o(locale$$code)
    __fpl_dretinf                            0x08003b81   Thumb Code    12  dretinf.o(x$fpl$dretinf)
    __aeabi_f2d                              0x08003b8d   Thumb Code     0  f2d.o(x$fpl$f2d)
    _f2d                                     0x08003b8d   Thumb Code    86  f2d.o(x$fpl$f2d)
    __fpl_fnaninf                            0x08003be3   Thumb Code   140  fnaninf.o(x$fpl$fnaninf)
    _fp_init                                 0x08003c6f   Thumb Code    26  fpinit.o(x$fpl$fpinit)
    __fplib_config_fpu_vfp                   0x08003c87   Thumb Code     0  fpinit.o(x$fpl$fpinit)
    __fplib_config_pureend_doubles           0x08003c87   Thumb Code     0  fpinit.o(x$fpl$fpinit)
    _printf_fp_dec                           0x08003c89   Thumb Code     4  printf1.o(x$fpl$printf1)
    __I$use$fp                               0x08003c8c   Number         0  usenofp.o(x$fpl$usenofp)
    AHBPrescTable                            0x08003d20   Data          16  system_stm32f4xx.o(.rodata.AHBPrescTable)
    APBPrescTable                            0x08003d30   Data           8  system_stm32f4xx.o(.rodata.APBPrescTable)
    Region$$Table$$Base                      0x08003e98   Number         0  anon$$obj.o(Region$$Table)
    Region$$Table$$Limit                     0x08003eb8   Number         0  anon$$obj.o(Region$$Table)
    SHT$$INIT_ARRAY$$Base                    0x08003ed4   Number         0  main.o(.init_array)
    SHT$$INIT_ARRAY$$Limit                   0x08003ed8   Number         0  init_aeabi.o(.init_array)
    uwTickFreq                               0x20000000   Data           1  stm32f4xx_hal.o(.data..L_MergedGlobals)
    uwTickPrio                               0x20000004   Data           4  stm32f4xx_hal.o(.data..L_MergedGlobals)
    SystemCoreClock                          0x20000008   Data           4  system_stm32f4xx.o(.data.SystemCoreClock)
    __libspace_start                         0x20000010   Data          96  libspace.o(.bss)
    __temporary_stack_top$libspace           0x20000070   Data           0  libspace.o(.bss)
    data_index                               0x20000070   Data           2  main.o(.bss..L_MergedGlobals)
    rc                                       0x20000074   Data          60  main.o(.bss..L_MergedGlobals)
    hdma_usart1_tx                           0x200000b0   Data          96  usart.o(.bss.hdma_usart1_tx)
    hdma_usart3_rx                           0x20000110   Data          96  usart.o(.bss.hdma_usart3_rx)
    huart1                                   0x20000170   Data          72  usart.o(.bss.huart1)
    huart3                                   0x200001b8   Data          72  usart.o(.bss.huart3)
    uwTick                                   0x20000200   Data           4  stm32f4xx_hal.o(.bss.uwTick)



==============================================================================

Memory Map of the image

  Image Entry point : 0x080001ad

  Load Region LR_IROM1 (Base: 0x08000000, Size: 0x00003ee8, Max: 0x00200000, ABSOLUTE)

    Execution Region ER_IROM1 (Exec base: 0x08000000, Load base: 0x08000000, Size: 0x00003ed8, Max: 0x00200000, ABSOLUTE)

    Exec Addr    Load Addr    Size         Type   Attr      Idx    E Section Name        Object

    0x08000000   0x08000000   0x000001ac   Data   RO            3    RESET               startup_stm32f427xx.o
    0x080001ac   0x080001ac   0x00000008   Code   RO          784  * !!!main             c_w.l(__main.o)
    0x080001b4   0x080001b4   0x0000005c   Code   RO         1040    !!!scatter          c_w.l(__scatter.o)
    0x08000210   0x08000210   0x0000001a   Code   RO         1044    !!handler_copy      c_w.l(__scatter_copy.o)
    0x0800022a   0x0800022a   0x00000002   PAD
    0x0800022c   0x0800022c   0x00000002   Code   RO         1041    !!handler_null      c_w.l(__scatter.o)
    0x0800022e   0x0800022e   0x00000002   PAD
    0x08000230   0x08000230   0x0000001c   Code   RO         1046    !!handler_zi        c_w.l(__scatter_zi.o)
    0x0800024c   0x0800024c   0x00000000   Code   RO          777    .ARM.Collect$$_printf_percent$$00000000  c_w.l(_printf_percent.o)
    0x0800024c   0x0800024c   0x00000006   Code   RO          776    .ARM.Collect$$_printf_percent$$00000003  c_w.l(_printf_f.o)
    0x08000252   0x08000252   0x00000006   Code   RO          775    .ARM.Collect$$_printf_percent$$00000014  c_w.l(_printf_s.o)
    0x08000258   0x08000258   0x00000004   Code   RO          811    .ARM.Collect$$_printf_percent$$00000017  c_w.l(_printf_percent_end.o)
    0x0800025c   0x0800025c   0x00000002   Code   RO          958    .ARM.Collect$$libinit$$00000000  c_w.l(libinit.o)
    0x0800025e   0x0800025e   0x00000004   Code   RO          812    .ARM.Collect$$libinit$$00000001  c_w.l(libinit2.o)
    0x08000262   0x08000262   0x00000000   Code   RO          815    .ARM.Collect$$libinit$$00000004  c_w.l(libinit2.o)
    0x08000262   0x08000262   0x00000000   Code   RO          817    .ARM.Collect$$libinit$$00000006  c_w.l(libinit2.o)
    0x08000262   0x08000262   0x00000000   Code   RO          820    .ARM.Collect$$libinit$$0000000C  c_w.l(libinit2.o)
    0x08000262   0x08000262   0x00000000   Code   RO          822    .ARM.Collect$$libinit$$0000000E  c_w.l(libinit2.o)
    0x08000262   0x08000262   0x00000000   Code   RO          824    .ARM.Collect$$libinit$$00000010  c_w.l(libinit2.o)
    0x08000262   0x08000262   0x00000006   Code   RO          825    .ARM.Collect$$libinit$$00000011  c_w.l(libinit2.o)
    0x08000268   0x08000268   0x00000000   Code   RO          827    .ARM.Collect$$libinit$$00000013  c_w.l(libinit2.o)
    0x08000268   0x08000268   0x00000000   Code   RO          829    .ARM.Collect$$libinit$$00000015  c_w.l(libinit2.o)
    0x08000268   0x08000268   0x00000000   Code   RO          831    .ARM.Collect$$libinit$$00000017  c_w.l(libinit2.o)
    0x08000268   0x08000268   0x0000000a   Code   RO          832    .ARM.Collect$$libinit$$00000018  c_w.l(libinit2.o)
    0x08000272   0x08000272   0x00000000   Code   RO          833    .ARM.Collect$$libinit$$00000019  c_w.l(libinit2.o)
    0x08000272   0x08000272   0x00000000   Code   RO          835    .ARM.Collect$$libinit$$0000001B  c_w.l(libinit2.o)
    0x08000272   0x08000272   0x00000000   Code   RO          837    .ARM.Collect$$libinit$$0000001D  c_w.l(libinit2.o)
    0x08000272   0x08000272   0x00000000   Code   RO          839    .ARM.Collect$$libinit$$0000001F  c_w.l(libinit2.o)
    0x08000272   0x08000272   0x00000000   Code   RO          841    .ARM.Collect$$libinit$$00000021  c_w.l(libinit2.o)
    0x08000272   0x08000272   0x00000000   Code   RO          843    .ARM.Collect$$libinit$$00000023  c_w.l(libinit2.o)
    0x08000272   0x08000272   0x00000000   Code   RO          845    .ARM.Collect$$libinit$$00000025  c_w.l(libinit2.o)
    0x08000272   0x08000272   0x00000000   Code   RO          847    .ARM.Collect$$libinit$$00000027  c_w.l(libinit2.o)
    0x08000272   0x08000272   0x00000000   Code   RO          851    .ARM.Collect$$libinit$$0000002E  c_w.l(libinit2.o)
    0x08000272   0x08000272   0x00000000   Code   RO          853    .ARM.Collect$$libinit$$00000030  c_w.l(libinit2.o)
    0x08000272   0x08000272   0x00000000   Code   RO          855    .ARM.Collect$$libinit$$00000032  c_w.l(libinit2.o)
    0x08000272   0x08000272   0x00000004   Code   RO          856    .ARM.Collect$$libinit$$00000033  c_w.l(libinit2.o)
    0x08000276   0x08000276   0x00000000   Code   RO          857    .ARM.Collect$$libinit$$00000034  c_w.l(libinit2.o)
    0x08000276   0x08000276   0x00000002   Code   RO          858    .ARM.Collect$$libinit$$00000035  c_w.l(libinit2.o)
    0x08000278   0x08000278   0x00000002   Code   RO         1007    .ARM.Collect$$libshutdown$$00000000  c_w.l(libshutdown.o)
    0x0800027a   0x0800027a   0x00000000   Code   RO         1023    .ARM.Collect$$libshutdown$$00000002  c_w.l(libshutdown2.o)
    0x0800027a   0x0800027a   0x00000000   Code   RO         1025    .ARM.Collect$$libshutdown$$00000004  c_w.l(libshutdown2.o)
    0x0800027a   0x0800027a   0x00000000   Code   RO         1028    .ARM.Collect$$libshutdown$$00000007  c_w.l(libshutdown2.o)
    0x0800027a   0x0800027a   0x00000000   Code   RO         1031    .ARM.Collect$$libshutdown$$0000000A  c_w.l(libshutdown2.o)
    0x0800027a   0x0800027a   0x00000000   Code   RO         1033    .ARM.Collect$$libshutdown$$0000000C  c_w.l(libshutdown2.o)
    0x0800027a   0x0800027a   0x00000000   Code   RO         1036    .ARM.Collect$$libshutdown$$0000000F  c_w.l(libshutdown2.o)
    0x0800027a   0x0800027a   0x00000002   Code   RO         1037    .ARM.Collect$$libshutdown$$00000010  c_w.l(libshutdown2.o)
    0x0800027c   0x0800027c   0x00000000   Code   RO          796    .ARM.Collect$$rtentry$$00000000  c_w.l(__rtentry.o)
    0x0800027c   0x0800027c   0x00000000   Code   RO          869    .ARM.Collect$$rtentry$$00000002  c_w.l(__rtentry2.o)
    0x0800027c   0x0800027c   0x00000006   Code   RO          881    .ARM.Collect$$rtentry$$00000004  c_w.l(__rtentry4.o)
    0x08000282   0x08000282   0x00000000   Code   RO          871    .ARM.Collect$$rtentry$$00000009  c_w.l(__rtentry2.o)
    0x08000282   0x08000282   0x00000004   Code   RO          872    .ARM.Collect$$rtentry$$0000000A  c_w.l(__rtentry2.o)
    0x08000286   0x08000286   0x00000000   Code   RO          874    .ARM.Collect$$rtentry$$0000000C  c_w.l(__rtentry2.o)
    0x08000286   0x08000286   0x00000008   Code   RO          875    .ARM.Collect$$rtentry$$0000000D  c_w.l(__rtentry2.o)
    0x0800028e   0x0800028e   0x00000002   Code   RO          963    .ARM.Collect$$rtexit$$00000000  c_w.l(rtexit.o)
    0x08000290   0x08000290   0x00000000   Code   RO          987    .ARM.Collect$$rtexit$$00000002  c_w.l(rtexit2.o)
    0x08000290   0x08000290   0x00000004   Code   RO          988    .ARM.Collect$$rtexit$$00000003  c_w.l(rtexit2.o)
    0x08000294   0x08000294   0x00000006   Code   RO          989    .ARM.Collect$$rtexit$$00000004  c_w.l(rtexit2.o)
    0x0800029a   0x0800029a   0x00000002   PAD
    0x0800029c   0x0800029c   0x00000040   Code   RO            4    .text               startup_stm32f427xx.o
    0x080002dc   0x080002dc   0x000000f0   Code   RO          745    .text               c_w.l(lludivv7m.o)
    0x080003cc   0x080003cc   0x00000040   Code   RO          749    .text               c_w.l(noretval__2snprintf.o)
    0x0800040c   0x0800040c   0x00000052   Code   RO          753    .text               c_w.l(_printf_str.o)
    0x0800045e   0x0800045e   0x0000010e   Code   RO          763    .text               c_w.l(__printf_wp.o)
    0x0800056c   0x0800056c   0x0000003e   Code   RO          778    .text               c_w.l(strlen.o)
    0x080005aa   0x080005aa   0x0000004e   Code   RO          780    .text               c_w.l(rt_memclr_w.o)
    0x080005f8   0x080005f8   0x00000006   Code   RO          782    .text               c_w.l(heapauxi.o)
    0x080005fe   0x080005fe   0x00000002   PAD
    0x08000600   0x08000600   0x0000002c   Code   RO          789    .text               c_w.l(init_aeabi.o)
    0x0800062c   0x0800062c   0x0000041c   Code   RO          801    .text               c_w.l(_printf_fp_dec.o)
    0x08000a48   0x08000a48   0x00000030   Code   RO          805    .text               c_w.l(_printf_char_common.o)
    0x08000a78   0x08000a78   0x00000010   Code   RO          807    .text               c_w.l(_snputc.o)
    0x08000a88   0x08000a88   0x0000002c   Code   RO          809    .text               c_w.l(_printf_char.o)
    0x08000ab4   0x08000ab4   0x00000008   Code   RO          888    .text               c_w.l(rt_locale_intlibspace.o)
    0x08000abc   0x08000abc   0x0000008a   Code   RO          890    .text               c_w.l(lludiv10.o)
    0x08000b46   0x08000b46   0x00000002   PAD
    0x08000b48   0x08000b48   0x00000080   Code   RO          892    .text               c_w.l(_printf_fp_infnan.o)
    0x08000bc8   0x08000bc8   0x000000e4   Code   RO          896    .text               c_w.l(bigflt0.o)
    0x08000cac   0x08000cac   0x00000008   Code   RO          934    .text               c_w.l(libspace.o)
    0x08000cb4   0x08000cb4   0x0000004a   Code   RO          937    .text               c_w.l(sys_stackheap_outer.o)
    0x08000cfe   0x08000cfe   0x00000012   Code   RO          941    .text               c_w.l(exit.o)
    0x08000d10   0x08000d10   0x0000007c   Code   RO          947    .text               c_w.l(strcmpv7em.o)
    0x08000d8c   0x08000d8c   0x0000000c   Code   RO          979    .text               c_w.l(sys_exit.o)
    0x08000d98   0x08000d98   0x00000002   Code   RO          983    .text               c_w.l(use_no_semi.o)
    0x08000d9a   0x08000d9a   0x00000000   Code   RO          985    .text               c_w.l(indicate_semi.o)
    0x08000d9a   0x08000d9a   0x00000002   PAD
    0x08000d9c   0x08000d9c   0x00000002   Code   RO          161    .text.BusFault_Handler  stm32f4xx_it.o
    0x08000d9e   0x08000d9e   0x00000002   PAD
    0x08000da0   0x08000da0   0x0000000c   Code   RO          173    .text.DMA1_Stream1_IRQHandler  stm32f4xx_it.o
    0x08000dac   0x08000dac   0x0000000c   Code   RO          179    .text.DMA2_Stream7_IRQHandler  stm32f4xx_it.o
    0x08000db8   0x08000db8   0x00000002   Code   RO          167    .text.DebugMon_Handler  stm32f4xx_it.o
    0x08000dba   0x08000dba   0x00000002   PAD
    0x08000dbc   0x08000dbc   0x00000002   Code   RO          103    .text.Error_Handler  main.o
    0x08000dbe   0x08000dbe   0x00000002   PAD
    0x08000dc0   0x08000dc0   0x0000008e   Code   RO          490    .text.HAL_DMA_Abort  stm32f4xx_hal_dma.o
    0x08000e4e   0x08000e4e   0x00000002   PAD
    0x08000e50   0x08000e50   0x00000024   Code   RO          492    .text.HAL_DMA_Abort_IT  stm32f4xx_hal_dma.o
    0x08000e74   0x08000e74   0x000001c4   Code   RO          496    .text.HAL_DMA_IRQHandler  stm32f4xx_hal_dma.o
    0x08001038   0x08001038   0x00000162   Code   RO          482    .text.HAL_DMA_Init  stm32f4xx_hal_dma.o
    0x0800119a   0x0800119a   0x00000002   PAD
    0x0800119c   0x0800119c   0x000000a2   Code   RO          488    .text.HAL_DMA_Start_IT  stm32f4xx_hal_dma.o
    0x0800123e   0x0800123e   0x00000002   PAD
    0x08001240   0x08001240   0x0000019e   Code   RO          444    .text.HAL_GPIO_Init  stm32f4xx_hal_gpio.o
    0x080013de   0x080013de   0x00000002   PAD
    0x080013e0   0x080013e0   0x0000000c   Code   RO          647    .text.HAL_GetTick   stm32f4xx_hal.o
    0x080013ec   0x080013ec   0x0000001a   Code   RO          645    .text.HAL_IncTick   stm32f4xx_hal.o
    0x08001406   0x08001406   0x00000002   PAD
    0x08001408   0x08001408   0x00000036   Code   RO          635    .text.HAL_Init      stm32f4xx_hal.o
    0x0800143e   0x0800143e   0x00000002   PAD
    0x08001440   0x08001440   0x00000048   Code   RO          637    .text.HAL_InitTick  stm32f4xx_hal.o
    0x08001488   0x08001488   0x00000038   Code   RO          188    .text.HAL_MspInit   stm32f4xx_hal_msp.o
    0x080014c0   0x080014c0   0x00000022   Code   RO          587    .text.HAL_NVIC_EnableIRQ  stm32f4xx_hal_cortex.o
    0x080014e2   0x080014e2   0x00000002   PAD
    0x080014e4   0x080014e4   0x00000056   Code   RO          585    .text.HAL_NVIC_SetPriority  stm32f4xx_hal_cortex.o
    0x0800153a   0x0800153a   0x00000002   PAD
    0x0800153c   0x0800153c   0x00000020   Code   RO          583    .text.HAL_NVIC_SetPriorityGrouping  stm32f4xx_hal_cortex.o
    0x0800155c   0x0800155c   0x00000164   Code   RO          324    .text.HAL_RCC_ClockConfig  stm32f4xx_hal_rcc.o
    0x080016c0   0x080016c0   0x00000026   Code   RO          336    .text.HAL_RCC_GetPCLK1Freq  stm32f4xx_hal_rcc.o
    0x080016e6   0x080016e6   0x00000002   PAD
    0x080016e8   0x080016e8   0x00000026   Code   RO          338    .text.HAL_RCC_GetPCLK2Freq  stm32f4xx_hal_rcc.o
    0x0800170e   0x0800170e   0x00000002   PAD
    0x08001710   0x08001710   0x0000006a   Code   RO          326    .text.HAL_RCC_GetSysClockFreq  stm32f4xx_hal_rcc.o
    0x0800177a   0x0800177a   0x00000002   PAD
    0x0800177c   0x0800177c   0x000003ac   Code   RO          322    .text.HAL_RCC_OscConfig  stm32f4xx_hal_rcc.o
    0x08001b28   0x08001b28   0x0000002c   Code   RO          595    .text.HAL_SYSTICK_Config  stm32f4xx_hal_cortex.o
    0x08001b54   0x08001b54   0x000001e4   Code   RO          246    .text.HAL_UARTEx_ReceiveToIdle_DMA  stm32f4xx_hal_uart.o
    0x08001d38   0x08001d38   0x0000007a   Code   RO           90    .text.HAL_UARTEx_RxEventCallback  rxeventcallback.o
    0x08001db2   0x08001db2   0x00000002   PAD
    0x08001db4   0x08001db4   0x00000002   Code   RO          282    .text.HAL_UART_ErrorCallback  stm32f4xx_hal_uart.o
    0x08001db6   0x08001db6   0x00000002   PAD
    0x08001db8   0x08001db8   0x00000570   Code   RO          276    .text.HAL_UART_IRQHandler  stm32f4xx_hal_uart.o
    0x08002328   0x08002328   0x00000060   Code   RO          198    .text.HAL_UART_Init  stm32f4xx_hal_uart.o
    0x08002388   0x08002388   0x00000176   Code   RO          139    .text.HAL_UART_MspInit  usart.o
    0x080024fe   0x080024fe   0x00000002   PAD
    0x08002500   0x08002500   0x00000002   Code   RO          290    .text.HAL_UART_RxCpltCallback  stm32f4xx_hal_uart.o
    0x08002502   0x08002502   0x00000002   PAD
    0x08002504   0x08002504   0x00000002   Code   RO          292    .text.HAL_UART_RxHalfCpltCallback  stm32f4xx_hal_uart.o
    0x08002506   0x08002506   0x00000002   PAD
    0x08002508   0x08002508   0x000000bc   Code   RO          224    .text.HAL_UART_Transmit_DMA  stm32f4xx_hal_uart.o
    0x080025c4   0x080025c4   0x00000002   Code   RO          286    .text.HAL_UART_TxCpltCallback  stm32f4xx_hal_uart.o
    0x080025c6   0x080025c6   0x00000002   PAD
    0x080025c8   0x080025c8   0x00000002   Code   RO          288    .text.HAL_UART_TxHalfCpltCallback  stm32f4xx_hal_uart.o
    0x080025ca   0x080025ca   0x00000002   PAD
    0x080025cc   0x080025cc   0x00000002   Code   RO          157    .text.HardFault_Handler  stm32f4xx_it.o
    0x080025ce   0x080025ce   0x00000002   PAD
    0x080025d0   0x080025d0   0x0000005c   Code   RO          126    .text.MX_DMA_Init   dma.o
    0x0800262c   0x0800262c   0x00000038   Code   RO          118    .text.MX_GPIO_Init  gpio.o
    0x08002664   0x08002664   0x00000044   Code   RO          135    .text.MX_USART1_UART_Init  usart.o
    0x080026a8   0x080026a8   0x00000040   Code   RO          137    .text.MX_USART3_UART_Init  usart.o
    0x080026e8   0x080026e8   0x00000002   Code   RO          159    .text.MemManage_Handler  stm32f4xx_it.o
    0x080026ea   0x080026ea   0x00000002   PAD
    0x080026ec   0x080026ec   0x00000002   Code   RO          155    .text.NMI_Handler   stm32f4xx_it.o
    0x080026ee   0x080026ee   0x00000002   PAD
    0x080026f0   0x080026f0   0x00000002   Code   RO          169    .text.PendSV_Handler  stm32f4xx_it.o
    0x080026f2   0x080026f2   0x00000002   PAD
    0x080026f4   0x080026f4   0x00000002   Code   RO          165    .text.SVC_Handler   stm32f4xx_it.o
    0x080026f6   0x080026f6   0x00000002   PAD
    0x080026f8   0x080026f8   0x00000004   Code   RO          171    .text.SysTick_Handler  stm32f4xx_it.o
    0x080026fc   0x080026fc   0x00000012   Code   RO          729    .text.SystemInit    system_stm32f4xx.o
    0x0800270e   0x0800270e   0x00000002   PAD
    0x08002710   0x08002710   0x0000000c   Code   RO          280    .text.UART_DMAAbortOnError  stm32f4xx_hal_uart.o
    0x0800271c   0x0800271c   0x0000017c   Code   RO          230    .text.UART_DMAError  stm32f4xx_hal_uart.o
    0x08002898   0x08002898   0x0000015e   Code   RO          308    .text.UART_DMAReceiveCplt  stm32f4xx_hal_uart.o
    0x080029f6   0x080029f6   0x00000002   PAD
    0x080029f8   0x080029f8   0x00000018   Code   RO          310    .text.UART_DMARxHalfCplt  stm32f4xx_hal_uart.o
    0x08002a10   0x08002a10   0x000000b0   Code   RO          226    .text.UART_DMATransmitCplt  stm32f4xx_hal_uart.o
    0x08002ac0   0x08002ac0   0x00000006   Code   RO          228    .text.UART_DMATxHalfCplt  stm32f4xx_hal_uart.o
    0x08002ac6   0x08002ac6   0x00000002   PAD
    0x08002ac8   0x08002ac8   0x000000fe   Code   RO          278    .text.UART_Receive_IT  stm32f4xx_hal_uart.o
    0x08002bc6   0x08002bc6   0x00000002   PAD
    0x08002bc8   0x08002bc8   0x000000e6   Code   RO          202    .text.UART_SetConfig  stm32f4xx_hal_uart.o
    0x08002cae   0x08002cae   0x00000002   PAD
    0x08002cb0   0x08002cb0   0x0000000c   Code   RO          175    .text.USART1_IRQHandler  stm32f4xx_it.o
    0x08002cbc   0x08002cbc   0x0000000c   Code   RO          177    .text.USART3_IRQHandler  stm32f4xx_it.o
    0x08002cc8   0x08002cc8   0x00000002   Code   RO          163    .text.UsageFault_Handler  stm32f4xx_it.o
    0x08002cca   0x08002cca   0x00000002   PAD
    0x08002ccc   0x08002ccc   0x0000000e   Code   RO          105    .text._GLOBAL__sub_I_main.cpp  main.o
    0x08002cda   0x08002cda   0x00000002   PAD
    0x08002cdc   0x08002cdc   0x00000024   Code   RO           11    .text._Z23get_switch_state_stringN2RC15RCSwitchState_eE  get_enum_string.o
    0x08002d00   0x08002d00   0x00000028   Code   RO           15    .text._Z26get_key_press_state_stringN2RC15KeyPressState_eE  get_enum_string.o
    0x08002d28   0x08002d28   0x00000028   Code   RO           13    .text._Z28get_mouse_press_state_stringN2RC17MousePressState_eE  get_enum_string.o
    0x08002d50   0x08002d50   0x00000022   Code   RO           26    .text._Z9linearmapjffff  linearmap.o
    0x08002d72   0x08002d72   0x00000002   PAD
    0x08002d74   0x08002d74   0x00000002   Code   RO           37    .text._ZN2RC10Get_bufferEv  rc.o
    0x08002d76   0x08002d76   0x00000002   PAD
    0x08002d78   0x08002d78   0x000004d0   Code   RO           79    .text._ZN2RC13Transmit_DataEv  rc.o
    0x08003248   0x08003248   0x00000004   Code   RO           39    .text._ZN2RC8Get_dataEv  rc.o
    0x0800324c   0x0800324c   0x0000002c   Code   RO           35    .text._ZN2RCC2Ev    rc.o
    0x08003278   0x08003278   0x0000010a   Code   RO           99    .text.main          main.o
    0x08003382   0x08003382   0x0000003e   Code   RO          899    CL$$btod_d2e        c_w.l(btod.o)
    0x080033c0   0x080033c0   0x00000046   Code   RO          901    CL$$btod_d2e_denorm_low  c_w.l(btod.o)
    0x08003406   0x08003406   0x00000060   Code   RO          900    CL$$btod_d2e_norm_op1  c_w.l(btod.o)
    0x08003466   0x08003466   0x00000002   PAD
    0x08003468   0x08003468   0x00000338   Code   RO          909    CL$$btod_div_common  c_w.l(btod.o)
    0x080037a0   0x080037a0   0x000000dc   Code   RO          906    CL$$btod_e2e        c_w.l(btod.o)
    0x0800387c   0x0800387c   0x0000002a   Code   RO          903    CL$$btod_ediv       c_w.l(btod.o)
    0x080038a6   0x080038a6   0x0000002a   Code   RO          902    CL$$btod_emul       c_w.l(btod.o)
    0x080038d0   0x080038d0   0x00000244   Code   RO          908    CL$$btod_mult_common  c_w.l(btod.o)
    0x08003b14   0x08003b14   0x00000030   Code   RO          932    i.__ARM_fpclassify  m_wm.l(fpclassify.o)
    0x08003b44   0x08003b44   0x0000000e   Code   RO          765    i._is_digit         c_w.l(__printf_wp.o)
    0x08003b52   0x08003b52   0x00000002   PAD
    0x08003b54   0x08003b54   0x0000002c   Code   RO          924    locale$$code        c_w.l(lc_numeric_c.o)
    0x08003b80   0x08003b80   0x0000000c   Code   RO          863    x$fpl$dretinf       fz_wm.l(dretinf.o)
    0x08003b8c   0x08003b8c   0x00000056   Code   RO          792    x$fpl$f2d           fz_wm.l(f2d.o)
    0x08003be2   0x08003be2   0x0000008c   Code   RO          865    x$fpl$fnaninf       fz_wm.l(fnaninf.o)
    0x08003c6e   0x08003c6e   0x0000001a   Code   RO          928    x$fpl$fpinit        fz_wm.l(fpinit.o)
    0x08003c88   0x08003c88   0x00000004   Code   RO          794    x$fpl$printf1       fz_wm.l(printf1.o)
    0x08003c8c   0x08003c8c   0x00000000   Code   RO          867    x$fpl$usenofp       fz_wm.l(usenofp.o)
    0x08003c8c   0x08003c8c   0x00000094   Data   RO          897    .constdata          c_w.l(bigflt0.o)
    0x08003d20   0x08003d20   0x00000010   Data   RO          734    .rodata.AHBPrescTable  system_stm32f4xx.o
    0x08003d30   0x08003d30   0x00000008   Data   RO          735    .rodata.APBPrescTable  system_stm32f4xx.o
    0x08003d38   0x08003d38   0x00000008   Data   RO          506    .rodata.cst8        stm32f4xx_hal_dma.o
    0x08003d40   0x08003d40   0x00000025   Data   RO           17    .rodata.str1.1      get_enum_string.o
    0x08003d65   0x08003d65   0x00000133   Data   RO           81    .rodata.str1.1      rc.o
    0x08003e98   0x08003e98   0x00000020   Data   RO         1039    Region$$Table       anon$$obj.o
    0x08003eb8   0x08003eb8   0x0000001c   Data   RO          923    locale$$data        c_w.l(lc_numeric_c.o)
    0x08003ed4   0x08003ed4   0x00000004   Data   RO          107    .init_array         main.o
    0x08003ed8   0x08003ed4   0x00000000   Data   RO          787    .init_array         c_w.l(init_aeabi.o)


    Execution Region RW_IRAM1 (Exec base: 0x20000000, Load base: 0x08003ed8, Size: 0x00000808, Max: 0x00030000, ABSOLUTE)

    Exec Addr    Load Addr    Size         Type   Attr      Idx    E Section Name        Object

    0x20000000   0x08003ed8   0x00000008   Data   RW          694    .data..L_MergedGlobals  stm32f4xx_hal.o
    0x20000008   0x08003ee0   0x00000004   Data   RW          733    .data.SystemCoreClock  system_stm32f4xx.o
    0x2000000c   0x08003ee4   0x00000004   PAD
    0x20000010        -       0x00000060   Zero   RW          935    .bss                c_w.l(libspace.o)
    0x20000070        -       0x00000040   Zero   RW          109    .bss..L_MergedGlobals  main.o
    0x200000b0        -       0x00000060   Zero   RW          145    .bss.hdma_usart1_tx  usart.o
    0x20000110        -       0x00000060   Zero   RW          146    .bss.hdma_usart3_rx  usart.o
    0x20000170        -       0x00000048   Zero   RW          143    .bss.huart1         usart.o
    0x200001b8        -       0x00000048   Zero   RW          144    .bss.huart3         usart.o
    0x20000200        -       0x00000004   Zero   RW          693    .bss.uwTick         stm32f4xx_hal.o
    0x20000204   0x08003ee4   0x00000004   PAD
    0x20000208        -       0x00000200   Zero   RW            2    HEAP                startup_stm32f427xx.o
    0x20000408        -       0x00000400   Zero   RW            1    STACK               startup_stm32f427xx.o


==============================================================================

Image component sizes


      Code (inc. data)   RO Data    RW Data    ZI Data      Debug   Object Name

        92          0          0          0          0       3645   dma.o
       116         12         37          0          0       2707   get_enum_string.o
        56          0          0          0          0       1447   gpio.o
        34          0          0          0          0       1832   linearmap.o
       282          0          4          0         64       5503   main.o
      1282        164        307          0          0      16283   rc.o
       122          0          0          0          0       3516   rxeventcallback.o
        64         26        428          0       1536        820   startup_stm32f427xx.o
       164          0          0          8          4       7636   stm32f4xx_hal.o
       196          0          0          0          0      10815   stm32f4xx_hal_cortex.o
      1146          6          8          0          0      10501   stm32f4xx_hal_dma.o
       414          0          0          0          0       5364   stm32f4xx_hal_gpio.o
        56          0          0          0          0       1473   stm32f4xx_hal_msp.o
      1478          0          0          0          0       7397   stm32f4xx_hal_rcc.o
      3602          0          0          0          0      32111   stm32f4xx_hal_uart.o
        68          0          0          0          0       4315   stm32f4xx_it.o
        18          0         24          4          0       2661   system_stm32f4xx.o
       506          0          0          0        336       7502   usart.o

    ----------------------------------------------------------------------
      9766        208        840         12       1948     125528   Object Totals
         0          0         32          0          0          0   (incl. Generated)
        70          0          0          0          8          0   (incl. Padding)

    ----------------------------------------------------------------------

      Code (inc. data)   RO Data    RW Data    ZI Data      Debug   Library Member Name

         8          0          0          0          0         68   __main.o
       284          0          0          0          0        156   __printf_wp.o
         0          0          0          0          0          0   __rtentry.o
        12          0          0          0          0          0   __rtentry2.o
         6          0          0          0          0          0   __rtentry4.o
        94          8          0          0          0          0   __scatter.o
        26          0          0          0          0          0   __scatter_copy.o
        28          0          0          0          0          0   __scatter_zi.o
        44          0          0          0          0        108   _printf_char.o
        48          6          0          0          0         96   _printf_char_common.o
         6          0          0          0          0          0   _printf_f.o
      1052          0          0          0          0        148   _printf_fp_dec.o
       128         16          0          0          0         84   _printf_fp_infnan.o
         0          0          0          0          0          0   _printf_percent.o
         4          0          0          0          0          0   _printf_percent_end.o
         6          0          0          0          0          0   _printf_s.o
        82          0          0          0          0         80   _printf_str.o
        16          0          0          0          0         68   _snputc.o
       228          4        148          0          0         96   bigflt0.o
      1936        128          0          0          0        668   btod.o
        18          0          0          0          0         80   exit.o
         6          0          0          0          0        152   heapauxi.o
         0          0          0          0          0          0   indicate_semi.o
        44          8          0          0          0         80   init_aeabi.o
        44         10         28          0          0         76   lc_numeric_c.o
         2          0          0          0          0          0   libinit.o
        26          0          0          0          0          0   libinit2.o
         2          0          0          0          0          0   libshutdown.o
         2          0          0          0          0          0   libshutdown2.o
         8          4          0          0         96         68   libspace.o
       138          0          0          0          0         80   lludiv10.o
       240          0          0          0          0        100   lludivv7m.o
        64          6          0          0          0         84   noretval__2snprintf.o
         8          4          0          0          0         68   rt_locale_intlibspace.o
        78          0          0          0          0         80   rt_memclr_w.o
         2          0          0          0          0          0   rtexit.o
        10          0          0          0          0          0   rtexit2.o
       124          0          0          0          0         88   strcmpv7em.o
        62          0          0          0          0         76   strlen.o
        12          4          0          0          0         68   sys_exit.o
        74          0          0          0          0         80   sys_stackheap_outer.o
         2          0          0          0          0         68   use_no_semi.o
        12          0          0          0          0        116   dretinf.o
        86          4          0          0          0        132   f2d.o
       140          4          0          0          0        132   fnaninf.o
        26          0          0          0          0        116   fpinit.o
         4          0          0          0          0        116   printf1.o
         0          0          0          0          0          0   usenofp.o
        48          0          0          0          0        124   fpclassify.o

    ----------------------------------------------------------------------
      5306        206        176          0         96       3556   Library Totals
        16          0          0          0          0          0   (incl. Padding)

    ----------------------------------------------------------------------

      Code (inc. data)   RO Data    RW Data    ZI Data      Debug   Library Name

      4974        198        176          0         96       2820   c_w.l
       268          8          0          0          0        612   fz_wm.l
        48          0          0          0          0        124   m_wm.l

    ----------------------------------------------------------------------
      5306        206        176          0         96       3556   Library Totals

    ----------------------------------------------------------------------

==============================================================================


      Code (inc. data)   RO Data    RW Data    ZI Data      Debug   

     15072        414       1016         12       2044     126924   Grand Totals
     15072        414       1016         12       2044     126924   ELF Image Totals
     15072        414       1016         12          0          0   ROM Totals

==============================================================================

    Total RO  Size (Code + RO Data)                16088 (  15.71kB)
    Total RW  Size (RW Data + ZI Data)              2056 (   2.01kB)
    Total ROM Size (Code + RO Data + RW Data)      16100 (  15.72kB)

==============================================================================

