Archive member included to satisfy reference by file (symbol)

D:/STM32CubeCLT/STM32CubeCLT_1.16.0/GNU-tools-for-STM32/bin/../lib/gcc/arm-none-eabi/12.3.1/thumb/v7e-m/nofp\libgcc.a(_arm_mulsf3.o)
                              CMakeFiles/HW2.elf.dir/Core/Src/linearmap.cpp.obj (__aeabi_fmul)
D:/STM32CubeCLT/STM32CubeCLT_1.16.0/GNU-tools-for-STM32/bin/../lib/gcc/arm-none-eabi/12.3.1/thumb/v7e-m/nofp\libgcc.a(_arm_addsubdf3.o)
                              CMakeFiles/HW2.elf.dir/Core/Src/RC.cpp.obj (__aeabi_f2d)
D:/STM32CubeCLT/STM32CubeCLT_1.16.0/GNU-tools-for-STM32/bin/../lib/gcc/arm-none-eabi/12.3.1/thumb/v7e-m/nofp\libgcc.a(_arm_addsubsf3.o)
                              CMakeFiles/HW2.elf.dir/Core/Src/linearmap.cpp.obj (__aeabi_fsub)
D:/STM32CubeCLT/STM32CubeCLT_1.16.0/GNU-tools-for-STM32/bin/../lib/gcc/arm-none-eabi/12.3.1/thumb/v7e-m/nofp\libgcc.a(_arm_muldivsf3.o)
                              CMakeFiles/HW2.elf.dir/Core/Src/linearmap.cpp.obj (__aeabi_fdiv)
D:/STM32CubeCLT/STM32CubeCLT_1.16.0/GNU-tools-for-STM32/bin/../lib/gcc/arm-none-eabi/12.3.1/thumb/v7e-m/nofp\libgcc.a(_aeabi_uldivmod.o)
                              CMakeFiles/HW2.elf.dir/Drivers/STM32F4xx_HAL_Driver/Src/stm32f4xx_hal_rcc.c.obj (__aeabi_uldivmod)
D:/STM32CubeCLT/STM32CubeCLT_1.16.0/GNU-tools-for-STM32/bin/../lib/gcc/arm-none-eabi/12.3.1/thumb/v7e-m/nofp\libgcc.a(_udivmoddi4.o)
                              D:/STM32CubeCLT/STM32CubeCLT_1.16.0/GNU-tools-for-STM32/bin/../lib/gcc/arm-none-eabi/12.3.1/thumb/v7e-m/nofp\libgcc.a(_aeabi_uldivmod.o) (__udivmoddi4)
D:/STM32CubeCLT/STM32CubeCLT_1.16.0/GNU-tools-for-STM32/bin/../lib/gcc/arm-none-eabi/12.3.1/thumb/v7e-m/nofp\libgcc.a(unwind-arm.o)
                              CMakeFiles/HW2.elf.dir/Core/Src/RC.cpp.obj (__aeabi_unwind_cpp_pr0)
D:/STM32CubeCLT/STM32CubeCLT_1.16.0/GNU-tools-for-STM32/bin/../lib/gcc/arm-none-eabi/12.3.1/thumb/v7e-m/nofp\libgcc.a(libunwind.o)
                              D:/STM32CubeCLT/STM32CubeCLT_1.16.0/GNU-tools-for-STM32/bin/../lib/gcc/arm-none-eabi/12.3.1/thumb/v7e-m/nofp\libgcc.a(unwind-arm.o) (restore_core_regs)
D:/STM32CubeCLT/STM32CubeCLT_1.16.0/GNU-tools-for-STM32/bin/../lib/gcc/arm-none-eabi/12.3.1/thumb/v7e-m/nofp\libgcc.a(pr-support.o)
                              D:/STM32CubeCLT/STM32CubeCLT_1.16.0/GNU-tools-for-STM32/bin/../lib/gcc/arm-none-eabi/12.3.1/thumb/v7e-m/nofp\libgcc.a(unwind-arm.o) (__gnu_unwind_execute)
D:/STM32CubeCLT/STM32CubeCLT_1.16.0/GNU-tools-for-STM32/bin/../lib/gcc/arm-none-eabi/12.3.1/thumb/v7e-m/nofp\libgcc.a(_dvmd_tls.o)
                              D:/STM32CubeCLT/STM32CubeCLT_1.16.0/GNU-tools-for-STM32/bin/../lib/gcc/arm-none-eabi/12.3.1/thumb/v7e-m/nofp\libgcc.a(_aeabi_uldivmod.o) (__aeabi_ldiv0)
D:/STM32CubeCLT/STM32CubeCLT_1.16.0/GNU-tools-for-STM32/bin/../lib/gcc/arm-none-eabi/12.3.1/../../../../arm-none-eabi/lib/thumb/v7e-m/nofp\libg.a(libc_a-abort.o)
                              D:/STM32CubeCLT/STM32CubeCLT_1.16.0/GNU-tools-for-STM32/bin/../lib/gcc/arm-none-eabi/12.3.1/thumb/v7e-m/nofp\libgcc.a(unwind-arm.o) (abort)
D:/STM32CubeCLT/STM32CubeCLT_1.16.0/GNU-tools-for-STM32/bin/../lib/gcc/arm-none-eabi/12.3.1/../../../../arm-none-eabi/lib/thumb/v7e-m/nofp\libg.a(libc_a-exit.o)
                              D:/STM32CubeCLT/STM32CubeCLT_1.16.0/GNU-tools-for-STM32/bin/../lib/gcc/arm-none-eabi/12.3.1/../../../../arm-none-eabi/lib/thumb/v7e-m/nofp/crt0.o (exit)
D:/STM32CubeCLT/STM32CubeCLT_1.16.0/GNU-tools-for-STM32/bin/../lib/gcc/arm-none-eabi/12.3.1/../../../../arm-none-eabi/lib/thumb/v7e-m/nofp\libg.a(libc_a-findfp.o)
                              D:/STM32CubeCLT/STM32CubeCLT_1.16.0/GNU-tools-for-STM32/bin/../lib/gcc/arm-none-eabi/12.3.1/../../../../arm-none-eabi/lib/thumb/v7e-m/nofp\libg.a(libc_a-exit.o) (__stdio_exit_handler)
D:/STM32CubeCLT/STM32CubeCLT_1.16.0/GNU-tools-for-STM32/bin/../lib/gcc/arm-none-eabi/12.3.1/../../../../arm-none-eabi/lib/thumb/v7e-m/nofp\libg.a(libc_a-fwalk.o)
                              D:/STM32CubeCLT/STM32CubeCLT_1.16.0/GNU-tools-for-STM32/bin/../lib/gcc/arm-none-eabi/12.3.1/../../../../arm-none-eabi/lib/thumb/v7e-m/nofp\libg.a(libc_a-findfp.o) (_fwalk_sglue)
D:/STM32CubeCLT/STM32CubeCLT_1.16.0/GNU-tools-for-STM32/bin/../lib/gcc/arm-none-eabi/12.3.1/../../../../arm-none-eabi/lib/thumb/v7e-m/nofp\libg.a(libc_a-snprintf.o)
                              CMakeFiles/HW2.elf.dir/Core/Src/RC.cpp.obj (snprintf)
D:/STM32CubeCLT/STM32CubeCLT_1.16.0/GNU-tools-for-STM32/bin/../lib/gcc/arm-none-eabi/12.3.1/../../../../arm-none-eabi/lib/thumb/v7e-m/nofp\libg.a(libc_a-stdio.o)
                              D:/STM32CubeCLT/STM32CubeCLT_1.16.0/GNU-tools-for-STM32/bin/../lib/gcc/arm-none-eabi/12.3.1/../../../../arm-none-eabi/lib/thumb/v7e-m/nofp\libg.a(libc_a-findfp.o) (__sread)
D:/STM32CubeCLT/STM32CubeCLT_1.16.0/GNU-tools-for-STM32/bin/../lib/gcc/arm-none-eabi/12.3.1/../../../../arm-none-eabi/lib/thumb/v7e-m/nofp\libg.a(libc_a-memset.o)
[...]
Memory Configuration

Name             Origin             Length             Attributes
CCMRAM           0x10000000         0x00010000         xrw
RAM              0x20000000         0x00030000         xrw
FLASH            0x08000000         0x00200000         xr
*default*        0x00000000         0xffffffff

Linker script and memory map

LOAD D:/STM32CubeCLT/STM32CubeCLT_1.16.0/GNU-tools-for-STM32/bin/../lib/gcc/arm-none-eabi/12.3.1/thumb/v7e-m/nofp/crti.o
LOAD D:/STM32CubeCLT/STM32CubeCLT_1.16.0/GNU-tools-for-STM32/bin/../lib/gcc/arm-none-eabi/12.3.1/thumb/v7e-m/nofp/crtbegin.o
LOAD D:/STM32CubeCLT/STM32CubeCLT_1.16.0/GNU-tools-for-STM32/bin/../lib/gcc/arm-none-eabi/12.3.1/../../../../arm-none-eabi/lib/thumb/v7e-m/nofp/crt0.o
LOAD CMakeFiles/HW2.elf.dir/Core/Src/RC.cpp.obj
LOAD CMakeFiles/HW2.elf.dir/Core/Src/RXeventCallback.cpp.obj
LOAD CMakeFiles/HW2.elf.dir/Core/Src/dma.c.obj
LOAD CMakeFiles/HW2.elf.dir/Core/Src/get_enum_string.cpp.obj
LOAD CMakeFiles/HW2.elf.dir/Core/Src/gpio.c.obj
LOAD CMakeFiles/HW2.elf.dir/Core/Src/linearmap.cpp.obj
LOAD CMakeFiles/HW2.elf.dir/Core/Src/main.c.obj
LOAD CMakeFiles/HW2.elf.dir/Core/Src/main.cpp.obj
LOAD CMakeFiles/HW2.elf.dir/Core/Src/stm32f4xx_hal_msp.c.obj
LOAD CMakeFiles/HW2.elf.dir/Core/Src/stm32f4xx_it.c.obj
LOAD CMakeFiles/HW2.elf.dir/Core/Src/syscalls.c.obj
LOAD CMakeFiles/HW2.elf.dir/Core/Src/sysmem.c.obj
LOAD CMakeFiles/HW2.elf.dir/Core/Src/system_stm32f4xx.c.obj
LOAD CMakeFiles/HW2.elf.dir/Core/Src/usart.c.obj
LOAD CMakeFiles/HW2.elf.dir/Core/Startup/startup_stm32f427iihx.s.obj
LOAD CMakeFiles/HW2.elf.dir/Drivers/STM32F4xx_HAL_Driver/Src/stm32f4xx_hal.c.obj
LOAD CMakeFiles/HW2.elf.dir/Drivers/STM32F4xx_HAL_Driver/Src/stm32f4xx_hal_cortex.c.obj
LOAD CMakeFiles/HW2.elf.dir/Drivers/STM32F4xx_HAL_Driver/Src/stm32f4xx_hal_dma.c.obj
LOAD CMakeFiles/HW2.elf.dir/Drivers/STM32F4xx_HAL_Driver/Src/stm32f4xx_hal_dma_ex.c.obj
LOAD CMakeFiles/HW2.elf.dir/Drivers/STM32F4xx_HAL_Driver/Src/stm32f4xx_hal_exti.c.obj
LOAD CMakeFiles/HW2.elf.dir/Drivers/STM32F4xx_HAL_Driver/Src/stm32f4xx_hal_flash.c.obj
LOAD CMakeFiles/HW2.elf.dir/Drivers/STM32F4xx_HAL_Driver/Src/stm32f4xx_hal_flash_ex.c.obj
LOAD CMakeFiles/HW2.elf.dir/Drivers/STM32F4xx_HAL_Driver/Src/stm32f4xx_hal_flash_ramfunc.c.obj
LOAD CMakeFiles/HW2.elf.dir/Drivers/STM32F4xx_HAL_Driver/Src/stm32f4xx_hal_gpio.c.obj
LOAD CMakeFiles/HW2.elf.dir/Drivers/STM32F4xx_HAL_Driver/Src/stm32f4xx_hal_pwr.c.obj
LOAD CMakeFiles/HW2.elf.dir/Drivers/STM32F4xx_HAL_Driver/Src/stm32f4xx_hal_pwr_ex.c.obj
LOAD CMakeFiles/HW2.elf.dir/Drivers/STM32F4xx_HAL_Driver/Src/stm32f4xx_hal_rcc.c.obj
LOAD CMakeFiles/HW2.elf.dir/Drivers/STM32F4xx_HAL_Driver/Src/stm32f4xx_hal_rcc_ex.c.obj
LOAD CMakeFiles/HW2.elf.dir/Drivers/STM32F4xx_HAL_Driver/Src/stm32f4xx_hal_tim.c.obj
LOAD CMakeFiles/HW2.elf.dir/Drivers/STM32F4xx_HAL_Driver/Src/stm32f4xx_hal_tim_ex.c.obj
LOAD CMakeFiles/HW2.elf.dir/Drivers/STM32F4xx_HAL_Driver/Src/stm32f4xx_hal_uart.c.obj
LOAD D:/STM32CubeCLT/STM32CubeCLT_1.16.0/GNU-tools-for-STM32/bin/../lib/gcc/arm-none-eabi/12.3.1/../../../../arm-none-eabi/lib/thumb/v7e-m/nofp\libstdc++.a
LOAD D:/STM32CubeCLT/STM32CubeCLT_1.16.0/GNU-tools-for-STM32/bin/../lib/gcc/arm-none-eabi/12.3.1/../../../../arm-none-eabi/lib/thumb/v7e-m/nofp\libm.a
START GROUP
LOAD D:/STM32CubeCLT/STM32CubeCLT_1.16.0/GNU-tools-for-STM32/bin/../lib/gcc/arm-none-eabi/12.3.1/thumb/v7e-m/nofp\libgcc.a
LOAD D:/STM32CubeCLT/STM32CubeCLT_1.16.0/GNU-tools-for-STM32/bin/../lib/gcc/arm-none-eabi/12.3.1/../../../../arm-none-eabi/lib/thumb/v7e-m/nofp\libg.a
LOAD D:/STM32CubeCLT/STM32CubeCLT_1.16.0/GNU-tools-for-STM32/bin/../lib/gcc/arm-none-eabi/12.3.1/../../../../arm-none-eabi/lib/thumb/v7e-m/nofp\libc.a
END GROUP
LOAD D:/STM32CubeCLT/STM32CubeCLT_1.16.0/GNU-tools-for-STM32/bin/../lib/gcc/arm-none-eabi/12.3.1/thumb/v7e-m/nofp/crtend.o
LOAD D:/STM32CubeCLT/STM32CubeCLT_1.16.0/GNU-tools-for-STM32/bin/../lib/gcc/arm-none-eabi/12.3.1/thumb/v7e-m/nofp/crtn.o
                0x20030000                        _estack = (ORIGIN (RAM) + LENGTH (RAM))
                0x00000200                        _Min_Heap_Size = 0x200
                0x00000400                        _Min_Stack_Size = 0x400

.isr_vector     0x08000000      0x1ac
                0x08000000                        . = ALIGN (0x4)
 *(.isr_vector)
 .isr_vector    0x08000000      0x1ac CMakeFiles/HW2.elf.dir/Core/Startup/startup_stm32f427iihx.s.obj
                0x08000000                g_pfnVectors
                0x080001ac                        . = ALIGN (0x4)

.text           0x080001ac     0x16d8
                0x080001ac                        . = ALIGN (0x4)
 *(.text)
 .text          0x080001ac       0x40 D:/STM32CubeCLT/STM32CubeCLT_1.16.0/GNU-tools-for-STM32/bin/../lib/gcc/arm-none-eabi/12.3.1/thumb/v7e-m/nofp/crtbegin.o
 .text          0x080001ec       0x30 D:/STM32CubeCLT/STM32CubeCLT_1.16.0/GNU-tools-for-STM32/bin/../lib/gcc/arm-none-eabi/12.3.1/thumb/v7e-m/nofp\libgcc.a(_aeabi_uldivmod.o)
                0x080001ec                __aeabi_uldivmod
 .text          0x0800021c      0x2bc D:/STM32CubeCLT/STM32CubeCLT_1.16.0/GNU-tools-for-STM32/bin/../lib/gcc/arm-none-eabi/12.3.1/thumb/v7e-m/nofp\libgcc.a(_udivmoddi4.o)
                0x0800021c                __udivmoddi4
 .text          0x080004d8        0x4 D:/STM32CubeCLT/STM32CubeCLT_1.16.0/GNU-tools-for-STM32/bin/../lib/gcc/arm-none-eabi/12.3.1/thumb/v7e-m/nofp\libgcc.a(_dvmd_tls.o)
                0x080004d8                __aeabi_idiv0
                0x080004d8                __aeabi_ldiv0
 *(.text*)
 .text._ZN2RCC2Ev
                0x080004dc       0x64 CMakeFiles/HW2.elf.dir/Core/Src/RC.cpp.obj
                0x080004dc                RC::RC()
                0x080004dc                RC::RC()
 .text.MX_DMA_Init
                0x08000540       0x44 CMakeFiles/HW2.elf.dir/Core/Src/dma.c.obj
                0x08000540                MX_DMA_Init
 .text.MX_GPIO_Init
                0x08000584       0x24 CMakeFiles/HW2.elf.dir/Core/Src/gpio.c.obj
                0x08000584                MX_GPIO_Init
 .text.Error_Handler
                0x080005a8        0x4 CMakeFiles/HW2.elf.dir/Core/Src/main.c.obj
                0x080005a8                Error_Handler
 .text.SystemClock_Config
                0x080005ac       0x8c CMakeFiles/HW2.elf.dir/Core/Src/main.c.obj
                0x080005ac                SystemClock_Config
 .text.main     0x08000638       0x18 CMakeFiles/HW2.elf.dir/Core/Src/main.c.obj
                0x08000638                main
 .text._Z41__static_initialization_and_destruction_0ii
                0x08000650       0x20 CMakeFiles/HW2.elf.dir/Core/Src/main.cpp.obj
 .text._GLOBAL__sub_I_data_index
                0x08000670        0xe CMakeFiles/HW2.elf.dir/Core/Src/main.cpp.obj
 *fill*         0x0800067e        0x2 
 .text.HAL_MspInit
                0x08000680       0x38 CMakeFiles/HW2.elf.dir/Core/Src/stm32f4xx_hal_msp.c.obj
                0x08000680                HAL_MspInit
 .text.NMI_Handler
                0x080006b8        0x2 CMakeFiles/HW2.elf.dir/Core/Src/stm32f4xx_it.c.obj
                0x080006b8                NMI_Handler
 .text.HardFault_Handler
                0x080006ba        0x2 CMakeFiles/HW2.elf.dir/Core/Src/stm32f4xx_it.c.obj
                0x080006ba                HardFault_Handler
 .text.MemManage_Handler
                0x080006bc        0x2 CMakeFiles/HW2.elf.dir/Core/Src/stm32f4xx_it.c.obj
                0x080006bc                MemManage_Handler
 .text.BusFault_Handler
                0x080006be        0x2 CMakeFiles/HW2.elf.dir/Core/Src/stm32f4xx_it.c.obj
                0x080006be                BusFault_Handler
 .text.UsageFault_Handler
                0x080006c0        0x2 CMakeFiles/HW2.elf.dir/Core/Src/stm32f4xx_it.c.obj
                0x080006c0                UsageFault_Handler
 .text.SVC_Handler
                0x080006c2        0x2 CMakeFiles/HW2.elf.dir/Core/Src/stm32f4xx_it.c.obj
                0x080006c2                SVC_Handler
 .text.DebugMon_Handler
                0x080006c4        0x2 CMakeFiles/HW2.elf.dir/Core/Src/stm32f4xx_it.c.obj
                0x080006c4                DebugMon_Handler
 .text.PendSV_Handler
                0x080006c6        0x2 CMakeFiles/HW2.elf.dir/Core/Src/stm32f4xx_it.c.obj
                0x080006c6                PendSV_Handler
 .text.SysTick_Handler
                0x080006c8        0x8 CMakeFiles/HW2.elf.dir/Core/Src/stm32f4xx_it.c.obj
                0x080006c8                SysTick_Handler
 .text.DMA2_Stream2_IRQHandler
                0x080006d0       0x10 CMakeFiles/HW2.elf.dir/Core/Src/stm32f4xx_it.c.obj
                0x080006d0                DMA2_Stream2_IRQHandler
 .text.DMA2_Stream7_IRQHandler
                0x080006e0       0x10 CMakeFiles/HW2.elf.dir/Core/Src/stm32f4xx_it.c.obj
                0x080006e0                DMA2_Stream7_IRQHandler
 .text.SystemInit
                0x080006f0        0x2 CMakeFiles/HW2.elf.dir/Core/Src/system_stm32f4xx.c.obj
                0x080006f0                SystemInit
 *fill*         0x080006f2        0x2 
 .text.MX_USART1_UART_Init
                0x080006f4       0x3c CMakeFiles/HW2.elf.dir/Core/Src/usart.c.obj
                0x080006f4                MX_USART1_UART_Init
 .text.HAL_UART_MspInit
                0x08000730       0xe8 CMakeFiles/HW2.elf.dir/Core/Src/usart.c.obj
                0x08000730                HAL_UART_MspInit
 .text.Reset_Handler
                0x08000818       0x50 CMakeFiles/HW2.elf.dir/Core/Startup/startup_stm32f427iihx.s.obj
                0x08000818                Reset_Handler
 .text.Default_Handler
                0x08000868        0x2 CMakeFiles/HW2.elf.dir/Core/Startup/startup_stm32f427iihx.s.obj
                0x08000868                RTC_Alarm_IRQHandler
                0x08000868                HASH_RNG_IRQHandler
                0x08000868                EXTI2_IRQHandler
                0x08000868                TIM8_CC_IRQHandler
                0x08000868                UART8_IRQHandler
                0x08000868                SPI4_IRQHandler
                0x08000868                TIM1_CC_IRQHandler
                0x08000868                DMA2_Stream5_IRQHandler
                0x08000868                DMA1_Stream5_IRQHandler
                0x08000868                PVD_IRQHandler
                0x08000868                SDIO_IRQHandler
                0x08000868                TAMP_STAMP_IRQHandler
                0x08000868                CAN2_RX1_IRQHandler
                0x08000868                EXTI3_IRQHandler
                0x08000868                TIM8_TRG_COM_TIM14_IRQHandler
                0x08000868                TIM1_UP_TIM10_IRQHandler
                0x08000868                TIM8_UP_TIM13_IRQHandler
                0x08000868                I2C3_ER_IRQHandler
                0x08000868                EXTI0_IRQHandler
                0x08000868                I2C2_EV_IRQHandler
                0x08000868                DMA1_Stream2_IRQHandler
                0x08000868                CAN1_RX0_IRQHandler
                0x08000868                FPU_IRQHandler
                0x08000868                OTG_HS_WKUP_IRQHandler
                0x08000868                CAN2_SCE_IRQHandler
                0x08000868                SPI1_IRQHandler
                0x08000868                TIM6_DAC_IRQHandler
                0x08000868                TIM1_BRK_TIM9_IRQHandler
                0x08000868                DCMI_IRQHandler
                0x08000868                CAN2_RX0_IRQHandler
                0x08000868                DMA2_Stream3_IRQHandler
                0x08000868                USART6_IRQHandler
                0x08000868                USART3_IRQHandler
                0x08000868                CAN1_RX1_IRQHandler
                0x08000868                UART5_IRQHandler
                0x08000868                DMA2_Stream0_IRQHandler
                0x08000868                TIM4_IRQHandler
                0x08000868                I2C1_EV_IRQHandler
                0x08000868                DMA1_Stream6_IRQHandler
                0x08000868                DMA1_Stream1_IRQHandler
                0x08000868                UART4_IRQHandler
                0x08000868                TIM3_IRQHandler
                0x08000868                RCC_IRQHandler
                0x08000868                TIM8_BRK_TIM12_IRQHandler
                0x08000868                Default_Handler
                0x08000868                EXTI15_10_IRQHandler
                0x08000868                ADC_IRQHandler
                0x08000868                DMA1_Stream7_IRQHandler
                0x08000868                SPI5_IRQHandler
                0x08000868                TIM7_IRQHandler
                0x08000868                CAN2_TX_IRQHandler
                0x08000868                TIM5_IRQHandler
                0x08000868                I2C3_EV_IRQHandler
                0x08000868                EXTI9_5_IRQHandler
                0x08000868                RTC_WKUP_IRQHandler
                0x08000868                ETH_WKUP_IRQHandler
                0x08000868                SPI2_IRQHandler
                0x08000868                OTG_HS_EP1_IN_IRQHandler
                0x08000868                DMA1_Stream0_IRQHandler
                0x08000868                CAN1_TX_IRQHandler
                0x08000868                EXTI4_IRQHandler
                0x08000868                ETH_IRQHandler
                0x08000868                OTG_HS_EP1_OUT_IRQHandler
                0x08000868                WWDG_IRQHandler
                0x08000868                SPI6_IRQHandler
                0x08000868                TIM2_IRQHandler
                0x08000868                OTG_FS_WKUP_IRQHandler
                0x08000868                TIM1_TRG_COM_TIM11_IRQHandler
                0x08000868                OTG_HS_IRQHandler
                0x08000868                DMA2D_IRQHandler
                0x08000868                EXTI1_IRQHandler
                0x08000868                UART7_IRQHandler
                0x08000868                USART2_IRQHandler
                0x08000868                I2C2_ER_IRQHandler
                0x08000868                DMA2_Stream1_IRQHandler
                0x08000868                CAN1_SCE_IRQHandler
                0x08000868                FLASH_IRQHandler
                0x08000868                DMA2_Stream4_IRQHandler
                0x08000868                USART1_IRQHandler
                0x08000868                OTG_FS_IRQHandler
                0x08000868                SPI3_IRQHandler
                0x08000868                DMA1_Stream4_IRQHandler
                0x08000868                I2C1_ER_IRQHandler
                0x08000868                FMC_IRQHandler
                0x08000868                DMA2_Stream6_IRQHandler
                0x08000868                SAI1_IRQHandler
                0x08000868                DMA1_Stream3_IRQHandler
 *fill*         0x0800086a        0x2 
 .text.HAL_InitTick
                0x0800086c       0x4c CMakeFiles/HW2.elf.dir/Drivers/STM32F4xx_HAL_Driver/Src/stm32f4xx_hal.c.obj
                0x0800086c                HAL_InitTick
 .text.HAL_Init
                0x080008b8       0x34 CMakeFiles/HW2.elf.dir/Drivers/STM32F4xx_HAL_Driver/Src/stm32f4xx_hal.c.obj
                0x080008b8                HAL_Init
 .text.HAL_IncTick
                0x080008ec       0x18 CMakeFiles/HW2.elf.dir/Drivers/STM32F4xx_HAL_Driver/Src/stm32f4xx_hal.c.obj
                0x080008ec                HAL_IncTick
 .text.HAL_GetTick
                0x08000904        0xc CMakeFiles/HW2.elf.dir/Drivers/STM32F4xx_HAL_Driver/Src/stm32f4xx_hal.c.obj
                0x08000904                HAL_GetTick
 .text.__NVIC_EnableIRQ
                0x08000910       0x1c CMakeFiles/HW2.elf.dir/Drivers/STM32F4xx_HAL_Driver/Src/stm32f4xx_hal_cortex.c.obj
 .text.__NVIC_SetPriority
                0x0800092c       0x28 CMakeFiles/HW2.elf.dir/Drivers/STM32F4xx_HAL_Driver/Src/stm32f4xx_hal_cortex.c.obj
 .text.NVIC_EncodePriority
                0x08000954       0x3e CMakeFiles/HW2.elf.dir/Drivers/STM32F4xx_HAL_Driver/Src/stm32f4xx_hal_cortex.c.obj
 *fill*         0x08000992        0x2 
 .text.HAL_NVIC_SetPriorityGrouping
                0x08000994       0x24 CMakeFiles/HW2.elf.dir/Drivers/STM32F4xx_HAL_Driver/Src/stm32f4xx_hal_cortex.c.obj
                0x08000994                HAL_NVIC_SetPriorityGrouping
 .text.HAL_NVIC_SetPriority
                0x080009b8       0x20 CMakeFiles/HW2.elf.dir/Drivers/STM32F4xx_HAL_Driver/Src/stm32f4xx_hal_cortex.c.obj
                0x080009b8                HAL_NVIC_SetPriority
 .text.HAL_NVIC_EnableIRQ
                0x080009d8        0x8 CMakeFiles/HW2.elf.dir/Drivers/STM32F4xx_HAL_Driver/Src/stm32f4xx_hal_cortex.c.obj
                0x080009d8                HAL_NVIC_EnableIRQ
 .text.HAL_SYSTICK_Config
                0x080009e0       0x28 CMakeFiles/HW2.elf.dir/Drivers/STM32F4xx_HAL_Driver/Src/stm32f4xx_hal_cortex.c.obj
                0x080009e0                HAL_SYSTICK_Config
 .text.DMA_CalcBaseAndBitshift
                0x08000a08       0x40 CMakeFiles/HW2.elf.dir/Drivers/STM32F4xx_HAL_Driver/Src/stm32f4xx_hal_dma.c.obj
 .text.DMA_CheckFifoParam
                0x08000a48       0x8e CMakeFiles/HW2.elf.dir/Drivers/STM32F4xx_HAL_Driver/Src/stm32f4xx_hal_dma.c.obj
 *fill*         0x08000ad6        0x2 
 .text.HAL_DMA_Init
                0x08000ad8       0xcc CMakeFiles/HW2.elf.dir/Drivers/STM32F4xx_HAL_Driver/Src/stm32f4xx_hal_dma.c.obj
                0x08000ad8                HAL_DMA_Init
 .text.HAL_DMA_IRQHandler
                0x08000ba4      0x1dc CMakeFiles/HW2.elf.dir/Drivers/STM32F4xx_HAL_Driver/Src/stm32f4xx_hal_dma.c.obj
                0x08000ba4                HAL_DMA_IRQHandler
 .text.HAL_GPIO_Init
                0x08000d80      0x20c CMakeFiles/HW2.elf.dir/Drivers/STM32F4xx_HAL_Driver/Src/stm32f4xx_hal_gpio.c.obj
                0x08000d80                HAL_GPIO_Init
 .text.HAL_RCC_OscConfig
                0x08000f8c      0x3f8 CMakeFiles/HW2.elf.dir/Drivers/STM32F4xx_HAL_Driver/Src/stm32f4xx_hal_rcc.c.obj
                0x08000f8c                HAL_RCC_OscConfig
 .text.HAL_RCC_GetSysClockFreq
                0x08001384       0xa8 CMakeFiles/HW2.elf.dir/Drivers/STM32F4xx_HAL_Driver/Src/stm32f4xx_hal_rcc.c.obj
                0x08001384                HAL_RCC_GetSysClockFreq
 .text.HAL_RCC_ClockConfig
                0x0800142c      0x160 CMakeFiles/HW2.elf.dir/Drivers/STM32F4xx_HAL_Driver/Src/stm32f4xx_hal_rcc.c.obj
                0x0800142c                HAL_RCC_ClockConfig
 .text.HAL_RCC_GetHCLKFreq
                0x0800158c        0xc CMakeFiles/HW2.elf.dir/Drivers/STM32F4xx_HAL_Driver/Src/stm32f4xx_hal_rcc.c.obj
                0x0800158c                HAL_RCC_GetHCLKFreq
 .text.HAL_RCC_GetPCLK1Freq
                0x08001598       0x20 CMakeFiles/HW2.elf.dir/Drivers/STM32F4xx_HAL_Driver/Src/stm32f4xx_hal_rcc.c.obj
                0x08001598                HAL_RCC_GetPCLK1Freq
 .text.HAL_RCC_GetPCLK2Freq
                0x080015b8       0x20 CMakeFiles/HW2.elf.dir/Drivers/STM32F4xx_HAL_Driver/Src/stm32f4xx_hal_rcc.c.obj
                0x080015b8                HAL_RCC_GetPCLK2Freq
 .text.UART_SetConfig
                0x080015d8      0x110 CMakeFiles/HW2.elf.dir/Drivers/STM32F4xx_HAL_Driver/Src/stm32f4xx_hal_uart.c.obj
 .text.HAL_UART_Init
                0x080016e8       0x60 CMakeFiles/HW2.elf.dir/Drivers/STM32F4xx_HAL_Driver/Src/stm32f4xx_hal_uart.c.obj
                0x080016e8                HAL_UART_Init
 .text.memset   0x08001748       0x10 D:/STM32CubeCLT/STM32CubeCLT_1.16.0/GNU-tools-for-STM32/bin/../lib/gcc/arm-none-eabi/12.3.1/../../../../arm-none-eabi/lib/thumb/v7e-m/nofp\libg.a(libc_a-memset.o)
                0x08001748                memset
 .text.__libc_init_array
                0x08001758       0x48 D:/STM32CubeCLT/STM32CubeCLT_1.16.0/GNU-tools-for-STM32/bin/../lib/gcc/arm-none-eabi/12.3.1/../../../../arm-none-eabi/lib/thumb/v7e-m/nofp\libg.a(libc_a-init.o)
                0x08001758                __libc_init_array
 .text.__retarget_lock_acquire_recursive
                0x080017a0        0x2 D:/STM32CubeCLT/STM32CubeCLT_1.16.0/GNU-tools-for-STM32/bin/../lib/gcc/arm-none-eabi/12.3.1/../../../../arm-none-eabi/lib/thumb/v7e-m/nofp\libg.a(libc_a-lock.o)
                0x080017a0                __retarget_lock_acquire_recursive
 .text.__retarget_lock_release_recursive
                0x080017a2        0x2 D:/STM32CubeCLT/STM32CubeCLT_1.16.0/GNU-tools-for-STM32/bin/../lib/gcc/arm-none-eabi/12.3.1/../../../../arm-none-eabi/lib/thumb/v7e-m/nofp\libg.a(libc_a-lock.o)
                0x080017a2                __retarget_lock_release_recursive
 .text.startup.register_fini
                0x080017a4       0x14 D:/STM32CubeCLT/STM32CubeCLT_1.16.0/GNU-tools-for-STM32/bin/../lib/gcc/arm-none-eabi/12.3.1/../../../../arm-none-eabi/lib/thumb/v7e-m/nofp\libg.a(libc_a-__call_atexit.o)
 .text.atexit   0x080017b8        0xc D:/STM32CubeCLT/STM32CubeCLT_1.16.0/GNU-tools-for-STM32/bin/../lib/gcc/arm-none-eabi/12.3.1/../../../../arm-none-eabi/lib/thumb/v7e-m/nofp\libg.a(libc_a-atexit.o)
                0x080017b8                atexit
 .text.__libc_fini_array
                0x080017c4       0x28 D:/STM32CubeCLT/STM32CubeCLT_1.16.0/GNU-tools-for-STM32/bin/../lib/gcc/arm-none-eabi/12.3.1/../../../../arm-none-eabi/lib/thumb/v7e-m/nofp\libg.a(libc_a-fini.o)
                0x080017c4                __libc_fini_array
 .text.__register_exitproc
                0x080017ec       0x80 D:/STM32CubeCLT/STM32CubeCLT_1.16.0/GNU-tools-for-STM32/bin/../lib/gcc/arm-none-eabi/12.3.1/../../../../arm-none-eabi/lib/thumb/v7e-m/nofp\libg.a(libc_a-__atexit.o)
                0x080017ec                __register_exitproc
 *(.glue_7)
 .glue_7        0x0800186c        0x0 linker stubs
 *(.glue_7t)
 .glue_7t       0x0800186c        0x0 linker stubs
 *(.eh_frame)
 .eh_frame      0x0800186c        0x0 D:/STM32CubeCLT/STM32CubeCLT_1.16.0/GNU-tools-for-STM32/bin/../lib/gcc/arm-none-eabi/12.3.1/thumb/v7e-m/nofp/crtbegin.o
 *(.init)
 .init          0x0800186c        0x4 D:/STM32CubeCLT/STM32CubeCLT_1.16.0/GNU-tools-for-STM32/bin/../lib/gcc/arm-none-eabi/12.3.1/thumb/v7e-m/nofp/crti.o
                0x0800186c                _init
 .init          0x08001870        0x8 D:/STM32CubeCLT/STM32CubeCLT_1.16.0/GNU-tools-for-STM32/bin/../lib/gcc/arm-none-eabi/12.3.1/thumb/v7e-m/nofp/crtn.o
 *(.fini)
 .fini          0x08001878        0x4 D:/STM32CubeCLT/STM32CubeCLT_1.16.0/GNU-tools-for-STM32/bin/../lib/gcc/arm-none-eabi/12.3.1/thumb/v7e-m/nofp/crti.o
                0x08001878                _fini
 .fini          0x0800187c        0x8 D:/STM32CubeCLT/STM32CubeCLT_1.16.0/GNU-tools-for-STM32/bin/../lib/gcc/arm-none-eabi/12.3.1/thumb/v7e-m/nofp/crtn.o
                0x08001884                        . = ALIGN (0x4)
                0x08001884                        _etext = .

.vfp11_veneer   0x08001884        0x0
 .vfp11_veneer  0x08001884        0x0 linker stubs

.v4_bx          0x08001884        0x0
 .v4_bx         0x08001884        0x0 linker stubs

.iplt           0x08001884        0x0
 .iplt          0x08001884        0x0 D:/STM32CubeCLT/STM32CubeCLT_1.16.0/GNU-tools-for-STM32/bin/../lib/gcc/arm-none-eabi/12.3.1/thumb/v7e-m/nofp/crtbegin.o

.rodata         0x08001884       0x20
                0x08001884                        . = ALIGN (0x4)
 *(.rodata)
 *(.rodata*)
 .rodata.APBPrescTable
                0x08001884        0x8 CMakeFiles/HW2.elf.dir/Core/Src/system_stm32f4xx.c.obj
                0x08001884                APBPrescTable
 .rodata.AHBPrescTable
                0x0800188c       0x10 CMakeFiles/HW2.elf.dir/Core/Src/system_stm32f4xx.c.obj
                0x0800188c                AHBPrescTable
 .rodata.flagBitshiftOffset.0
                0x0800189c        0x8 CMakeFiles/HW2.elf.dir/Drivers/STM32F4xx_HAL_Driver/Src/stm32f4xx_hal_dma.c.obj
                0x080018a4                        . = ALIGN (0x4)

.ARM.extab      0x080018a4        0x0
                0x080018a4                        . = ALIGN (0x4)
 *(.ARM.extab* .gnu.linkonce.armextab.*)
                0x080018a4                        . = ALIGN (0x4)

.ARM            0x080018a4        0x8
                0x080018a4                        . = ALIGN (0x4)
                0x080018a4                        __exidx_start = .
 *(.ARM.exidx*)
 .ARM.exidx     0x080018a4        0x8 D:/STM32CubeCLT/STM32CubeCLT_1.16.0/GNU-tools-for-STM32/bin/../lib/gcc/arm-none-eabi/12.3.1/thumb/v7e-m/nofp\libgcc.a(_udivmoddi4.o)
 .ARM.exidx.text._ZN2RCC2Ev
                0x080018ac        0x0 CMakeFiles/HW2.elf.dir/Core/Src/RC.cpp.obj
                                  0x8 (size before relaxing)
 .ARM.exidx.text._Z41__static_initialization_and_destruction_0ii
                0x080018ac        0x0 CMakeFiles/HW2.elf.dir/Core/Src/main.cpp.obj
                                  0x8 (size before relaxing)
 .ARM.exidx.text._GLOBAL__sub_I_data_index
                0x080018ac        0x0 CMakeFiles/HW2.elf.dir/Core/Src/main.cpp.obj
                                  0x8 (size before relaxing)
                0x080018ac                        __exidx_end = .
                0x080018ac                        . = ALIGN (0x4)

.preinit_array  0x080018ac        0x0
                0x080018ac                        . = ALIGN (0x4)
                0x080018ac                        PROVIDE (__preinit_array_start = .)
 *(.preinit_array*)
                0x080018ac                        PROVIDE (__preinit_array_end = .)
                0x080018ac                        . = ALIGN (0x4)

.init_array     0x080018ac        0xc
                0x080018ac                        . = ALIGN (0x4)
                0x080018ac                        PROVIDE (__init_array_start = .)
 *(SORT_BY_NAME(.init_array.*))
 .init_array.00000
                0x080018ac        0x4 D:/STM32CubeCLT/STM32CubeCLT_1.16.0/GNU-tools-for-STM32/bin/../lib/gcc/arm-none-eabi/12.3.1/../../../../arm-none-eabi/lib/thumb/v7e-m/nofp\libg.a(libc_a-__call_atexit.o)
 *(.init_array*)
 .init_array    0x080018b0        0x4 D:/STM32CubeCLT/STM32CubeCLT_1.16.0/GNU-tools-for-STM32/bin/../lib/gcc/arm-none-eabi/12.3.1/thumb/v7e-m/nofp/crtbegin.o
 .init_array    0x080018b4        0x4 CMakeFiles/HW2.elf.dir/Core/Src/main.cpp.obj
                0x080018b8                        PROVIDE (__init_array_end = .)
                0x080018b8                        . = ALIGN (0x4)

.fini_array     0x080018b8        0x4
                0x080018b8                        . = ALIGN (0x4)
                0x080018b8                        PROVIDE (__fini_array_start = .)
 *(SORT_BY_NAME(.fini_array.*))
 *(.fini_array*)
 .fini_array    0x080018b8        0x4 D:/STM32CubeCLT/STM32CubeCLT_1.16.0/GNU-tools-for-STM32/bin/../lib/gcc/arm-none-eabi/12.3.1/thumb/v7e-m/nofp/crtbegin.o
                0x080018bc                        PROVIDE (__fini_array_end = .)
                0x080018bc                        . = ALIGN (0x4)
                0x080018bc                        _sidata = LOADADDR (.data)

.rel.dyn        0x080018bc        0x0
 .rel.iplt      0x080018bc        0x0 D:/STM32CubeCLT/STM32CubeCLT_1.16.0/GNU-tools-for-STM32/bin/../lib/gcc/arm-none-eabi/12.3.1/thumb/v7e-m/nofp/crtbegin.o

.data           0x20000000       0x10 load address 0x080018bc
                0x20000000                        . = ALIGN (0x4)
                0x20000000                        _sdata = .
 *(.data)
 *(.data*)
 .data.SystemCoreClock
                0x20000000        0x4 CMakeFiles/HW2.elf.dir/Core/Src/system_stm32f4xx.c.obj
                0x20000000                SystemCoreClock
 .data.uwTickFreq
                0x20000004        0x1 CMakeFiles/HW2.elf.dir/Drivers/STM32F4xx_HAL_Driver/Src/stm32f4xx_hal.c.obj
                0x20000004                uwTickFreq
 *fill*         0x20000005        0x3 
 .data.uwTickPrio
                0x20000008        0x4 CMakeFiles/HW2.elf.dir/Drivers/STM32F4xx_HAL_Driver/Src/stm32f4xx_hal.c.obj
                0x20000008                uwTickPrio
 .data.__atexit_recursive_mutex
                0x2000000c        0x4 D:/STM32CubeCLT/STM32CubeCLT_1.16.0/GNU-tools-for-STM32/bin/../lib/gcc/arm-none-eabi/12.3.1/../../../../arm-none-eabi/lib/thumb/v7e-m/nofp\libg.a(libc_a-__call_atexit.o)
                0x2000000c                __atexit_recursive_mutex
 *(.RamFunc)
 *(.RamFunc*)
                0x20000010                        . = ALIGN (0x4)
                0x20000010                        _edata = .
                0x080018cc                        _siccmram = LOADADDR (.ccmram)

.igot.plt       0x20000010        0x0 load address 0x080018cc
 .igot.plt      0x20000010        0x0 D:/STM32CubeCLT/STM32CubeCLT_1.16.0/GNU-tools-for-STM32/bin/../lib/gcc/arm-none-eabi/12.3.1/thumb/v7e-m/nofp/crtbegin.o

.ccmram         0x10000000        0x0 load address 0x080018cc
                0x10000000                        . = ALIGN (0x4)
                0x10000000                        _sccmram = .
 *(.ccmram)
 *(.ccmram*)
                0x10000000                        . = ALIGN (0x4)
                0x10000000                        _eccmram = .
                0x10000000                        . = ALIGN (0x4)

.bss            0x20000010      0x2fc
                0x20000010                        _sbss = .
                0x20000010                        __bss_start__ = _sbss
 *(.bss)
 .bss           0x20000010       0x1c D:/STM32CubeCLT/STM32CubeCLT_1.16.0/GNU-tools-for-STM32/bin/../lib/gcc/arm-none-eabi/12.3.1/thumb/v7e-m/nofp/crtbegin.o
 *(.bss*)
 .bss.rc        0x2000002c       0x3c CMakeFiles/HW2.elf.dir/Core/Src/main.cpp.obj
                0x2000002c                rc
 .bss.hdma_usart1_tx
                0x20000068       0x60 CMakeFiles/HW2.elf.dir/Core/Src/usart.c.obj
                0x20000068                hdma_usart1_tx
 .bss.hdma_usart1_rx
                0x200000c8       0x60 CMakeFiles/HW2.elf.dir/Core/Src/usart.c.obj
                0x200000c8                hdma_usart1_rx
 .bss.huart1    0x20000128       0x48 CMakeFiles/HW2.elf.dir/Core/Src/usart.c.obj
                0x20000128                huart1
 .bss.uwTick    0x20000170        0x4 CMakeFiles/HW2.elf.dir/Drivers/STM32F4xx_HAL_Driver/Src/stm32f4xx_hal.c.obj
                0x20000170                uwTick
 .bss.__lock___atexit_recursive_mutex
                0x20000174        0x1 D:/STM32CubeCLT/STM32CubeCLT_1.16.0/GNU-tools-for-STM32/bin/../lib/gcc/arm-none-eabi/12.3.1/../../../../arm-none-eabi/lib/thumb/v7e-m/nofp\libg.a(libc_a-lock.o)
                0x20000174                __lock___atexit_recursive_mutex
 *fill*         0x20000175        0x3 
 .bss.__atexit  0x20000178        0x4 D:/STM32CubeCLT/STM32CubeCLT_1.16.0/GNU-tools-for-STM32/bin/../lib/gcc/arm-none-eabi/12.3.1/../../../../arm-none-eabi/lib/thumb/v7e-m/nofp\libg.a(libc_a-__call_atexit.o)
                0x20000178                __atexit
 .bss.__atexit0
                0x2000017c      0x190 D:/STM32CubeCLT/STM32CubeCLT_1.16.0/GNU-tools-for-STM32/bin/../lib/gcc/arm-none-eabi/12.3.1/../../../../arm-none-eabi/lib/thumb/v7e-m/nofp\libg.a(libc_a-__atexit.o)
                0x2000017c                __atexit0
 *(COMMON)
                0x2000030c                        . = ALIGN (0x4)
                0x2000030c                        _ebss = .
                0x2000030c                        __bss_end__ = _ebss

._user_heap_stack
                0x2000030c      0x604
                0x20000310                        . = ALIGN (0x8)
 *fill*         0x2000030c        0x4 
                [!provide]                        PROVIDE (end = .)
                0x20000310                        PROVIDE (_end = .)
                0x20000510                        . = (. + _Min_Heap_Size)
 *fill*         0x20000310      0x200 
                0x20000910                        . = (. + _Min_Stack_Size)
 *fill*         0x20000510      0x400 
                0x20000910                        . = ALIGN (0x8)

/DISCARD/
 libc.a(*)
 libm.a(*)
 libgcc.a(*)

.ARM.attributes
                0x00000000       0x2a
 *(.ARM.attributes)
 .ARM.attributes
                0x00000000       0x1e D:/STM32CubeCLT/STM32CubeCLT_1.16.0/GNU-tools-for-STM32/bin/../lib/gcc/arm-none-eabi/12.3.1/thumb/v7e-m/nofp/crti.o
 .ARM.attributes
                0x0000001e       0x2e D:/STM32CubeCLT/STM32CubeCLT_1.16.0/GNU-tools-for-STM32/bin/../lib/gcc/arm-none-eabi/12.3.1/thumb/v7e-m/nofp/crtbegin.o
 .ARM.attributes
                0x0000004c       0x2e CMakeFiles/HW2.elf.dir/Core/Src/RC.cpp.obj
 .ARM.attributes
                0x0000007a       0x2e CMakeFiles/HW2.elf.dir/Core/Src/dma.c.obj
 .ARM.attributes
                0x000000a8       0x2e CMakeFiles/HW2.elf.dir/Core/Src/gpio.c.obj
 .ARM.attributes
                0x000000d6       0x2e CMakeFiles/HW2.elf.dir/Core/Src/main.c.obj
 .ARM.attributes
                0x00000104       0x2e CMakeFiles/HW2.elf.dir/Core/Src/main.cpp.obj
 .ARM.attributes
                0x00000132       0x2e CMakeFiles/HW2.elf.dir/Core/Src/stm32f4xx_hal_msp.c.obj
 .ARM.attributes
                0x00000160       0x2e CMakeFiles/HW2.elf.dir/Core/Src/stm32f4xx_it.c.obj
 .ARM.attributes
                0x0000018e       0x2e CMakeFiles/HW2.elf.dir/Core/Src/system_stm32f4xx.c.obj
 .ARM.attributes
                0x000001bc       0x2e CMakeFiles/HW2.elf.dir/Core/Src/usart.c.obj
 .ARM.attributes
                0x000001ea       0x21 CMakeFiles/HW2.elf.dir/Core/Startup/startup_stm32f427iihx.s.obj
 .ARM.attributes
                0x0000020b       0x2e CMakeFiles/HW2.elf.dir/Drivers/STM32F4xx_HAL_Driver/Src/stm32f4xx_hal.c.obj
 .ARM.attributes
                0x00000239       0x2e CMakeFiles/HW2.elf.dir/Drivers/STM32F4xx_HAL_Driver/Src/stm32f4xx_hal_cortex.c.obj
 .ARM.attributes
                0x00000267       0x2e CMakeFiles/HW2.elf.dir/Drivers/STM32F4xx_HAL_Driver/Src/stm32f4xx_hal_dma.c.obj
 .ARM.attributes
                0x00000295       0x2e CMakeFiles/HW2.elf.dir/Drivers/STM32F4xx_HAL_Driver/Src/stm32f4xx_hal_gpio.c.obj
 .ARM.attributes
                0x000002c3       0x2e CMakeFiles/HW2.elf.dir/Drivers/STM32F4xx_HAL_Driver/Src/stm32f4xx_hal_rcc.c.obj
 .ARM.attributes
                0x000002f1       0x2e CMakeFiles/HW2.elf.dir/Drivers/STM32F4xx_HAL_Driver/Src/stm32f4xx_hal_uart.c.obj
 .ARM.attributes
                0x0000031f       0x1e D:/STM32CubeCLT/STM32CubeCLT_1.16.0/GNU-tools-for-STM32/bin/../lib/gcc/arm-none-eabi/12.3.1/thumb/v7e-m/nofp\libgcc.a(_aeabi_uldivmod.o)
 .ARM.attributes
                0x0000033d       0x2e D:/STM32CubeCLT/STM32CubeCLT_1.16.0/GNU-tools-for-STM32/bin/../lib/gcc/arm-none-eabi/12.3.1/thumb/v7e-m/nofp\libgcc.a(_udivmoddi4.o)
 .ARM.attributes
                0x0000036b       0x1e D:/STM32CubeCLT/STM32CubeCLT_1.16.0/GNU-tools-for-STM32/bin/../lib/gcc/arm-none-eabi/12.3.1/thumb/v7e-m/nofp\libgcc.a(_dvmd_tls.o)
 .ARM.attributes
                0x00000389       0x2e D:/STM32CubeCLT/STM32CubeCLT_1.16.0/GNU-tools-for-STM32/bin/../lib/gcc/arm-none-eabi/12.3.1/../../../../arm-none-eabi/lib/thumb/v7e-m/nofp\libg.a(libc_a-memset.o)
 .ARM.attributes
                0x000003b7       0x2e D:/STM32CubeCLT/STM32CubeCLT_1.16.0/GNU-tools-for-STM32/bin/../lib/gcc/arm-none-eabi/12.3.1/../../../../arm-none-eabi/lib/thumb/v7e-m/nofp\libg.a(libc_a-init.o)
 .ARM.attributes
                0x000003e5       0x2e D:/STM32CubeCLT/STM32CubeCLT_1.16.0/GNU-tools-for-STM32/bin/../lib/gcc/arm-none-eabi/12.3.1/../../../../arm-none-eabi/lib/thumb/v7e-m/nofp\libg.a(libc_a-lock.o)
 .ARM.attributes
                0x00000413       0x2e D:/STM32CubeCLT/STM32CubeCLT_1.16.0/GNU-tools-for-STM32/bin/../lib/gcc/arm-none-eabi/12.3.1/../../../../arm-none-eabi/lib/thumb/v7e-m/nofp\libg.a(libc_a-__call_atexit.o)
 .ARM.attributes
                0x00000441       0x2e D:/STM32CubeCLT/STM32CubeCLT_1.16.0/GNU-tools-for-STM32/bin/../lib/gcc/arm-none-eabi/12.3.1/../../../../arm-none-eabi/lib/thumb/v7e-m/nofp\libg.a(libc_a-atexit.o)
 .ARM.attributes
                0x0000046f       0x2e D:/STM32CubeCLT/STM32CubeCLT_1.16.0/GNU-tools-for-STM32/bin/../lib/gcc/arm-none-eabi/12.3.1/../../../../arm-none-eabi/lib/thumb/v7e-m/nofp\libg.a(libc_a-fini.o)
 .ARM.attributes
                0x0000049d       0x2e D:/STM32CubeCLT/STM32CubeCLT_1.16.0/GNU-tools-for-STM32/bin/../lib/gcc/arm-none-eabi/12.3.1/../../../../arm-none-eabi/lib/thumb/v7e-m/nofp\libg.a(libc_a-__atexit.o)
 .ARM.attributes
                0x000004cb       0x1e D:/STM32CubeCLT/STM32CubeCLT_1.16.0/GNU-tools-for-STM32/bin/../lib/gcc/arm-none-eabi/12.3.1/thumb/v7e-m/nofp/crtn.o
OUTPUT(HW2.elf elf32-littlearm)
LOAD linker stubs
LOAD D:/STM32CubeCLT/STM32CubeCLT_1.16.0/GNU-tools-for-STM32/bin/../lib/gcc/arm-none-eabi/12.3.1/../../../../arm-none-eabi/lib/thumb/v7e-m/nofp\libc.a
LOAD D:/STM32CubeCLT/STM32CubeCLT_1.16.0/GNU-tools-for-STM32/bin/../lib/gcc/arm-none-eabi/12.3.1/../../../../arm-none-eabi/lib/thumb/v7e-m/nofp\libm.a
LOAD D:/STM32CubeCLT/STM32CubeCLT_1.16.0/GNU-tools-for-STM32/bin/../lib/gcc/arm-none-eabi/12.3.1/thumb/v7e-m/nofp\libgcc.a

.debug_info     0x00000000     0xda25
 .debug_info    0x00000000     0x2649 CMakeFiles/HW2.elf.dir/Core/Src/RC.cpp.obj
 .debug_info    0x00002649      0x553 CMakeFiles/HW2.elf.dir/Core/Src/dma.c.obj
 .debug_info    0x00002b9c      0x264 CMakeFiles/HW2.elf.dir/Core/Src/gpio.c.obj
 .debug_info    0x00002e00      0x56e CMakeFiles/HW2.elf.dir/Core/Src/main.c.obj
 .debug_info    0x0000336e     0x10e6 CMakeFiles/HW2.elf.dir/Core/Src/main.cpp.obj
 .debug_info    0x00004454      0x27d CMakeFiles/HW2.elf.dir/Core/Src/stm32f4xx_hal_msp.c.obj
 .debug_info    0x000046d1      0x3e7 CMakeFiles/HW2.elf.dir/Core/Src/stm32f4xx_it.c.obj
 .debug_info    0x00004ab8      0x34c CMakeFiles/HW2.elf.dir/Core/Src/system_stm32f4xx.c.obj
 .debug_info    0x00004e04      0xa37 CMakeFiles/HW2.elf.dir/Core/Src/usart.c.obj
 .debug_info    0x0000583b       0x30 CMakeFiles/HW2.elf.dir/Core/Startup/startup_stm32f427iihx.s.obj
 .debug_info    0x0000586b      0xa4c CMakeFiles/HW2.elf.dir/Drivers/STM32F4xx_HAL_Driver/Src/stm32f4xx_hal.c.obj
 .debug_info    0x000062b7      0xfe5 CMakeFiles/HW2.elf.dir/Drivers/STM32F4xx_HAL_Driver/Src/stm32f4xx_hal_cortex.c.obj
 .debug_info    0x0000729c      0xad9 CMakeFiles/HW2.elf.dir/Drivers/STM32F4xx_HAL_Driver/Src/stm32f4xx_hal_dma.c.obj
 .debug_info    0x00007d75      0x71c CMakeFiles/HW2.elf.dir/Drivers/STM32F4xx_HAL_Driver/Src/stm32f4xx_hal_gpio.c.obj
 .debug_info    0x00008491      0xa85 CMakeFiles/HW2.elf.dir/Drivers/STM32F4xx_HAL_Driver/Src/stm32f4xx_hal_rcc.c.obj
 .debug_info    0x00008f16     0x3fcf CMakeFiles/HW2.elf.dir/Drivers/STM32F4xx_HAL_Driver/Src/stm32f4xx_hal_uart.c.obj
 .debug_info    0x0000cee5       0xe0 D:/STM32CubeCLT/STM32CubeCLT_1.16.0/GNU-tools-for-STM32/bin/../lib/gcc/arm-none-eabi/12.3.1/../../../../arm-none-eabi/lib/thumb/v7e-m/nofp\libg.a(libc_a-memset.o)
 .debug_info    0x0000cfc5      0x10b D:/STM32CubeCLT/STM32CubeCLT_1.16.0/GNU-tools-for-STM32/bin/../lib/gcc/arm-none-eabi/12.3.1/../../../../arm-none-eabi/lib/thumb/v7e-m/nofp\libg.a(libc_a-init.o)
 .debug_info    0x0000d0d0      0x20a D:/STM32CubeCLT/STM32CubeCLT_1.16.0/GNU-tools-for-STM32/bin/../lib/gcc/arm-none-eabi/12.3.1/../../../../arm-none-eabi/lib/thumb/v7e-m/nofp\libg.a(libc_a-lock.o)
 .debug_info    0x0000d2da      0x2dd D:/STM32CubeCLT/STM32CubeCLT_1.16.0/GNU-tools-for-STM32/bin/../lib/gcc/arm-none-eabi/12.3.1/../../../../arm-none-eabi/lib/thumb/v7e-m/nofp\libg.a(libc_a-__call_atexit.o)
 .debug_info    0x0000d5b7      0x118 D:/STM32CubeCLT/STM32CubeCLT_1.16.0/GNU-tools-for-STM32/bin/../lib/gcc/arm-none-eabi/12.3.1/../../../../arm-none-eabi/lib/thumb/v7e-m/nofp\libg.a(libc_a-atexit.o)
 .debug_info    0x0000d6cf       0xf7 D:/STM32CubeCLT/STM32CubeCLT_1.16.0/GNU-tools-for-STM32/bin/../lib/gcc/arm-none-eabi/12.3.1/../../../../arm-none-eabi/lib/thumb/v7e-m/nofp\libg.a(libc_a-fini.o)
 .debug_info    0x0000d7c6      0x25f D:/STM32CubeCLT/STM32CubeCLT_1.16.0/GNU-tools-for-STM32/bin/../lib/gcc/arm-none-eabi/12.3.1/../../../../arm-none-eabi/lib/thumb/v7e-m/nofp\libg.a(libc_a-__atexit.o)

.debug_abbrev   0x00000000     0x299d
 .debug_abbrev  0x00000000      0x471 CMakeFiles/HW2.elf.dir/Core/Src/RC.cpp.obj
 .debug_abbrev  0x00000471      0x12b CMakeFiles/HW2.elf.dir/Core/Src/dma.c.obj
 .debug_abbrev  0x0000059c       0xc9 CMakeFiles/HW2.elf.dir/Core/Src/gpio.c.obj
 .debug_abbrev  0x00000665      0x1e8 CMakeFiles/HW2.elf.dir/Core/Src/main.c.obj
 .debug_abbrev  0x0000084d      0x377 CMakeFiles/HW2.elf.dir/Core/Src/main.cpp.obj
 .debug_abbrev  0x00000bc4       0xd6 CMakeFiles/HW2.elf.dir/Core/Src/stm32f4xx_hal_msp.c.obj
 .debug_abbrev  0x00000c9a      0x174 CMakeFiles/HW2.elf.dir/Core/Src/stm32f4xx_it.c.obj
 .debug_abbrev  0x00000e0e      0x120 CMakeFiles/HW2.elf.dir/Core/Src/system_stm32f4xx.c.obj
 .debug_abbrev  0x00000f2e      0x224 CMakeFiles/HW2.elf.dir/Core/Src/usart.c.obj
 .debug_abbrev  0x00001152       0x24 CMakeFiles/HW2.elf.dir/Core/Startup/startup_stm32f427iihx.s.obj
 .debug_abbrev  0x00001176      0x240 CMakeFiles/HW2.elf.dir/Drivers/STM32F4xx_HAL_Driver/Src/stm32f4xx_hal.c.obj
 .debug_abbrev  0x000013b6      0x391 CMakeFiles/HW2.elf.dir/Drivers/STM32F4xx_HAL_Driver/Src/stm32f4xx_hal_cortex.c.obj
 .debug_abbrev  0x00001747      0x2c0 CMakeFiles/HW2.elf.dir/Drivers/STM32F4xx_HAL_Driver/Src/stm32f4xx_hal_dma.c.obj
 .debug_abbrev  0x00001a07      0x202 CMakeFiles/HW2.elf.dir/Drivers/STM32F4xx_HAL_Driver/Src/stm32f4xx_hal_gpio.c.obj
 .debug_abbrev  0x00001c09      0x2c7 CMakeFiles/HW2.elf.dir/Drivers/STM32F4xx_HAL_Driver/Src/stm32f4xx_hal_rcc.c.obj
 .debug_abbrev  0x00001ed0      0x32f CMakeFiles/HW2.elf.dir/Drivers/STM32F4xx_HAL_Driver/Src/stm32f4xx_hal_uart.c.obj
 .debug_abbrev  0x000021ff       0x9e D:/STM32CubeCLT/STM32CubeCLT_1.16.0/GNU-tools-for-STM32/bin/../lib/gcc/arm-none-eabi/12.3.1/../../../../arm-none-eabi/lib/thumb/v7e-m/nofp\libg.a(libc_a-memset.o)
 .debug_abbrev  0x0000229d       0xc9 D:/STM32CubeCLT/STM32CubeCLT_1.16.0/GNU-tools-for-STM32/bin/../lib/gcc/arm-none-eabi/12.3.1/../../../../arm-none-eabi/lib/thumb/v7e-m/nofp\libg.a(libc_a-init.o)
 .debug_abbrev  0x00002366      0x115 D:/STM32CubeCLT/STM32CubeCLT_1.16.0/GNU-tools-for-STM32/bin/../lib/gcc/arm-none-eabi/12.3.1/../../../../arm-none-eabi/lib/thumb/v7e-m/nofp\libg.a(libc_a-lock.o)
 .debug_abbrev  0x0000247b      0x20c D:/STM32CubeCLT/STM32CubeCLT_1.16.0/GNU-tools-for-STM32/bin/../lib/gcc/arm-none-eabi/12.3.1/../../../../arm-none-eabi/lib/thumb/v7e-m/nofp\libg.a(libc_a-__call_atexit.o)
 .debug_abbrev  0x00002687       0xc1 D:/STM32CubeCLT/STM32CubeCLT_1.16.0/GNU-tools-for-STM32/bin/../lib/gcc/arm-none-eabi/12.3.1/../../../../arm-none-eabi/lib/thumb/v7e-m/nofp\libg.a(libc_a-atexit.o)
 .debug_abbrev  0x00002748       0xcc D:/STM32CubeCLT/STM32CubeCLT_1.16.0/GNU-tools-for-STM32/bin/../lib/gcc/arm-none-eabi/12.3.1/../../../../arm-none-eabi/lib/thumb/v7e-m/nofp\libg.a(libc_a-fini.o)
 .debug_abbrev  0x00002814      0x189 D:/STM32CubeCLT/STM32CubeCLT_1.16.0/GNU-tools-for-STM32/bin/../lib/gcc/arm-none-eabi/12.3.1/../../../../arm-none-eabi/lib/thumb/v7e-m/nofp\libg.a(libc_a-__atexit.o)

.debug_loclists
                0x00000000     0x4576
 .debug_loclists
                0x00000000      0x425 CMakeFiles/HW2.elf.dir/Core/Src/RC.cpp.obj
 .debug_loclists
                0x00000425       0x5c CMakeFiles/HW2.elf.dir/Core/Src/main.cpp.obj
 .debug_loclists
                0x00000481       0xdb CMakeFiles/HW2.elf.dir/Core/Src/system_stm32f4xx.c.obj
 .debug_loclists
                0x0000055c       0x50 CMakeFiles/HW2.elf.dir/Core/Src/usart.c.obj
 .debug_loclists
                0x000005ac       0xc9 CMakeFiles/HW2.elf.dir/Drivers/STM32F4xx_HAL_Driver/Src/stm32f4xx_hal.c.obj
 .debug_loclists
                0x00000675      0x439 CMakeFiles/HW2.elf.dir/Drivers/STM32F4xx_HAL_Driver/Src/stm32f4xx_hal_cortex.c.obj
 .debug_loclists
                0x00000aae      0x763 CMakeFiles/HW2.elf.dir/Drivers/STM32F4xx_HAL_Driver/Src/stm32f4xx_hal_dma.c.obj
 .debug_loclists
                0x00001211      0x356 CMakeFiles/HW2.elf.dir/Drivers/STM32F4xx_HAL_Driver/Src/stm32f4xx_hal_gpio.c.obj
 .debug_loclists
                0x00001567      0x3a9 CMakeFiles/HW2.elf.dir/Drivers/STM32F4xx_HAL_Driver/Src/stm32f4xx_hal_rcc.c.obj
 .debug_loclists
                0x00001910     0x29f1 CMakeFiles/HW2.elf.dir/Drivers/STM32F4xx_HAL_Driver/Src/stm32f4xx_hal_uart.c.obj
 .debug_loclists
                0x00004301       0x47 D:/STM32CubeCLT/STM32CubeCLT_1.16.0/GNU-tools-for-STM32/bin/../lib/gcc/arm-none-eabi/12.3.1/../../../../arm-none-eabi/lib/thumb/v7e-m/nofp\libg.a(libc_a-memset.o)
 .debug_loclists
                0x00004348       0x44 D:/STM32CubeCLT/STM32CubeCLT_1.16.0/GNU-tools-for-STM32/bin/../lib/gcc/arm-none-eabi/12.3.1/../../../../arm-none-eabi/lib/thumb/v7e-m/nofp\libg.a(libc_a-init.o)
 .debug_loclists
                0x0000438c       0x23 D:/STM32CubeCLT/STM32CubeCLT_1.16.0/GNU-tools-for-STM32/bin/../lib/gcc/arm-none-eabi/12.3.1/../../../../arm-none-eabi/lib/thumb/v7e-m/nofp\libg.a(libc_a-lock.o)
 .debug_loclists
                0x000043af       0xd4 D:/STM32CubeCLT/STM32CubeCLT_1.16.0/GNU-tools-for-STM32/bin/../lib/gcc/arm-none-eabi/12.3.1/../../../../arm-none-eabi/lib/thumb/v7e-m/nofp\libg.a(libc_a-__call_atexit.o)
 .debug_loclists
                0x00004483       0x2a D:/STM32CubeCLT/STM32CubeCLT_1.16.0/GNU-tools-for-STM32/bin/../lib/gcc/arm-none-eabi/12.3.1/../../../../arm-none-eabi/lib/thumb/v7e-m/nofp\libg.a(libc_a-atexit.o)
 .debug_loclists
                0x000044ad       0x3b D:/STM32CubeCLT/STM32CubeCLT_1.16.0/GNU-tools-for-STM32/bin/../lib/gcc/arm-none-eabi/12.3.1/../../../../arm-none-eabi/lib/thumb/v7e-m/nofp\libg.a(libc_a-fini.o)
 .debug_loclists
                0x000044e8       0x8e D:/STM32CubeCLT/STM32CubeCLT_1.16.0/GNU-tools-for-STM32/bin/../lib/gcc/arm-none-eabi/12.3.1/../../../../arm-none-eabi/lib/thumb/v7e-m/nofp\libg.a(libc_a-__atexit.o)

.debug_aranges  0x00000000      0x930
 .debug_aranges
                0x00000000       0xd0 CMakeFiles/HW2.elf.dir/Core/Src/RC.cpp.obj
 .debug_aranges
                0x000000d0       0x20 CMakeFiles/HW2.elf.dir/Core/Src/dma.c.obj
 .debug_aranges
                0x000000f0       0x20 CMakeFiles/HW2.elf.dir/Core/Src/gpio.c.obj
 .debug_aranges
                0x00000110       0x30 CMakeFiles/HW2.elf.dir/Core/Src/main.c.obj
 .debug_aranges
                0x00000140       0x40 CMakeFiles/HW2.elf.dir/Core/Src/main.cpp.obj
 .debug_aranges
                0x00000180       0x20 CMakeFiles/HW2.elf.dir/Core/Src/stm32f4xx_hal_msp.c.obj
 .debug_aranges
                0x000001a0       0x70 CMakeFiles/HW2.elf.dir/Core/Src/stm32f4xx_it.c.obj
 .debug_aranges
                0x00000210       0x28 CMakeFiles/HW2.elf.dir/Core/Src/system_stm32f4xx.c.obj
 .debug_aranges
                0x00000238       0x30 CMakeFiles/HW2.elf.dir/Core/Src/usart.c.obj
 .debug_aranges
                0x00000268       0x28 CMakeFiles/HW2.elf.dir/Core/Startup/startup_stm32f427iihx.s.obj
 .debug_aranges
                0x00000290      0x100 CMakeFiles/HW2.elf.dir/Drivers/STM32F4xx_HAL_Driver/Src/stm32f4xx_hal.c.obj
 .debug_aranges
                0x00000390       0xf8 CMakeFiles/HW2.elf.dir/Drivers/STM32F4xx_HAL_Driver/Src/stm32f4xx_hal_cortex.c.obj
 .debug_aranges
                0x00000488       0x90 CMakeFiles/HW2.elf.dir/Drivers/STM32F4xx_HAL_Driver/Src/stm32f4xx_hal_dma.c.obj
 .debug_aranges
                0x00000518       0x58 CMakeFiles/HW2.elf.dir/Drivers/STM32F4xx_HAL_Driver/Src/stm32f4xx_hal_gpio.c.obj
 .debug_aranges
                0x00000570       0x88 CMakeFiles/HW2.elf.dir/Drivers/STM32F4xx_HAL_Driver/Src/stm32f4xx_hal_rcc.c.obj
 .debug_aranges
                0x000005f8      0x208 CMakeFiles/HW2.elf.dir/Drivers/STM32F4xx_HAL_Driver/Src/stm32f4xx_hal_uart.c.obj
 .debug_aranges
                0x00000800       0x20 D:/STM32CubeCLT/STM32CubeCLT_1.16.0/GNU-tools-for-STM32/bin/../lib/gcc/arm-none-eabi/12.3.1/../../../../arm-none-eabi/lib/thumb/v7e-m/nofp\libg.a(libc_a-memset.o)
 .debug_aranges
                0x00000820       0x20 D:/STM32CubeCLT/STM32CubeCLT_1.16.0/GNU-tools-for-STM32/bin/../lib/gcc/arm-none-eabi/12.3.1/../../../../arm-none-eabi/lib/thumb/v7e-m/nofp\libg.a(libc_a-init.o)
 .debug_aranges
                0x00000840       0x68 D:/STM32CubeCLT/STM32CubeCLT_1.16.0/GNU-tools-for-STM32/bin/../lib/gcc/arm-none-eabi/12.3.1/../../../../arm-none-eabi/lib/thumb/v7e-m/nofp\libg.a(libc_a-lock.o)
 .debug_aranges
                0x000008a8       0x28 D:/STM32CubeCLT/STM32CubeCLT_1.16.0/GNU-tools-for-STM32/bin/../lib/gcc/arm-none-eabi/12.3.1/../../../../arm-none-eabi/lib/thumb/v7e-m/nofp\libg.a(libc_a-__call_atexit.o)
 .debug_aranges
                0x000008d0       0x20 D:/STM32CubeCLT/STM32CubeCLT_1.16.0/GNU-tools-for-STM32/bin/../lib/gcc/arm-none-eabi/12.3.1/../../../../arm-none-eabi/lib/thumb/v7e-m/nofp\libg.a(libc_a-atexit.o)
 .debug_aranges
                0x000008f0       0x20 D:/STM32CubeCLT/STM32CubeCLT_1.16.0/GNU-tools-for-STM32/bin/../lib/gcc/arm-none-eabi/12.3.1/../../../../arm-none-eabi/lib/thumb/v7e-m/nofp\libg.a(libc_a-fini.o)
 .debug_aranges
                0x00000910       0x20 D:/STM32CubeCLT/STM32CubeCLT_1.16.0/GNU-tools-for-STM32/bin/../lib/gcc/arm-none-eabi/12.3.1/../../../../arm-none-eabi/lib/thumb/v7e-m/nofp\libg.a(libc_a-__atexit.o)

.debug_rnglists
                0x00000000      0x6c3
 .debug_rnglists
                0x00000000       0x98 CMakeFiles/HW2.elf.dir/Core/Src/RC.cpp.obj
 .debug_rnglists
                0x00000098       0x13 CMakeFiles/HW2.elf.dir/Core/Src/dma.c.obj
 .debug_rnglists
                0x000000ab       0x13 CMakeFiles/HW2.elf.dir/Core/Src/gpio.c.obj
 .debug_rnglists
                0x000000be       0x20 CMakeFiles/HW2.elf.dir/Core/Src/main.c.obj
 .debug_rnglists
                0x000000de       0x2c CMakeFiles/HW2.elf.dir/Core/Src/main.cpp.obj
 .debug_rnglists
                0x0000010a       0x13 CMakeFiles/HW2.elf.dir/Core/Src/stm32f4xx_hal_msp.c.obj
 .debug_rnglists
                0x0000011d       0x4f CMakeFiles/HW2.elf.dir/Core/Src/stm32f4xx_it.c.obj
 .debug_rnglists
                0x0000016c       0x1a CMakeFiles/HW2.elf.dir/Core/Src/system_stm32f4xx.c.obj
 .debug_rnglists
                0x00000186       0x20 CMakeFiles/HW2.elf.dir/Core/Src/usart.c.obj
 .debug_rnglists
                0x000001a6       0x19 CMakeFiles/HW2.elf.dir/Core/Startup/startup_stm32f427iihx.s.obj
 .debug_rnglists
                0x000001bf       0xbb CMakeFiles/HW2.elf.dir/Drivers/STM32F4xx_HAL_Driver/Src/stm32f4xx_hal.c.obj
 .debug_rnglists
                0x0000027a       0xb5 CMakeFiles/HW2.elf.dir/Drivers/STM32F4xx_HAL_Driver/Src/stm32f4xx_hal_cortex.c.obj
 .debug_rnglists
                0x0000032f       0x6c CMakeFiles/HW2.elf.dir/Drivers/STM32F4xx_HAL_Driver/Src/stm32f4xx_hal_dma.c.obj
 .debug_rnglists
                0x0000039b       0x3f CMakeFiles/HW2.elf.dir/Drivers/STM32F4xx_HAL_Driver/Src/stm32f4xx_hal_gpio.c.obj
 .debug_rnglists
                0x000003da       0x75 CMakeFiles/HW2.elf.dir/Drivers/STM32F4xx_HAL_Driver/Src/stm32f4xx_hal_rcc.c.obj
 .debug_rnglists
                0x0000044f      0x1a1 CMakeFiles/HW2.elf.dir/Drivers/STM32F4xx_HAL_Driver/Src/stm32f4xx_hal_uart.c.obj
 .debug_rnglists
                0x000005f0       0x13 D:/STM32CubeCLT/STM32CubeCLT_1.16.0/GNU-tools-for-STM32/bin/../lib/gcc/arm-none-eabi/12.3.1/../../../../arm-none-eabi/lib/thumb/v7e-m/nofp\libg.a(libc_a-memset.o)
 .debug_rnglists
                0x00000603       0x13 D:/STM32CubeCLT/STM32CubeCLT_1.16.0/GNU-tools-for-STM32/bin/../lib/gcc/arm-none-eabi/12.3.1/../../../../arm-none-eabi/lib/thumb/v7e-m/nofp\libg.a(libc_a-init.o)
 .debug_rnglists
                0x00000616       0x49 D:/STM32CubeCLT/STM32CubeCLT_1.16.0/GNU-tools-for-STM32/bin/../lib/gcc/arm-none-eabi/12.3.1/../../../../arm-none-eabi/lib/thumb/v7e-m/nofp\libg.a(libc_a-lock.o)
 .debug_rnglists
                0x0000065f       0x2a D:/STM32CubeCLT/STM32CubeCLT_1.16.0/GNU-tools-for-STM32/bin/../lib/gcc/arm-none-eabi/12.3.1/../../../../arm-none-eabi/lib/thumb/v7e-m/nofp\libg.a(libc_a-__call_atexit.o)
 .debug_rnglists
                0x00000689       0x13 D:/STM32CubeCLT/STM32CubeCLT_1.16.0/GNU-tools-for-STM32/bin/../lib/gcc/arm-none-eabi/12.3.1/../../../../arm-none-eabi/lib/thumb/v7e-m/nofp\libg.a(libc_a-atexit.o)
 .debug_rnglists
                0x0000069c       0x13 D:/STM32CubeCLT/STM32CubeCLT_1.16.0/GNU-tools-for-STM32/bin/../lib/gcc/arm-none-eabi/12.3.1/../../../../arm-none-eabi/lib/thumb/v7e-m/nofp\libg.a(libc_a-fini.o)
 .debug_rnglists
                0x000006af       0x14 D:/STM32CubeCLT/STM32CubeCLT_1.16.0/GNU-tools-for-STM32/bin/../lib/gcc/arm-none-eabi/12.3.1/../../../../arm-none-eabi/lib/thumb/v7e-m/nofp\libg.a(libc_a-__atexit.o)

.debug_line     0x00000000     0xa43d
 .debug_line    0x00000000      0xaaa CMakeFiles/HW2.elf.dir/Core/Src/RC.cpp.obj
 .debug_line    0x00000aaa      0x22b CMakeFiles/HW2.elf.dir/Core/Src/dma.c.obj
 .debug_line    0x00000cd5      0x1d9 CMakeFiles/HW2.elf.dir/Core/Src/gpio.c.obj
 .debug_line    0x00000eae      0x3c7 CMakeFiles/HW2.elf.dir/Core/Src/main.c.obj
 .debug_line    0x00001275      0x485 CMakeFiles/HW2.elf.dir/Core/Src/main.cpp.obj
 .debug_line    0x000016fa      0x1ed CMakeFiles/HW2.elf.dir/Core/Src/stm32f4xx_hal_msp.c.obj
 .debug_line    0x000018e7      0x379 CMakeFiles/HW2.elf.dir/Core/Src/stm32f4xx_it.c.obj
 .debug_line    0x00001c60      0x2b5 CMakeFiles/HW2.elf.dir/Core/Src/system_stm32f4xx.c.obj
 .debug_line    0x00001f15      0x447 CMakeFiles/HW2.elf.dir/Core/Src/usart.c.obj
 .debug_line    0x0000235c       0x7a CMakeFiles/HW2.elf.dir/Core/Startup/startup_stm32f427iihx.s.obj
 .debug_line    0x000023d6      0x65d CMakeFiles/HW2.elf.dir/Drivers/STM32F4xx_HAL_Driver/Src/stm32f4xx_hal.c.obj
 .debug_line    0x00002a33      0x912 CMakeFiles/HW2.elf.dir/Drivers/STM32F4xx_HAL_Driver/Src/stm32f4xx_hal_cortex.c.obj
 .debug_line    0x00003345      0xf05 CMakeFiles/HW2.elf.dir/Drivers/STM32F4xx_HAL_Driver/Src/stm32f4xx_hal_dma.c.obj
 .debug_line    0x0000424a      0x77d CMakeFiles/HW2.elf.dir/Drivers/STM32F4xx_HAL_Driver/Src/stm32f4xx_hal_gpio.c.obj
 .debug_line    0x000049c7      0xbe6 CMakeFiles/HW2.elf.dir/Drivers/STM32F4xx_HAL_Driver/Src/stm32f4xx_hal_rcc.c.obj
 .debug_line    0x000055ad     0x437e CMakeFiles/HW2.elf.dir/Drivers/STM32F4xx_HAL_Driver/Src/stm32f4xx_hal_uart.c.obj
 .debug_line    0x0000992b      0x17e D:/STM32CubeCLT/STM32CubeCLT_1.16.0/GNU-tools-for-STM32/bin/../lib/gcc/arm-none-eabi/12.3.1/../../../../arm-none-eabi/lib/thumb/v7e-m/nofp\libg.a(libc_a-memset.o)
 .debug_line    0x00009aa9      0x188 D:/STM32CubeCLT/STM32CubeCLT_1.16.0/GNU-tools-for-STM32/bin/../lib/gcc/arm-none-eabi/12.3.1/../../../../arm-none-eabi/lib/thumb/v7e-m/nofp\libg.a(libc_a-init.o)
 .debug_line    0x00009c31      0x19b D:/STM32CubeCLT/STM32CubeCLT_1.16.0/GNU-tools-for-STM32/bin/../lib/gcc/arm-none-eabi/12.3.1/../../../../arm-none-eabi/lib/thumb/v7e-m/nofp\libg.a(libc_a-lock.o)
 .debug_line    0x00009dcc      0x28a D:/STM32CubeCLT/STM32CubeCLT_1.16.0/GNU-tools-for-STM32/bin/../lib/gcc/arm-none-eabi/12.3.1/../../../../arm-none-eabi/lib/thumb/v7e-m/nofp\libg.a(libc_a-__call_atexit.o)
 .debug_line    0x0000a056      0x102 D:/STM32CubeCLT/STM32CubeCLT_1.16.0/GNU-tools-for-STM32/bin/../lib/gcc/arm-none-eabi/12.3.1/../../../../arm-none-eabi/lib/thumb/v7e-m/nofp\libg.a(libc_a-atexit.o)
 .debug_line    0x0000a158      0x140 D:/STM32CubeCLT/STM32CubeCLT_1.16.0/GNU-tools-for-STM32/bin/../lib/gcc/arm-none-eabi/12.3.1/../../../../arm-none-eabi/lib/thumb/v7e-m/nofp\libg.a(libc_a-fini.o)
 .debug_line    0x0000a298      0x1a5 D:/STM32CubeCLT/STM32CubeCLT_1.16.0/GNU-tools-for-STM32/bin/../lib/gcc/arm-none-eabi/12.3.1/../../../../arm-none-eabi/lib/thumb/v7e-m/nofp\libg.a(libc_a-__atexit.o)

.debug_str      0x00000000     0x39d8
 .debug_str     0x00000000     0x10c1 CMakeFiles/HW2.elf.dir/Core/Src/RC.cpp.obj
                               0x12b5 (size before relaxing)
 .debug_str     0x000010c1      0x75c CMakeFiles/HW2.elf.dir/Core/Src/dma.c.obj
                                0x837 (size before relaxing)
 .debug_str     0x0000181d       0x31 CMakeFiles/HW2.elf.dir/Core/Src/gpio.c.obj
                                0x2cc (size before relaxing)
 .debug_str     0x0000184e      0x181 CMakeFiles/HW2.elf.dir/Core/Src/main.c.obj
                                0x4cb (size before relaxing)
 .debug_str     0x000019cf      0x1e6 CMakeFiles/HW2.elf.dir/Core/Src/main.cpp.obj
                               0x1089 (size before relaxing)
 .debug_str     0x00001bb5       0x3d CMakeFiles/HW2.elf.dir/Core/Src/stm32f4xx_hal_msp.c.obj
                                0x2d8 (size before relaxing)
 .debug_str     0x00001bf2      0x11a CMakeFiles/HW2.elf.dir/Core/Src/stm32f4xx_it.c.obj
                                0x4fa (size before relaxing)
 .debug_str     0x00001d0c       0x98 CMakeFiles/HW2.elf.dir/Core/Src/system_stm32f4xx.c.obj
                                0x33e (size before relaxing)
 .debug_str     0x00001da4      0x104 CMakeFiles/HW2.elf.dir/Core/Src/usart.c.obj
                                0x88d (size before relaxing)
 .debug_str     0x00001ea8       0x55 CMakeFiles/HW2.elf.dir/Core/Startup/startup_stm32f427iihx.s.obj
                                 0x7b (size before relaxing)
 .debug_str     0x00001efd      0x328 CMakeFiles/HW2.elf.dir/Drivers/STM32F4xx_HAL_Driver/Src/stm32f4xx_hal.c.obj
                                0xc09 (size before relaxing)
 .debug_str     0x00002225      0x4d1 CMakeFiles/HW2.elf.dir/Drivers/STM32F4xx_HAL_Driver/Src/stm32f4xx_hal_cortex.c.obj
                                0xccc (size before relaxing)
 .debug_str     0x000026f6      0x2e7 CMakeFiles/HW2.elf.dir/Drivers/STM32F4xx_HAL_Driver/Src/stm32f4xx_hal_dma.c.obj
                                0x780 (size before relaxing)
 .debug_str     0x000029dd      0x167 CMakeFiles/HW2.elf.dir/Drivers/STM32F4xx_HAL_Driver/Src/stm32f4xx_hal_gpio.c.obj
                                0x4fd (size before relaxing)
 .debug_str     0x00002b44      0x1aa CMakeFiles/HW2.elf.dir/Drivers/STM32F4xx_HAL_Driver/Src/stm32f4xx_hal_rcc.c.obj
                                0x723 (size before relaxing)
 .debug_str     0x00002cee      0x600 CMakeFiles/HW2.elf.dir/Drivers/STM32F4xx_HAL_Driver/Src/stm32f4xx_hal_uart.c.obj
                                0xda5 (size before relaxing)
 .debug_str     0x000032ee      0x163 D:/STM32CubeCLT/STM32CubeCLT_1.16.0/GNU-tools-for-STM32/bin/../lib/gcc/arm-none-eabi/12.3.1/../../../../arm-none-eabi/lib/thumb/v7e-m/nofp\libg.a(libc_a-memset.o)
                                0x206 (size before relaxing)
 .debug_str     0x00003451       0xb6 D:/STM32CubeCLT/STM32CubeCLT_1.16.0/GNU-tools-for-STM32/bin/../lib/gcc/arm-none-eabi/12.3.1/../../../../arm-none-eabi/lib/thumb/v7e-m/nofp\libg.a(libc_a-init.o)
                                0x267 (size before relaxing)
 .debug_str     0x00003507      0x257 D:/STM32CubeCLT/STM32CubeCLT_1.16.0/GNU-tools-for-STM32/bin/../lib/gcc/arm-none-eabi/12.3.1/../../../../arm-none-eabi/lib/thumb/v7e-m/nofp\libg.a(libc_a-lock.o)
                                0x379 (size before relaxing)
 .debug_str     0x0000375e       0xf7 D:/STM32CubeCLT/STM32CubeCLT_1.16.0/GNU-tools-for-STM32/bin/../lib/gcc/arm-none-eabi/12.3.1/../../../../arm-none-eabi/lib/thumb/v7e-m/nofp\libg.a(libc_a-__call_atexit.o)
                                0x343 (size before relaxing)
 .debug_str     0x00003855       0x9e D:/STM32CubeCLT/STM32CubeCLT_1.16.0/GNU-tools-for-STM32/bin/../lib/gcc/arm-none-eabi/12.3.1/../../../../arm-none-eabi/lib/thumb/v7e-m/nofp\libg.a(libc_a-atexit.o)
                                0x243 (size before relaxing)
 .debug_str     0x000038f3       0x7a D:/STM32CubeCLT/STM32CubeCLT_1.16.0/GNU-tools-for-STM32/bin/../lib/gcc/arm-none-eabi/12.3.1/../../../../arm-none-eabi/lib/thumb/v7e-m/nofp\libg.a(libc_a-fini.o)
                                0x23d (size before relaxing)
 .debug_str     0x0000396d       0x6b D:/STM32CubeCLT/STM32CubeCLT_1.16.0/GNU-tools-for-STM32/bin/../lib/gcc/arm-none-eabi/12.3.1/../../../../arm-none-eabi/lib/thumb/v7e-m/nofp\libg.a(libc_a-__atexit.o)
                                0x31a (size before relaxing)

.comment        0x00000000       0x43
 .comment       0x00000000       0x43 CMakeFiles/HW2.elf.dir/Core/Src/RC.cpp.obj
                                 0x44 (size before relaxing)
 .comment       0x00000043       0x44 CMakeFiles/HW2.elf.dir/Core/Src/dma.c.obj
 .comment       0x00000043       0x44 CMakeFiles/HW2.elf.dir/Core/Src/gpio.c.obj
 .comment       0x00000043       0x44 CMakeFiles/HW2.elf.dir/Core/Src/main.c.obj
 .comment       0x00000043       0x44 CMakeFiles/HW2.elf.dir/Core/Src/main.cpp.obj
 .comment       0x00000043       0x44 CMakeFiles/HW2.elf.dir/Core/Src/stm32f4xx_hal_msp.c.obj
 .comment       0x00000043       0x44 CMakeFiles/HW2.elf.dir/Core/Src/stm32f4xx_it.c.obj
 .comment       0x00000043       0x44 CMakeFiles/HW2.elf.dir/Core/Src/system_stm32f4xx.c.obj
 .comment       0x00000043       0x44 CMakeFiles/HW2.elf.dir/Core/Src/usart.c.obj
 .comment       0x00000043       0x44 CMakeFiles/HW2.elf.dir/Drivers/STM32F4xx_HAL_Driver/Src/stm32f4xx_hal.c.obj
 .comment       0x00000043       0x44 CMakeFiles/HW2.elf.dir/Drivers/STM32F4xx_HAL_Driver/Src/stm32f4xx_hal_cortex.c.obj
 .comment       0x00000043       0x44 CMakeFiles/HW2.elf.dir/Drivers/STM32F4xx_HAL_Driver/Src/stm32f4xx_hal_dma.c.obj
 .comment       0x00000043       0x44 CMakeFiles/HW2.elf.dir/Drivers/STM32F4xx_HAL_Driver/Src/stm32f4xx_hal_gpio.c.obj
 .comment       0x00000043       0x44 CMakeFiles/HW2.elf.dir/Drivers/STM32F4xx_HAL_Driver/Src/stm32f4xx_hal_rcc.c.obj
 .comment       0x00000043       0x44 CMakeFiles/HW2.elf.dir/Drivers/STM32F4xx_HAL_Driver/Src/stm32f4xx_hal_uart.c.obj
 .comment       0x00000043       0x44 D:/STM32CubeCLT/STM32CubeCLT_1.16.0/GNU-tools-for-STM32/bin/../lib/gcc/arm-none-eabi/12.3.1/../../../../arm-none-eabi/lib/thumb/v7e-m/nofp\libg.a(libc_a-memset.o)
 .comment       0x00000043       0x44 D:/STM32CubeCLT/STM32CubeCLT_1.16.0/GNU-tools-for-STM32/bin/../lib/gcc/arm-none-eabi/12.3.1/../../../../arm-none-eabi/lib/thumb/v7e-m/nofp\libg.a(libc_a-init.o)
 .comment       0x00000043       0x44 D:/STM32CubeCLT/STM32CubeCLT_1.16.0/GNU-tools-for-STM32/bin/../lib/gcc/arm-none-eabi/12.3.1/../../../../arm-none-eabi/lib/thumb/v7e-m/nofp\libg.a(libc_a-lock.o)
 .comment       0x00000043       0x44 D:/STM32CubeCLT/STM32CubeCLT_1.16.0/GNU-tools-for-STM32/bin/../lib/gcc/arm-none-eabi/12.3.1/../../../../arm-none-eabi/lib/thumb/v7e-m/nofp\libg.a(libc_a-__call_atexit.o)
 .comment       0x00000043       0x44 D:/STM32CubeCLT/STM32CubeCLT_1.16.0/GNU-tools-for-STM32/bin/../lib/gcc/arm-none-eabi/12.3.1/../../../../arm-none-eabi/lib/thumb/v7e-m/nofp\libg.a(libc_a-atexit.o)
 .comment       0x00000043       0x44 D:/STM32CubeCLT/STM32CubeCLT_1.16.0/GNU-tools-for-STM32/bin/../lib/gcc/arm-none-eabi/12.3.1/../../../../arm-none-eabi/lib/thumb/v7e-m/nofp\libg.a(libc_a-fini.o)
 .comment       0x00000043       0x44 D:/STM32CubeCLT/STM32CubeCLT_1.16.0/GNU-tools-for-STM32/bin/../lib/gcc/arm-none-eabi/12.3.1/../../../../arm-none-eabi/lib/thumb/v7e-m/nofp\libg.a(libc_a-__atexit.o)

.debug_frame    0x00000000     0x151c
 .debug_frame   0x00000000      0x248 CMakeFiles/HW2.elf.dir/Core/Src/RC.cpp.obj
 .debug_frame   0x00000248       0x30 CMakeFiles/HW2.elf.dir/Core/Src/dma.c.obj
 .debug_frame   0x00000278       0x28 CMakeFiles/HW2.elf.dir/Core/Src/gpio.c.obj
 .debug_frame   0x000002a0       0x58 CMakeFiles/HW2.elf.dir/Core/Src/main.c.obj
 .debug_frame   0x000002f8       0x8c CMakeFiles/HW2.elf.dir/Core/Src/main.cpp.obj
 .debug_frame   0x00000384       0x28 CMakeFiles/HW2.elf.dir/Core/Src/stm32f4xx_hal_msp.c.obj
 .debug_frame   0x000003ac       0xd8 CMakeFiles/HW2.elf.dir/Core/Src/stm32f4xx_it.c.obj
 .debug_frame   0x00000484       0x30 CMakeFiles/HW2.elf.dir/Core/Src/system_stm32f4xx.c.obj
 .debug_frame   0x000004b4       0x64 CMakeFiles/HW2.elf.dir/Core/Src/usart.c.obj
 .debug_frame   0x00000518      0x20c CMakeFiles/HW2.elf.dir/Drivers/STM32F4xx_HAL_Driver/Src/stm32f4xx_hal.c.obj
 .debug_frame   0x00000724      0x214 CMakeFiles/HW2.elf.dir/Drivers/STM32F4xx_HAL_Driver/Src/stm32f4xx_hal_cortex.c.obj
 .debug_frame   0x00000938      0x188 CMakeFiles/HW2.elf.dir/Drivers/STM32F4xx_HAL_Driver/Src/stm32f4xx_hal_dma.c.obj
 .debug_frame   0x00000ac0       0xd4 CMakeFiles/HW2.elf.dir/Drivers/STM32F4xx_HAL_Driver/Src/stm32f4xx_hal_gpio.c.obj
 .debug_frame   0x00000b94      0x16c CMakeFiles/HW2.elf.dir/Drivers/STM32F4xx_HAL_Driver/Src/stm32f4xx_hal_rcc.c.obj
 .debug_frame   0x00000d00      0x5dc CMakeFiles/HW2.elf.dir/Drivers/STM32F4xx_HAL_Driver/Src/stm32f4xx_hal_uart.c.obj
 .debug_frame   0x000012dc       0x2c D:/STM32CubeCLT/STM32CubeCLT_1.16.0/GNU-tools-for-STM32/bin/../lib/gcc/arm-none-eabi/12.3.1/thumb/v7e-m/nofp\libgcc.a(_aeabi_uldivmod.o)
 .debug_frame   0x00001308       0x34 D:/STM32CubeCLT/STM32CubeCLT_1.16.0/GNU-tools-for-STM32/bin/../lib/gcc/arm-none-eabi/12.3.1/thumb/v7e-m/nofp\libgcc.a(_udivmoddi4.o)
 .debug_frame   0x0000133c       0x20 D:/STM32CubeCLT/STM32CubeCLT_1.16.0/GNU-tools-for-STM32/bin/../lib/gcc/arm-none-eabi/12.3.1/../../../../arm-none-eabi/lib/thumb/v7e-m/nofp\libg.a(libc_a-memset.o)
 .debug_frame   0x0000135c       0x2c D:/STM32CubeCLT/STM32CubeCLT_1.16.0/GNU-tools-for-STM32/bin/../lib/gcc/arm-none-eabi/12.3.1/../../../../arm-none-eabi/lib/thumb/v7e-m/nofp\libg.a(libc_a-init.o)
 .debug_frame   0x00001388       0xb0 D:/STM32CubeCLT/STM32CubeCLT_1.16.0/GNU-tools-for-STM32/bin/../lib/gcc/arm-none-eabi/12.3.1/../../../../arm-none-eabi/lib/thumb/v7e-m/nofp\libg.a(libc_a-lock.o)
 .debug_frame   0x00001438       0x58 D:/STM32CubeCLT/STM32CubeCLT_1.16.0/GNU-tools-for-STM32/bin/../lib/gcc/arm-none-eabi/12.3.1/../../../../arm-none-eabi/lib/thumb/v7e-m/nofp\libg.a(libc_a-__call_atexit.o)
 .debug_frame   0x00001490       0x20 D:/STM32CubeCLT/STM32CubeCLT_1.16.0/GNU-tools-for-STM32/bin/../lib/gcc/arm-none-eabi/12.3.1/../../../../arm-none-eabi/lib/thumb/v7e-m/nofp\libg.a(libc_a-atexit.o)
 .debug_frame   0x000014b0       0x38 D:/STM32CubeCLT/STM32CubeCLT_1.16.0/GNU-tools-for-STM32/bin/../lib/gcc/arm-none-eabi/12.3.1/../../../../arm-none-eabi/lib/thumb/v7e-m/nofp\libg.a(libc_a-fini.o)
 .debug_frame   0x000014e8       0x34 D:/STM32CubeCLT/STM32CubeCLT_1.16.0/GNU-tools-for-STM32/bin/../lib/gcc/arm-none-eabi/12.3.1/../../../../arm-none-eabi/lib/thumb/v7e-m/nofp\libg.a(libc_a-__atexit.o)

.debug_line_str
                0x00000000       0x5f
 .debug_line_str
                0x00000000       0x5f CMakeFiles/HW2.elf.dir/Core/Startup/startup_stm32f427iihx.s.obj
